=== AETHER dbt-oracle — 69 block(s) ===
    reference engine: hand-written ARM64 interpreter (independent of DBT)

[SKIP  ] bb_app_process64_10000_c0    reference: unsupported insn 0xd503249f
[SKIP  ] bb_app_process64_10000_c1    reference: unsupported insn 0xd503249f
[SKIP  ] bb_app_process64_10000_c2    reference: unsupported insn 0xd503249f
[PASS  ] bb_app_process64_1014c_c0    (221 bytes x86)
[PASS  ] bb_app_process64_1014c_c1    (221 bytes x86)
[PASS  ] bb_app_process64_1014c_c2    (221 bytes x86)
[PASS  ] bb_app_process64_1017c_c0    (122 bytes x86)
[PASS  ] bb_app_process64_1017c_c1    (122 bytes x86)
[PASS  ] bb_app_process64_1017c_c2    (122 bytes x86)
[PASS  ] bb_app_process64_101cc_c0    (170 bytes x86)
[PASS  ] bb_app_process64_101cc_c1    (170 bytes x86)
[PASS  ] bb_app_process64_101cc_c2    (170 bytes x86)
[PASS  ] bb_app_process64_101e0_c0    (158 bytes x86)
[PASS  ] bb_app_process64_101e0_c1    (158 bytes x86)
[PASS  ] bb_app_process64_101e0_c2    (158 bytes x86)
[PASS  ] bb_app_process64_101f4_c0    (86 bytes x86)
[PASS  ] bb_app_process64_101f4_c1    (86 bytes x86)
[PASS  ] bb_app_process64_101f4_c2    (86 bytes x86)
[PASS  ] bb_app_process64_10278_c0    (160 bytes x86)
[PASS  ] bb_app_process64_10278_c1    (160 bytes x86)
[PASS  ] bb_app_process64_10278_c2    (160 bytes x86)
[PASS  ] bb_app_process64_102b8_c0    (210 bytes x86)
[PASS  ] bb_app_process64_102b8_c1    (210 bytes x86)
[PASS  ] bb_app_process64_102b8_c2    (210 bytes x86)
[SKIP  ] bb_app_process64_10328_c0    reference: unsupported insn 0xd503201f
[SKIP  ] bb_app_process64_10328_c1    reference: unsupported insn 0xd503201f
[SKIP  ] bb_app_process64_10328_c2    reference: unsupported insn 0xd503201f
[PASS  ] bb_app_process64_10340_c0    (136 bytes x86)
[PASS  ] bb_app_process64_10340_c1    (136 bytes x86)
[PASS  ] bb_app_process64_10340_c2    (136 bytes x86)
[PASS  ] bb_app_process64_103a8_c0    (94 bytes x86)
[PASS  ] bb_app_process64_103a8_c1    (94 bytes x86)
[PASS  ] bb_app_process64_103a8_c2    (94 bytes x86)
[PASS  ] bb_app_process64_103ec_c0    (90 bytes x86)
[PASS  ] bb_app_process64_103ec_c1    (90 bytes x86)
[PASS  ] bb_app_process64_103ec_c2    (90 bytes x86)
[PASS  ] bb_app_process64_1041c_c0    (168 bytes x86)
[PASS  ] bb_app_process64_1041c_c1    (168 bytes x86)
[PASS  ] bb_app_process64_1041c_c2    (168 bytes x86)
[PASS  ] bb_app_process64_10430_c0    (90 bytes x86)
[PASS  ] bb_app_process64_10430_c1    (90 bytes x86)
[PASS  ] bb_app_process64_10430_c2    (90 bytes x86)
[PASS  ] bb_app_process64_10444_c0    (84 bytes x86)
[PASS  ] bb_app_process64_10444_c1    (84 bytes x86)
[PASS  ] bb_app_process64_10444_c2    (84 bytes x86)
[PASS  ] bb_app_process64_10464_c0    (131 bytes x86)
[PASS  ] bb_app_process64_10464_c1    (131 bytes x86)
[PASS  ] bb_app_process64_10464_c2    (131 bytes x86)
[PASS  ] bb_app_process64_104f4_c0    (94 bytes x86)
[PASS  ] bb_app_process64_104f4_c1    (94 bytes x86)
[PASS  ] bb_app_process64_104f4_c2    (94 bytes x86)
[PASS  ] bb_app_process64_10500_c0    (94 bytes x86)
[PASS  ] bb_app_process64_10500_c1    (94 bytes x86)
[PASS  ] bb_app_process64_10500_c2    (94 bytes x86)
[PASS  ] bb_app_process64_1053c_c0    (94 bytes x86)
[PASS  ] bb_app_process64_1053c_c1    (94 bytes x86)
[PASS  ] bb_app_process64_1053c_c2    (94 bytes x86)
[PASS  ] bb_app_process64_10664_c0    (90 bytes x86)
[PASS  ] bb_app_process64_10664_c1    (90 bytes x86)
[PASS  ] bb_app_process64_10664_c2    (90 bytes x86)
[PASS  ] bb_app_process64_10c54_c0    (94 bytes x86)
[PASS  ] bb_app_process64_10c54_c1    (94 bytes x86)
[PASS  ] bb_app_process64_10c54_c2    (94 bytes x86)
[PASS  ] bb_app_process64_10c60_c0    (101 bytes x86)
[PASS  ] bb_app_process64_10c60_c1    (101 bytes x86)
[PASS  ] bb_app_process64_10c60_c2    (101 bytes x86)
[PASS  ] bb_app_process64_10cd0_c0    (183 bytes x86)
[PASS  ] bb_app_process64_10cd0_c1    (183 bytes x86)
[PASS  ] bb_app_process64_10cd0_c2    (183 bytes x86)

summary: 63 PASS, 0 FAIL, 6 SKIP, 0 DBTERR
