=== AETHER dbt-oracle — 900 block(s) ===
    reference engine: hand-written ARM64 interpreter (independent of DBT)

[PASS  ] bb_libandroid_runtime_e008c_c0 (184 bytes x86)
[PASS  ] bb_libandroid_runtime_e008c_c1 (184 bytes x86)
[PASS  ] bb_libandroid_runtime_e008c_c2 (184 bytes x86)
[PASS  ] bb_libandroid_runtime_e0114_c0 (77 bytes x86)
[PASS  ] bb_libandroid_runtime_e0114_c1 (77 bytes x86)
[PASS  ] bb_libandroid_runtime_e0114_c2 (77 bytes x86)
[PASS  ] bb_libandroid_runtime_e0120_c0 (124 bytes x86)
[PASS  ] bb_libandroid_runtime_e0120_c1 (124 bytes x86)
[PASS  ] bb_libandroid_runtime_e0120_c2 (124 bytes x86)
[PASS  ] bb_libandroid_runtime_e0174_c0 (91 bytes x86)
[PASS  ] bb_libandroid_runtime_e0174_c1 (91 bytes x86)
[PASS  ] bb_libandroid_runtime_e0174_c2 (91 bytes x86)
[PASS  ] bb_libandroid_runtime_e0230_c0 (80 bytes x86)
[PASS  ] bb_libandroid_runtime_e0230_c1 (80 bytes x86)
[PASS  ] bb_libandroid_runtime_e0230_c2 (80 bytes x86)
[PASS  ] bb_libandroid_runtime_e023c_c0 (85 bytes x86)
[PASS  ] bb_libandroid_runtime_e023c_c1 (85 bytes x86)
[PASS  ] bb_libandroid_runtime_e023c_c2 (85 bytes x86)
[PASS  ] bb_libandroid_runtime_e02ec_c0 (204 bytes x86)
[PASS  ] bb_libandroid_runtime_e02ec_c1 (204 bytes x86)
[PASS  ] bb_libandroid_runtime_e02ec_c2 (204 bytes x86)
[PASS  ] bb_libandroid_runtime_e0304_c0 (132 bytes x86)
[PASS  ] bb_libandroid_runtime_e0304_c1 (132 bytes x86)
[PASS  ] bb_libandroid_runtime_e0304_c2 (132 bytes x86)
[PASS  ] bb_libandroid_runtime_e03c8_c0 (217 bytes x86)
[PASS  ] bb_libandroid_runtime_e03c8_c1 (217 bytes x86)
[PASS  ] bb_libandroid_runtime_e03c8_c2 (217 bytes x86)
[PASS  ] bb_libandroid_runtime_e03e0_c0 (132 bytes x86)
[PASS  ] bb_libandroid_runtime_e03e0_c1 (132 bytes x86)
[PASS  ] bb_libandroid_runtime_e03e0_c2 (132 bytes x86)
[PASS  ] bb_libandroid_runtime_e0418_c0 (86 bytes x86)
[PASS  ] bb_libandroid_runtime_e0418_c1 (86 bytes x86)
[PASS  ] bb_libandroid_runtime_e0418_c2 (86 bytes x86)
[PASS  ] bb_libandroid_runtime_e04d8_c0 (82 bytes x86)
[PASS  ] bb_libandroid_runtime_e04d8_c1 (82 bytes x86)
[PASS  ] bb_libandroid_runtime_e04d8_c2 (82 bytes x86)
[PASS  ] bb_libandroid_runtime_e04e4_c0 (204 bytes x86)
[PASS  ] bb_libandroid_runtime_e04e4_c1 (204 bytes x86)
[PASS  ] bb_libandroid_runtime_e04e4_c2 (204 bytes x86)
[PASS  ] bb_libandroid_runtime_e04fc_c0 (123 bytes x86)
[PASS  ] bb_libandroid_runtime_e04fc_c1 (123 bytes x86)
[PASS  ] bb_libandroid_runtime_e04fc_c2 (123 bytes x86)
[PASS  ] bb_libandroid_runtime_e0530_c0 (86 bytes x86)
[PASS  ] bb_libandroid_runtime_e0530_c1 (86 bytes x86)
[PASS  ] bb_libandroid_runtime_e0530_c2 (86 bytes x86)
[PASS  ] bb_libandroid_runtime_e05d0_c0 (87 bytes x86)
[PASS  ] bb_libandroid_runtime_e05d0_c1 (87 bytes x86)
[PASS  ] bb_libandroid_runtime_e05d0_c2 (87 bytes x86)
[PASS  ] bb_libandroid_runtime_e05dc_c0 (129 bytes x86)
[PASS  ] bb_libandroid_runtime_e05dc_c1 (129 bytes x86)
[PASS  ] bb_libandroid_runtime_e05dc_c2 (129 bytes x86)
[PASS  ] bb_libandroid_runtime_e0814_c0 (148 bytes x86)
[PASS  ] bb_libandroid_runtime_e0814_c1 (148 bytes x86)
[PASS  ] bb_libandroid_runtime_e0814_c2 (148 bytes x86)
[PASS  ] bb_libandroid_runtime_e0820_c0 (172 bytes x86)
[PASS  ] bb_libandroid_runtime_e0820_c1 (172 bytes x86)
[PASS  ] bb_libandroid_runtime_e0820_c2 (172 bytes x86)
[PASS  ] bb_libandroid_runtime_e0894_c0 (97 bytes x86)
[PASS  ] bb_libandroid_runtime_e0894_c1 (97 bytes x86)
[PASS  ] bb_libandroid_runtime_e0894_c2 (97 bytes x86)
[PASS  ] bb_libandroid_runtime_e08f0_c0 (97 bytes x86)
[PASS  ] bb_libandroid_runtime_e08f0_c1 (97 bytes x86)
[PASS  ] bb_libandroid_runtime_e08f0_c2 (97 bytes x86)
[PASS  ] bb_libandroid_runtime_e09a0_c0 (93 bytes x86)
[PASS  ] bb_libandroid_runtime_e09a0_c1 (93 bytes x86)
[PASS  ] bb_libandroid_runtime_e09a0_c2 (93 bytes x86)
[PASS  ] bb_libandroid_runtime_e0b5c_c0 (151 bytes x86)
[PASS  ] bb_libandroid_runtime_e0b5c_c1 (151 bytes x86)
[PASS  ] bb_libandroid_runtime_e0b5c_c2 (151 bytes x86)
[PASS  ] bb_libandroid_runtime_e0c44_c0 (97 bytes x86)
[PASS  ] bb_libandroid_runtime_e0c44_c1 (97 bytes x86)
[PASS  ] bb_libandroid_runtime_e0c44_c2 (97 bytes x86)
[PASS  ] bb_libandroid_runtime_e0dec_c0 (212 bytes x86)
[PASS  ] bb_libandroid_runtime_e0dec_c1 (212 bytes x86)
[PASS  ] bb_libandroid_runtime_e0dec_c2 (212 bytes x86)
[PASS  ] bb_libandroid_runtime_e103c_c0 (152 bytes x86)
[PASS  ] bb_libandroid_runtime_e103c_c1 (152 bytes x86)
[PASS  ] bb_libandroid_runtime_e103c_c2 (152 bytes x86)
[PASS  ] bb_libandroid_runtime_e10e4_c0 (128 bytes x86)
[PASS  ] bb_libandroid_runtime_e10e4_c1 (128 bytes x86)
[PASS  ] bb_libandroid_runtime_e10e4_c2 (128 bytes x86)
[PASS  ] bb_libandroid_runtime_e11c0_c0 (153 bytes x86)
[PASS  ] bb_libandroid_runtime_e11c0_c1 (153 bytes x86)
[PASS  ] bb_libandroid_runtime_e11c0_c2 (153 bytes x86)
[PASS  ] bb_libandroid_runtime_e12c0_c0 (151 bytes x86)
[PASS  ] bb_libandroid_runtime_e12c0_c1 (151 bytes x86)
[PASS  ] bb_libandroid_runtime_e12c0_c2 (151 bytes x86)
[PASS  ] bb_libandroid_runtime_e1318_c0 (173 bytes x86)
[PASS  ] bb_libandroid_runtime_e1318_c1 (173 bytes x86)
[PASS  ] bb_libandroid_runtime_e1318_c2 (173 bytes x86)
[PASS  ] bb_libandroid_runtime_e1394_c0 (229 bytes x86)
[PASS  ] bb_libandroid_runtime_e1394_c1 (229 bytes x86)
[PASS  ] bb_libandroid_runtime_e1394_c2 (229 bytes x86)
[PASS  ] bb_libandroid_runtime_e1410_c0 (259 bytes x86)
[PASS  ] bb_libandroid_runtime_e1410_c1 (259 bytes x86)
[PASS  ] bb_libandroid_runtime_e1410_c2 (259 bytes x86)
[PASS  ] bb_libandroid_runtime_e1430_c0 (125 bytes x86)
[PASS  ] bb_libandroid_runtime_e1430_c1 (125 bytes x86)
[PASS  ] bb_libandroid_runtime_e1430_c2 (125 bytes x86)
[PASS  ] bb_libandroid_runtime_e1518_c0 (147 bytes x86)
[PASS  ] bb_libandroid_runtime_e1518_c1 (147 bytes x86)
[PASS  ] bb_libandroid_runtime_e1518_c2 (147 bytes x86)
[PASS  ] bb_libandroid_runtime_e1524_c0 (153 bytes x86)
[PASS  ] bb_libandroid_runtime_e1524_c1 (153 bytes x86)
[PASS  ] bb_libandroid_runtime_e1524_c2 (153 bytes x86)
[PASS  ] bb_libandroid_runtime_e1554_c0 (140 bytes x86)
[PASS  ] bb_libandroid_runtime_e1554_c1 (140 bytes x86)
[PASS  ] bb_libandroid_runtime_e1554_c2 (140 bytes x86)
[PASS  ] bb_libandroid_runtime_e1584_c0 (119 bytes x86)
[PASS  ] bb_libandroid_runtime_e1584_c1 (119 bytes x86)
[PASS  ] bb_libandroid_runtime_e1584_c2 (119 bytes x86)
[PASS  ] bb_libandroid_runtime_e162c_c0 (145 bytes x86)
[PASS  ] bb_libandroid_runtime_e162c_c1 (145 bytes x86)
[PASS  ] bb_libandroid_runtime_e162c_c2 (145 bytes x86)
[PASS  ] bb_libandroid_runtime_e16bc_c0 (153 bytes x86)
[PASS  ] bb_libandroid_runtime_e16bc_c1 (153 bytes x86)
[PASS  ] bb_libandroid_runtime_e16bc_c2 (153 bytes x86)
[PASS  ] bb_libandroid_runtime_e1710_c0 (176 bytes x86)
[PASS  ] bb_libandroid_runtime_e1710_c1 (176 bytes x86)
[PASS  ] bb_libandroid_runtime_e1710_c2 (176 bytes x86)
[PASS  ] bb_libandroid_runtime_e17a0_c0 (310 bytes x86)
[PASS  ] bb_libandroid_runtime_e17a0_c1 (310 bytes x86)
[PASS  ] bb_libandroid_runtime_e17a0_c2 (310 bytes x86)
[PASS  ] bb_libandroid_runtime_e1800_c0 (82 bytes x86)
[PASS  ] bb_libandroid_runtime_e1800_c1 (82 bytes x86)
[PASS  ] bb_libandroid_runtime_e1800_c2 (82 bytes x86)
[PASS  ] bb_libandroid_runtime_e1834_c0 (87 bytes x86)
[PASS  ] bb_libandroid_runtime_e1834_c1 (87 bytes x86)
[PASS  ] bb_libandroid_runtime_e1834_c2 (87 bytes x86)
[PASS  ] bb_libandroid_runtime_e1c64_c0 (137 bytes x86)
[PASS  ] bb_libandroid_runtime_e1c64_c1 (137 bytes x86)
[PASS  ] bb_libandroid_runtime_e1c64_c2 (137 bytes x86)
[PASS  ] bb_libandroid_runtime_e1d44_c0 (152 bytes x86)
[PASS  ] bb_libandroid_runtime_e1d44_c1 (152 bytes x86)
[PASS  ] bb_libandroid_runtime_e1d44_c2 (152 bytes x86)
[PASS  ] bb_libandroid_runtime_e1ed4_c0 (215 bytes x86)
[PASS  ] bb_libandroid_runtime_e1ed4_c1 (215 bytes x86)
[PASS  ] bb_libandroid_runtime_e1ed4_c2 (215 bytes x86)
[PASS  ] bb_libandroid_runtime_e1f04_c0 (134 bytes x86)
[PASS  ] bb_libandroid_runtime_e1f04_c1 (134 bytes x86)
[PASS  ] bb_libandroid_runtime_e1f04_c2 (134 bytes x86)
[PASS  ] bb_libandroid_runtime_e1f20_c0 (78 bytes x86)
[PASS  ] bb_libandroid_runtime_e1f20_c1 (78 bytes x86)
[PASS  ] bb_libandroid_runtime_e1f20_c2 (78 bytes x86)
[PASS  ] bb_libandroid_runtime_e205c_c0 (133 bytes x86)
[PASS  ] bb_libandroid_runtime_e205c_c1 (133 bytes x86)
[PASS  ] bb_libandroid_runtime_e205c_c2 (133 bytes x86)
[PASS  ] bb_libandroid_runtime_e20a8_c0 (86 bytes x86)
[PASS  ] bb_libandroid_runtime_e20a8_c1 (86 bytes x86)
[PASS  ] bb_libandroid_runtime_e20a8_c2 (86 bytes x86)
[PASS  ] bb_libandroid_runtime_e2290_c0 (174 bytes x86)
[PASS  ] bb_libandroid_runtime_e2290_c1 (174 bytes x86)
[PASS  ] bb_libandroid_runtime_e2290_c2 (174 bytes x86)
[SKIP  ] bb_libandroid_runtime_e23d8_c0 reference: unsupported insn 0xd503201f
[SKIP  ] bb_libandroid_runtime_e23d8_c1 reference: unsupported insn 0xd503201f
[SKIP  ] bb_libandroid_runtime_e23d8_c2 reference: unsupported insn 0xd503201f
[PASS  ] bb_libandroid_runtime_e24fc_c0 (84 bytes x86)
[PASS  ] bb_libandroid_runtime_e24fc_c1 (84 bytes x86)
[PASS  ] bb_libandroid_runtime_e24fc_c2 (84 bytes x86)
[PASS  ] bb_libandroid_runtime_e2628_c0 (84 bytes x86)
[PASS  ] bb_libandroid_runtime_e2628_c1 (84 bytes x86)
[PASS  ] bb_libandroid_runtime_e2628_c2 (84 bytes x86)
[PASS  ] bb_libandroid_runtime_e2684_c0 (237 bytes x86)
[PASS  ] bb_libandroid_runtime_e2684_c1 (237 bytes x86)
[PASS  ] bb_libandroid_runtime_e2684_c2 (237 bytes x86)
[PASS  ] bb_libandroid_runtime_e2900_c0 (81 bytes x86)
[PASS  ] bb_libandroid_runtime_e2900_c1 (81 bytes x86)
[PASS  ] bb_libandroid_runtime_e2900_c2 (81 bytes x86)
[PASS  ] bb_libandroid_runtime_e290c_c0 (81 bytes x86)
[PASS  ] bb_libandroid_runtime_e290c_c1 (81 bytes x86)
[PASS  ] bb_libandroid_runtime_e290c_c2 (81 bytes x86)
[PASS  ] bb_libandroid_runtime_e2918_c0 (81 bytes x86)
[PASS  ] bb_libandroid_runtime_e2918_c1 (81 bytes x86)
[PASS  ] bb_libandroid_runtime_e2918_c2 (81 bytes x86)
[PASS  ] bb_libandroid_runtime_e2924_c0 (81 bytes x86)
[PASS  ] bb_libandroid_runtime_e2924_c1 (81 bytes x86)
[PASS  ] bb_libandroid_runtime_e2924_c2 (81 bytes x86)
[PASS  ] bb_libandroid_runtime_e293c_c0 (81 bytes x86)
[PASS  ] bb_libandroid_runtime_e293c_c1 (81 bytes x86)
[PASS  ] bb_libandroid_runtime_e293c_c2 (81 bytes x86)
[PASS  ] bb_libandroid_runtime_e2948_c0 (81 bytes x86)
[PASS  ] bb_libandroid_runtime_e2948_c1 (81 bytes x86)
[PASS  ] bb_libandroid_runtime_e2948_c2 (81 bytes x86)
[PASS  ] bb_libandroid_runtime_e295c_c0 (81 bytes x86)
[PASS  ] bb_libandroid_runtime_e295c_c1 (81 bytes x86)
[PASS  ] bb_libandroid_runtime_e295c_c2 (81 bytes x86)
[PASS  ] bb_libandroid_runtime_e2970_c0 (81 bytes x86)
[PASS  ] bb_libandroid_runtime_e2970_c1 (81 bytes x86)
[PASS  ] bb_libandroid_runtime_e2970_c2 (81 bytes x86)
[PASS  ] bb_libandroid_runtime_e2a48_c0 (226 bytes x86)
[PASS  ] bb_libandroid_runtime_e2a48_c1 (226 bytes x86)
[PASS  ] bb_libandroid_runtime_e2a48_c2 (226 bytes x86)
[PASS  ] bb_libandroid_runtime_e2a58_c0 (229 bytes x86)
[PASS  ] bb_libandroid_runtime_e2a58_c1 (229 bytes x86)
[PASS  ] bb_libandroid_runtime_e2a58_c2 (229 bytes x86)
[PASS  ] bb_libandroid_runtime_e2a68_c0 (90 bytes x86)
[PASS  ] bb_libandroid_runtime_e2a68_c1 (90 bytes x86)
[PASS  ] bb_libandroid_runtime_e2a68_c2 (90 bytes x86)
[PASS  ] bb_libandroid_runtime_e2ad0_c0 (86 bytes x86)
[PASS  ] bb_libandroid_runtime_e2ad0_c1 (86 bytes x86)
[PASS  ] bb_libandroid_runtime_e2ad0_c2 (86 bytes x86)
[PASS  ] bb_libandroid_runtime_e2c80_c0 (148 bytes x86)
[PASS  ] bb_libandroid_runtime_e2c80_c1 (148 bytes x86)
[PASS  ] bb_libandroid_runtime_e2c80_c2 (148 bytes x86)
[PASS  ] bb_libandroid_runtime_e2cb4_c0 (132 bytes x86)
[PASS  ] bb_libandroid_runtime_e2cb4_c1 (132 bytes x86)
[PASS  ] bb_libandroid_runtime_e2cb4_c2 (132 bytes x86)
[PASS  ] bb_libandroid_runtime_e2dd0_c0 (83 bytes x86)
[PASS  ] bb_libandroid_runtime_e2dd0_c1 (83 bytes x86)
[PASS  ] bb_libandroid_runtime_e2dd0_c2 (83 bytes x86)
[PASS  ] bb_libandroid_runtime_e2eac_c0 (282 bytes x86)
[PASS  ] bb_libandroid_runtime_e2eac_c1 (282 bytes x86)
[PASS  ] bb_libandroid_runtime_e2eac_c2 (282 bytes x86)
[PASS  ] bb_libandroid_runtime_e2ecc_c0 (415 bytes x86)
[PASS  ] bb_libandroid_runtime_e2ecc_c1 (415 bytes x86)
[PASS  ] bb_libandroid_runtime_e2ecc_c2 (415 bytes x86)
[PASS  ] bb_libandroid_runtime_e2eec_c0 (128 bytes x86)
[PASS  ] bb_libandroid_runtime_e2eec_c1 (128 bytes x86)
[PASS  ] bb_libandroid_runtime_e2eec_c2 (128 bytes x86)
[PASS  ] bb_libandroid_runtime_e2fd0_c0 (152 bytes x86)
[PASS  ] bb_libandroid_runtime_e2fd0_c1 (152 bytes x86)
[PASS  ] bb_libandroid_runtime_e2fd0_c2 (152 bytes x86)
[PASS  ] bb_libandroid_runtime_e3030_c0 (352 bytes x86)
[PASS  ] bb_libandroid_runtime_e3030_c1 (352 bytes x86)
[PASS  ] bb_libandroid_runtime_e3030_c2 (352 bytes x86)
[PASS  ] bb_libandroid_runtime_e3060_c0 (196 bytes x86)
[PASS  ] bb_libandroid_runtime_e3060_c1 (196 bytes x86)
[PASS  ] bb_libandroid_runtime_e3060_c2 (196 bytes x86)
[PASS  ] bb_libandroid_runtime_e3074_c0 (145 bytes x86)
[PASS  ] bb_libandroid_runtime_e3074_c1 (145 bytes x86)
[PASS  ] bb_libandroid_runtime_e3074_c2 (145 bytes x86)
[PASS  ] bb_libandroid_runtime_e309c_c0 (159 bytes x86)
[PASS  ] bb_libandroid_runtime_e309c_c1 (159 bytes x86)
[PASS  ] bb_libandroid_runtime_e309c_c2 (159 bytes x86)
[PASS  ] bb_libandroid_runtime_e3104_c0 (139 bytes x86)
[PASS  ] bb_libandroid_runtime_e3104_c1 (139 bytes x86)
[PASS  ] bb_libandroid_runtime_e3104_c2 (139 bytes x86)
[PASS  ] bb_libandroid_runtime_e3110_c0 (146 bytes x86)
[PASS  ] bb_libandroid_runtime_e3110_c1 (146 bytes x86)
[PASS  ] bb_libandroid_runtime_e3110_c2 (146 bytes x86)
[PASS  ] bb_libandroid_runtime_e31a4_c0 (128 bytes x86)
[PASS  ] bb_libandroid_runtime_e31a4_c1 (128 bytes x86)
[PASS  ] bb_libandroid_runtime_e31a4_c2 (128 bytes x86)
[PASS  ] bb_libandroid_runtime_e327c_c0 (152 bytes x86)
[PASS  ] bb_libandroid_runtime_e327c_c1 (152 bytes x86)
[PASS  ] bb_libandroid_runtime_e327c_c2 (152 bytes x86)
[PASS  ] bb_libandroid_runtime_e330c_c0 (87 bytes x86)
[PASS  ] bb_libandroid_runtime_e330c_c1 (87 bytes x86)
[PASS  ] bb_libandroid_runtime_e330c_c2 (87 bytes x86)
[PASS  ] bb_libandroid_runtime_e3370_c0 (127 bytes x86)
[PASS  ] bb_libandroid_runtime_e3370_c1 (127 bytes x86)
[PASS  ] bb_libandroid_runtime_e3370_c2 (127 bytes x86)
[PASS  ] bb_libandroid_runtime_e3380_c0 (86 bytes x86)
[PASS  ] bb_libandroid_runtime_e3380_c1 (86 bytes x86)
[PASS  ] bb_libandroid_runtime_e3380_c2 (86 bytes x86)
[PASS  ] bb_libandroid_runtime_e354c_c0 (152 bytes x86)
[PASS  ] bb_libandroid_runtime_e354c_c1 (152 bytes x86)
[PASS  ] bb_libandroid_runtime_e354c_c2 (152 bytes x86)
[SKIP  ] bb_libandroid_runtime_e35d8_c0 reference: unsupported insn 0x6f00e400
[SKIP  ] bb_libandroid_runtime_e35d8_c1 reference: unsupported insn 0x6f00e400
[SKIP  ] bb_libandroid_runtime_e35d8_c2 reference: unsupported insn 0x6f00e400
[PASS  ] bb_libandroid_runtime_e3628_c0 (199 bytes x86)
[PASS  ] bb_libandroid_runtime_e3628_c1 (199 bytes x86)
[PASS  ] bb_libandroid_runtime_e3628_c2 (199 bytes x86)
[PASS  ] bb_libandroid_runtime_e3658_c0 (191 bytes x86)
[PASS  ] bb_libandroid_runtime_e3658_c1 (191 bytes x86)
[PASS  ] bb_libandroid_runtime_e3658_c2 (191 bytes x86)
[PASS  ] bb_libandroid_runtime_e3714_c0 (114 bytes x86)
[PASS  ] bb_libandroid_runtime_e3714_c1 (114 bytes x86)
[PASS  ] bb_libandroid_runtime_e3714_c2 (114 bytes x86)
[PASS  ] bb_libandroid_runtime_e3728_c0 (145 bytes x86)
[PASS  ] bb_libandroid_runtime_e3728_c1 (145 bytes x86)
[PASS  ] bb_libandroid_runtime_e3728_c2 (145 bytes x86)
[SKIP  ] bb_libandroid_runtime_e3738_c0 reference: unsupported insn 0xd503201f
[SKIP  ] bb_libandroid_runtime_e3738_c1 reference: unsupported insn 0xd503201f
[SKIP  ] bb_libandroid_runtime_e3738_c2 reference: unsupported insn 0xd503201f
[PASS  ] bb_libandroid_runtime_e374c_c0 (151 bytes x86)
[PASS  ] bb_libandroid_runtime_e374c_c1 (151 bytes x86)
[PASS  ] bb_libandroid_runtime_e374c_c2 (151 bytes x86)
[SKIP  ] bb_libandroid_runtime_e3758_c0 reference: unsupported insn 0xd503201f
[SKIP  ] bb_libandroid_runtime_e3758_c1 reference: unsupported insn 0xd503201f
[SKIP  ] bb_libandroid_runtime_e3758_c2 reference: unsupported insn 0xd503201f
[PASS  ] bb_libandroid_runtime_e3794_c0 (371 bytes x86)
[PASS  ] bb_libandroid_runtime_e3794_c1 (371 bytes x86)
[PASS  ] bb_libandroid_runtime_e3794_c2 (371 bytes x86)
[PASS  ] bb_libandroid_runtime_e3810_c0 (175 bytes x86)
[PASS  ] bb_libandroid_runtime_e3810_c1 (175 bytes x86)
[PASS  ] bb_libandroid_runtime_e3810_c2 (175 bytes x86)
[PASS  ] bb_libandroid_runtime_e3a80_c0 (87 bytes x86)
[PASS  ] bb_libandroid_runtime_e3a80_c1 (87 bytes x86)
[PASS  ] bb_libandroid_runtime_e3a80_c2 (87 bytes x86)
[PASS  ] bb_libandroid_runtime_e3b98_c0 (346 bytes x86)
[PASS  ] bb_libandroid_runtime_e3b98_c1 (346 bytes x86)
[PASS  ] bb_libandroid_runtime_e3b98_c2 (346 bytes x86)
[SKIP  ] bb_libandroid_runtime_e3bb8_c0 reference: unsupported insn 0xd503201f
[SKIP  ] bb_libandroid_runtime_e3bb8_c1 reference: unsupported insn 0xd503201f
[SKIP  ] bb_libandroid_runtime_e3bb8_c2 reference: unsupported insn 0xd503201f
[PASS  ] bb_libandroid_runtime_e3bf8_c0 (154 bytes x86)
[PASS  ] bb_libandroid_runtime_e3bf8_c1 (154 bytes x86)
[PASS  ] bb_libandroid_runtime_e3bf8_c2 (154 bytes x86)
[PASS  ] bb_libandroid_runtime_e3c78_c0 (154 bytes x86)
[PASS  ] bb_libandroid_runtime_e3c78_c1 (154 bytes x86)
[PASS  ] bb_libandroid_runtime_e3c78_c2 (154 bytes x86)
[PASS  ] bb_libandroid_runtime_e3ca0_c0 (321 bytes x86)
[PASS  ] bb_libandroid_runtime_e3ca0_c1 (321 bytes x86)
[PASS  ] bb_libandroid_runtime_e3ca0_c2 (321 bytes x86)
[PASS  ] bb_libandroid_runtime_e3cbc_c0 (190 bytes x86)
[PASS  ] bb_libandroid_runtime_e3cbc_c1 (190 bytes x86)
[PASS  ] bb_libandroid_runtime_e3cbc_c2 (190 bytes x86)
[PASS  ] bb_libandroid_runtime_e3ce4_c0 (296 bytes x86)
[PASS  ] bb_libandroid_runtime_e3ce4_c1 (296 bytes x86)
[PASS  ] bb_libandroid_runtime_e3ce4_c2 (296 bytes x86)
[PASS  ] bb_libandroid_runtime_e3cfc_c0 (227 bytes x86)
[PASS  ] bb_libandroid_runtime_e3cfc_c1 (227 bytes x86)
[PASS  ] bb_libandroid_runtime_e3cfc_c2 (227 bytes x86)
[PASS  ] bb_libandroid_runtime_e3d14_c0 (121 bytes x86)
[PASS  ] bb_libandroid_runtime_e3d14_c1 (121 bytes x86)
[PASS  ] bb_libandroid_runtime_e3d14_c2 (121 bytes x86)
[PASS  ] bb_libandroid_runtime_e3d24_c0 (244 bytes x86)
[PASS  ] bb_libandroid_runtime_e3d24_c1 (244 bytes x86)
[PASS  ] bb_libandroid_runtime_e3d24_c2 (244 bytes x86)
[PASS  ] bb_libandroid_runtime_e3d38_c0 (190 bytes x86)
[PASS  ] bb_libandroid_runtime_e3d38_c1 (190 bytes x86)
[PASS  ] bb_libandroid_runtime_e3d38_c2 (190 bytes x86)
[PASS  ] bb_libandroid_runtime_e3d68_c0 (151 bytes x86)
[PASS  ] bb_libandroid_runtime_e3d68_c1 (151 bytes x86)
[PASS  ] bb_libandroid_runtime_e3d68_c2 (151 bytes x86)
[PASS  ] bb_libandroid_runtime_e3d74_c0 (244 bytes x86)
[PASS  ] bb_libandroid_runtime_e3d74_c1 (244 bytes x86)
[PASS  ] bb_libandroid_runtime_e3d74_c2 (244 bytes x86)
[PASS  ] bb_libandroid_runtime_e3db0_c0 (127 bytes x86)
[PASS  ] bb_libandroid_runtime_e3db0_c1 (127 bytes x86)
[PASS  ] bb_libandroid_runtime_e3db0_c2 (127 bytes x86)
[PASS  ] bb_libandroid_runtime_e3dc0_c0 (190 bytes x86)
[PASS  ] bb_libandroid_runtime_e3dc0_c1 (190 bytes x86)
[PASS  ] bb_libandroid_runtime_e3dc0_c2 (190 bytes x86)
[PASS  ] bb_libandroid_runtime_e3e40_c0 (135 bytes x86)
[PASS  ] bb_libandroid_runtime_e3e40_c1 (135 bytes x86)
[PASS  ] bb_libandroid_runtime_e3e40_c2 (135 bytes x86)
[PASS  ] bb_libandroid_runtime_e3eb0_c0 (93 bytes x86)
[PASS  ] bb_libandroid_runtime_e3eb0_c1 (93 bytes x86)
[PASS  ] bb_libandroid_runtime_e3eb0_c2 (93 bytes x86)
[PASS  ] bb_libandroid_runtime_e3f30_c0 (188 bytes x86)
[PASS  ] bb_libandroid_runtime_e3f30_c1 (188 bytes x86)
[PASS  ] bb_libandroid_runtime_e3f30_c2 (188 bytes x86)
[PASS  ] bb_libandroid_runtime_e3f54_c0 (559 bytes x86)
[PASS  ] bb_libandroid_runtime_e3f54_c1 (559 bytes x86)
[PASS  ] bb_libandroid_runtime_e3f54_c2 (559 bytes x86)
[PASS  ] bb_libandroid_runtime_e3fb0_c0 (174 bytes x86)
[PASS  ] bb_libandroid_runtime_e3fb0_c1 (174 bytes x86)
[PASS  ] bb_libandroid_runtime_e3fb0_c2 (174 bytes x86)
[PASS  ] bb_libandroid_runtime_e3fc4_c0 (296 bytes x86)
[PASS  ] bb_libandroid_runtime_e3fc4_c1 (296 bytes x86)
[PASS  ] bb_libandroid_runtime_e3fc4_c2 (296 bytes x86)
[PASS  ] bb_libandroid_runtime_e3fdc_c0 (129 bytes x86)
[PASS  ] bb_libandroid_runtime_e3fdc_c1 (129 bytes x86)
[PASS  ] bb_libandroid_runtime_e3fdc_c2 (129 bytes x86)
[PASS  ] bb_libandroid_runtime_e4064_c0 (143 bytes x86)
[PASS  ] bb_libandroid_runtime_e4064_c1 (143 bytes x86)
[PASS  ] bb_libandroid_runtime_e4064_c2 (143 bytes x86)
[PASS  ] bb_libandroid_runtime_e4094_c0 (84 bytes x86)
[PASS  ] bb_libandroid_runtime_e4094_c1 (84 bytes x86)
[PASS  ] bb_libandroid_runtime_e4094_c2 (84 bytes x86)
[PASS  ] bb_libandroid_runtime_e40fc_c0 (636 bytes x86)
[PASS  ] bb_libandroid_runtime_e40fc_c1 (636 bytes x86)
[PASS  ] bb_libandroid_runtime_e40fc_c2 (636 bytes x86)
[PASS  ] bb_libandroid_runtime_e4190_c0 (166 bytes x86)
[PASS  ] bb_libandroid_runtime_e4190_c1 (166 bytes x86)
[PASS  ] bb_libandroid_runtime_e4190_c2 (166 bytes x86)
[PASS  ] bb_libandroid_runtime_e41f8_c0 (129 bytes x86)
[PASS  ] bb_libandroid_runtime_e41f8_c1 (129 bytes x86)
[PASS  ] bb_libandroid_runtime_e41f8_c2 (129 bytes x86)
[PASS  ] bb_libandroid_runtime_e4224_c0 (253 bytes x86)
[PASS  ] bb_libandroid_runtime_e4224_c1 (253 bytes x86)
[PASS  ] bb_libandroid_runtime_e4224_c2 (253 bytes x86)
[PASS  ] bb_libandroid_runtime_e4380_c0 (127 bytes x86)
[PASS  ] bb_libandroid_runtime_e4380_c1 (127 bytes x86)
[PASS  ] bb_libandroid_runtime_e4380_c2 (127 bytes x86)
[PASS  ] bb_libandroid_runtime_e4390_c0 (196 bytes x86)
[PASS  ] bb_libandroid_runtime_e4390_c1 (196 bytes x86)
[PASS  ] bb_libandroid_runtime_e4390_c2 (196 bytes x86)
[PASS  ] bb_libandroid_runtime_e43a0_c0 (230 bytes x86)
[PASS  ] bb_libandroid_runtime_e43a0_c1 (230 bytes x86)
[PASS  ] bb_libandroid_runtime_e43a0_c2 (230 bytes x86)
[PASS  ] bb_libandroid_runtime_e4428_c0 (201 bytes x86)
[PASS  ] bb_libandroid_runtime_e4428_c1 (201 bytes x86)
[PASS  ] bb_libandroid_runtime_e4428_c2 (201 bytes x86)
[PASS  ] bb_libandroid_runtime_e44ec_c0 (128 bytes x86)
[PASS  ] bb_libandroid_runtime_e44ec_c1 (128 bytes x86)
[PASS  ] bb_libandroid_runtime_e44ec_c2 (128 bytes x86)
[PASS  ] bb_libandroid_runtime_e461c_c0 (152 bytes x86)
[PASS  ] bb_libandroid_runtime_e461c_c1 (152 bytes x86)
[PASS  ] bb_libandroid_runtime_e461c_c2 (152 bytes x86)
[PASS  ] bb_libandroid_runtime_e46a4_c0 (210 bytes x86)
[PASS  ] bb_libandroid_runtime_e46a4_c1 (210 bytes x86)
[PASS  ] bb_libandroid_runtime_e46a4_c2 (210 bytes x86)
[PASS  ] bb_libandroid_runtime_e46e0_c0 (201 bytes x86)
[PASS  ] bb_libandroid_runtime_e46e0_c1 (201 bytes x86)
[PASS  ] bb_libandroid_runtime_e46e0_c2 (201 bytes x86)
[PASS  ] bb_libandroid_runtime_e47a4_c0 (128 bytes x86)
[PASS  ] bb_libandroid_runtime_e47a4_c1 (128 bytes x86)
[PASS  ] bb_libandroid_runtime_e47a4_c2 (128 bytes x86)
[PASS  ] bb_libandroid_runtime_e4844_c0 (226 bytes x86)
[PASS  ] bb_libandroid_runtime_e4844_c1 (226 bytes x86)
[PASS  ] bb_libandroid_runtime_e4844_c2 (226 bytes x86)
[PASS  ] bb_libandroid_runtime_e4854_c0 (229 bytes x86)
[PASS  ] bb_libandroid_runtime_e4854_c1 (229 bytes x86)
[PASS  ] bb_libandroid_runtime_e4854_c2 (229 bytes x86)
[PASS  ] bb_libandroid_runtime_e4864_c0 (90 bytes x86)
[PASS  ] bb_libandroid_runtime_e4864_c1 (90 bytes x86)
[PASS  ] bb_libandroid_runtime_e4864_c2 (90 bytes x86)
[PASS  ] bb_libandroid_runtime_e489c_c0 (148 bytes x86)
[PASS  ] bb_libandroid_runtime_e489c_c1 (148 bytes x86)
[PASS  ] bb_libandroid_runtime_e489c_c2 (148 bytes x86)
[PASS  ] bb_libandroid_runtime_e48dc_c0 (89 bytes x86)
[PASS  ] bb_libandroid_runtime_e48dc_c1 (89 bytes x86)
[PASS  ] bb_libandroid_runtime_e48dc_c2 (89 bytes x86)
[SKIP  ] bb_libandroid_runtime_e4904_c0 reference: unsupported insn 0x6f00e400
[SKIP  ] bb_libandroid_runtime_e4904_c1 reference: unsupported insn 0x6f00e400
[SKIP  ] bb_libandroid_runtime_e4904_c2 reference: unsupported insn 0x6f00e400
[PASS  ] bb_libandroid_runtime_e4a5c_c0 (152 bytes x86)
[PASS  ] bb_libandroid_runtime_e4a5c_c1 (152 bytes x86)
[PASS  ] bb_libandroid_runtime_e4a5c_c2 (152 bytes x86)
[PASS  ] bb_libandroid_runtime_e4b2c_c0 (344 bytes x86)
[PASS  ] bb_libandroid_runtime_e4b2c_c1 (344 bytes x86)
[PASS  ] bb_libandroid_runtime_e4b2c_c2 (344 bytes x86)
[SKIP  ] bb_libandroid_runtime_e4b58_c0 reference: unsupported insn 0xd503201f
[SKIP  ] bb_libandroid_runtime_e4b58_c1 reference: unsupported insn 0xd503201f
[SKIP  ] bb_libandroid_runtime_e4b58_c2 reference: unsupported insn 0xd503201f
[PASS  ] bb_libandroid_runtime_e4bdc_c0 (148 bytes x86)
[PASS  ] bb_libandroid_runtime_e4bdc_c1 (148 bytes x86)
[PASS  ] bb_libandroid_runtime_e4bdc_c2 (148 bytes x86)
[PASS  ] bb_libandroid_runtime_e4bf8_c0 (188 bytes x86)
[PASS  ] bb_libandroid_runtime_e4bf8_c1 (188 bytes x86)
[PASS  ] bb_libandroid_runtime_e4bf8_c2 (188 bytes x86)
[SKIP  ] bb_libandroid_runtime_e4c0c_c0 reference: unsupported insn 0xd503201f
[SKIP  ] bb_libandroid_runtime_e4c0c_c1 reference: unsupported insn 0xd503201f
[SKIP  ] bb_libandroid_runtime_e4c0c_c2 reference: unsupported insn 0xd503201f
[PASS  ] bb_libandroid_runtime_e4c68_c0 (171 bytes x86)
[PASS  ] bb_libandroid_runtime_e4c68_c1 (171 bytes x86)
[PASS  ] bb_libandroid_runtime_e4c68_c2 (171 bytes x86)
[PASS  ] bb_libandroid_runtime_e4d1c_c0 (91 bytes x86)
[PASS  ] bb_libandroid_runtime_e4d1c_c1 (91 bytes x86)
[PASS  ] bb_libandroid_runtime_e4d1c_c2 (91 bytes x86)
[SKIP  ] bb_libandroid_runtime_e4e30_c0 reference: unsupported insn 0xfa401804
[SKIP  ] bb_libandroid_runtime_e4e30_c1 reference: unsupported insn 0xfa401804
[SKIP  ] bb_libandroid_runtime_e4e30_c2 reference: unsupported insn 0xfa401804
[PASS  ] bb_libandroid_runtime_e4e40_c0 (129 bytes x86)
[PASS  ] bb_libandroid_runtime_e4e40_c1 (129 bytes x86)
[PASS  ] bb_libandroid_runtime_e4e40_c2 (129 bytes x86)
[PASS  ] bb_libandroid_runtime_e5010_c0 (90 bytes x86)
[PASS  ] bb_libandroid_runtime_e5010_c1 (90 bytes x86)
[PASS  ] bb_libandroid_runtime_e5010_c2 (90 bytes x86)
[PASS  ] bb_libandroid_runtime_e5338_c0 (173 bytes x86)
[PASS  ] bb_libandroid_runtime_e5338_c1 (173 bytes x86)
[PASS  ] bb_libandroid_runtime_e5338_c2 (173 bytes x86)
[SKIP  ] bb_libandroid_runtime_e534c_c0 reference: unsupported insn 0xd503201f
[SKIP  ] bb_libandroid_runtime_e534c_c1 reference: unsupported insn 0xd503201f
[SKIP  ] bb_libandroid_runtime_e534c_c2 reference: unsupported insn 0xd503201f
[PASS  ] bb_libandroid_runtime_e54c8_c0 (168 bytes x86)
[PASS  ] bb_libandroid_runtime_e54c8_c1 (168 bytes x86)
[PASS  ] bb_libandroid_runtime_e54c8_c2 (168 bytes x86)
[PASS  ] bb_libandroid_runtime_e54dc_c0 (109 bytes x86)
[PASS  ] bb_libandroid_runtime_e54dc_c1 (109 bytes x86)
[PASS  ] bb_libandroid_runtime_e54dc_c2 (109 bytes x86)
[PASS  ] bb_libandroid_runtime_e54e8_c0 (154 bytes x86)
[PASS  ] bb_libandroid_runtime_e54e8_c1 (154 bytes x86)
[PASS  ] bb_libandroid_runtime_e54e8_c2 (154 bytes x86)
[PASS  ] bb_libandroid_runtime_e54f4_c0 (89 bytes x86)
[PASS  ] bb_libandroid_runtime_e54f4_c1 (89 bytes x86)
[PASS  ] bb_libandroid_runtime_e54f4_c2 (89 bytes x86)
[PASS  ] bb_libandroid_runtime_e5878_c0 (129 bytes x86)
[PASS  ] bb_libandroid_runtime_e5878_c1 (129 bytes x86)
[PASS  ] bb_libandroid_runtime_e5878_c2 (129 bytes x86)
[PASS  ] bb_libandroid_runtime_e58ac_c0 (129 bytes x86)
[PASS  ] bb_libandroid_runtime_e58ac_c1 (129 bytes x86)
[PASS  ] bb_libandroid_runtime_e58ac_c2 (129 bytes x86)
[PASS  ] bb_libandroid_runtime_e5a24_c0 (130 bytes x86)
[PASS  ] bb_libandroid_runtime_e5a24_c1 (130 bytes x86)
[PASS  ] bb_libandroid_runtime_e5a24_c2 (130 bytes x86)
[PASS  ] bb_libandroid_runtime_e5b54_c0 (133 bytes x86)
[PASS  ] bb_libandroid_runtime_e5b54_c1 (133 bytes x86)
[PASS  ] bb_libandroid_runtime_e5b54_c2 (133 bytes x86)
[PASS  ] bb_libandroid_runtime_e5d10_c0 (130 bytes x86)
[PASS  ] bb_libandroid_runtime_e5d10_c1 (130 bytes x86)
[PASS  ] bb_libandroid_runtime_e5d10_c2 (130 bytes x86)
[SKIP  ] bb_libandroid_runtime_e5e28_c0 reference: unsupported insn 0xd503201f
[SKIP  ] bb_libandroid_runtime_e5e28_c1 reference: unsupported insn 0xd503201f
[SKIP  ] bb_libandroid_runtime_e5e28_c2 reference: unsupported insn 0xd503201f
[PASS  ] bb_libandroid_runtime_e5e40_c0 (133 bytes x86)
[PASS  ] bb_libandroid_runtime_e5e40_c1 (133 bytes x86)
[PASS  ] bb_libandroid_runtime_e5e40_c2 (133 bytes x86)
[SKIP  ] bb_libandroid_runtime_e5f84_c0 reference: unsupported insn 0xd53bd048
[SKIP  ] bb_libandroid_runtime_e5f84_c1 reference: unsupported insn 0xd53bd048
[SKIP  ] bb_libandroid_runtime_e5f84_c2 reference: unsupported insn 0xd53bd048
[PASS  ] bb_libandroid_runtime_e60a0_c0 (84 bytes x86)
[PASS  ] bb_libandroid_runtime_e60a0_c1 (84 bytes x86)
[PASS  ] bb_libandroid_runtime_e60a0_c2 (84 bytes x86)
[PASS  ] bb_libandroid_runtime_e60ac_c0 (123 bytes x86)
[PASS  ] bb_libandroid_runtime_e60ac_c1 (123 bytes x86)
[PASS  ] bb_libandroid_runtime_e60ac_c2 (123 bytes x86)
[PASS  ] bb_libandroid_runtime_e6114_c0 (87 bytes x86)
[PASS  ] bb_libandroid_runtime_e6114_c1 (87 bytes x86)
[PASS  ] bb_libandroid_runtime_e6114_c2 (87 bytes x86)
[PASS  ] bb_libandroid_runtime_e6158_c0 (76 bytes x86)
[PASS  ] bb_libandroid_runtime_e6158_c1 (76 bytes x86)
[PASS  ] bb_libandroid_runtime_e6158_c2 (76 bytes x86)
[PASS  ] bb_libandroid_runtime_e61bc_c0 (80 bytes x86)
[PASS  ] bb_libandroid_runtime_e61bc_c1 (80 bytes x86)
[PASS  ] bb_libandroid_runtime_e61bc_c2 (80 bytes x86)
[PASS  ] bb_libandroid_runtime_e61f8_c0 (80 bytes x86)
[PASS  ] bb_libandroid_runtime_e61f8_c1 (80 bytes x86)
[PASS  ] bb_libandroid_runtime_e61f8_c2 (80 bytes x86)
[PASS  ] bb_libandroid_runtime_e6204_c0 (119 bytes x86)
[PASS  ] bb_libandroid_runtime_e6204_c1 (119 bytes x86)
[PASS  ] bb_libandroid_runtime_e6204_c2 (119 bytes x86)
[PASS  ] bb_libandroid_runtime_e6374_c0 (77 bytes x86)
[PASS  ] bb_libandroid_runtime_e6374_c1 (77 bytes x86)
[PASS  ] bb_libandroid_runtime_e6374_c2 (77 bytes x86)
[PASS  ] bb_libandroid_runtime_e648c_c0 (127 bytes x86)
[PASS  ] bb_libandroid_runtime_e648c_c1 (127 bytes x86)
[PASS  ] bb_libandroid_runtime_e648c_c2 (127 bytes x86)
[PASS  ] bb_libandroid_runtime_e649c_c0 (84 bytes x86)
[PASS  ] bb_libandroid_runtime_e649c_c1 (84 bytes x86)
[PASS  ] bb_libandroid_runtime_e649c_c2 (84 bytes x86)
[PASS  ] bb_libandroid_runtime_e64a8_c0 (75 bytes x86)
[PASS  ] bb_libandroid_runtime_e64a8_c1 (75 bytes x86)
[PASS  ] bb_libandroid_runtime_e64a8_c2 (75 bytes x86)
[PASS  ] bb_libandroid_runtime_e64f4_c0 (344 bytes x86)
[PASS  ] bb_libandroid_runtime_e64f4_c1 (344 bytes x86)
[PASS  ] bb_libandroid_runtime_e64f4_c2 (344 bytes x86)
[SKIP  ] bb_libandroid_runtime_e652c_c0 reference: unsupported insn 0xd503201f
[SKIP  ] bb_libandroid_runtime_e652c_c1 reference: unsupported insn 0xd503201f
[SKIP  ] bb_libandroid_runtime_e652c_c2 reference: unsupported insn 0xd503201f
[PASS  ] bb_libandroid_runtime_e655c_c0 (298 bytes x86)
[PASS  ] bb_libandroid_runtime_e655c_c1 (298 bytes x86)
[PASS  ] bb_libandroid_runtime_e655c_c2 (298 bytes x86)
[PASS  ] bb_libandroid_runtime_e665c_c0 (381 bytes x86)
[PASS  ] bb_libandroid_runtime_e665c_c1 (381 bytes x86)
[PASS  ] bb_libandroid_runtime_e665c_c2 (381 bytes x86)
[PASS  ] bb_libandroid_runtime_e66bc_c0 (93 bytes x86)
[PASS  ] bb_libandroid_runtime_e66bc_c1 (93 bytes x86)
[PASS  ] bb_libandroid_runtime_e66bc_c2 (93 bytes x86)
[PASS  ] bb_libandroid_runtime_e6790_c0 (208 bytes x86)
[PASS  ] bb_libandroid_runtime_e6790_c1 (208 bytes x86)
[PASS  ] bb_libandroid_runtime_e6790_c2 (208 bytes x86)
[PASS  ] bb_libandroid_runtime_e6808_c0 (377 bytes x86)
[PASS  ] bb_libandroid_runtime_e6808_c1 (377 bytes x86)
[PASS  ] bb_libandroid_runtime_e6808_c2 (377 bytes x86)
[PASS  ] bb_libandroid_runtime_e6998_c0 (121 bytes x86)
[PASS  ] bb_libandroid_runtime_e6998_c1 (121 bytes x86)
[PASS  ] bb_libandroid_runtime_e6998_c2 (121 bytes x86)
[PASS  ] bb_libandroid_runtime_e69a4_c0 (521 bytes x86)
[PASS  ] bb_libandroid_runtime_e69a4_c1 (521 bytes x86)
[PASS  ] bb_libandroid_runtime_e69a4_c2 (521 bytes x86)
[PASS  ] bb_libandroid_runtime_e69e8_c0 (224 bytes x86)
[PASS  ] bb_libandroid_runtime_e69e8_c1 (224 bytes x86)
[PASS  ] bb_libandroid_runtime_e69e8_c2 (224 bytes x86)
[PASS  ] bb_libandroid_runtime_e69fc_c0 (572 bytes x86)
[PASS  ] bb_libandroid_runtime_e69fc_c1 (572 bytes x86)
[PASS  ] bb_libandroid_runtime_e69fc_c2 (572 bytes x86)
[PASS  ] bb_libandroid_runtime_e6ac0_c0 (122 bytes x86)
[PASS  ] bb_libandroid_runtime_e6ac0_c1 (122 bytes x86)
[PASS  ] bb_libandroid_runtime_e6ac0_c2 (122 bytes x86)
[PASS  ] bb_libandroid_runtime_e6acc_c0 (295 bytes x86)
[PASS  ] bb_libandroid_runtime_e6acc_c1 (295 bytes x86)
[PASS  ] bb_libandroid_runtime_e6acc_c2 (295 bytes x86)
[PASS  ] bb_libandroid_runtime_e6ae4_c0 (182 bytes x86)
[PASS  ] bb_libandroid_runtime_e6ae4_c1 (182 bytes x86)
[PASS  ] bb_libandroid_runtime_e6ae4_c2 (182 bytes x86)
[PASS  ] bb_libandroid_runtime_e6af4_c0 (217 bytes x86)
[PASS  ] bb_libandroid_runtime_e6af4_c1 (217 bytes x86)
[PASS  ] bb_libandroid_runtime_e6af4_c2 (217 bytes x86)
[PASS  ] bb_libandroid_runtime_e6b24_c0 (149 bytes x86)
[PASS  ] bb_libandroid_runtime_e6b24_c1 (149 bytes x86)
[PASS  ] bb_libandroid_runtime_e6b24_c2 (149 bytes x86)
[PASS  ] bb_libandroid_runtime_e6ba4_c0 (77 bytes x86)
[PASS  ] bb_libandroid_runtime_e6ba4_c1 (77 bytes x86)
[PASS  ] bb_libandroid_runtime_e6ba4_c2 (77 bytes x86)
[SKIP  ] bb_libandroid_runtime_e6bc0_c0 reference: unsupported insn 0x6f00e400
[SKIP  ] bb_libandroid_runtime_e6bc0_c1 reference: unsupported insn 0x6f00e400
[SKIP  ] bb_libandroid_runtime_e6bc0_c2 reference: unsupported insn 0x6f00e400
[SKIP  ] bb_libandroid_runtime_e6c0c_c0 reference: unsupported insn 0xd503201f
[SKIP  ] bb_libandroid_runtime_e6c0c_c1 reference: unsupported insn 0xd503201f
[SKIP  ] bb_libandroid_runtime_e6c0c_c2 reference: unsupported insn 0xd503201f
[PASS  ] bb_libandroid_runtime_e6c8c_c0 (77 bytes x86)
[PASS  ] bb_libandroid_runtime_e6c8c_c1 (77 bytes x86)
[PASS  ] bb_libandroid_runtime_e6c8c_c2 (77 bytes x86)
[SKIP  ] bb_libandroid_runtime_e6dac_c0 reference: unsupported insn 0xd503201f
[SKIP  ] bb_libandroid_runtime_e6dac_c1 reference: unsupported insn 0xd503201f
[SKIP  ] bb_libandroid_runtime_e6dac_c2 reference: unsupported insn 0xd503201f
[PASS  ] bb_libandroid_runtime_e6dcc_c0 (224 bytes x86)
[PASS  ] bb_libandroid_runtime_e6dcc_c1 (224 bytes x86)
[PASS  ] bb_libandroid_runtime_e6dcc_c2 (224 bytes x86)
[PASS  ] bb_libandroid_runtime_e6de0_c0 (141 bytes x86)
[PASS  ] bb_libandroid_runtime_e6de0_c1 (141 bytes x86)
[PASS  ] bb_libandroid_runtime_e6de0_c2 (141 bytes x86)
[PASS  ] bb_libandroid_runtime_e6e28_c0 (446 bytes x86)
[PASS  ] bb_libandroid_runtime_e6e28_c1 (446 bytes x86)
[PASS  ] bb_libandroid_runtime_e6e28_c2 (446 bytes x86)
[SKIP  ] bb_libandroid_runtime_e6e4c_c0 reference: unsupported insn 0xd503201f
[SKIP  ] bb_libandroid_runtime_e6e4c_c1 reference: unsupported insn 0xd503201f
[SKIP  ] bb_libandroid_runtime_e6e4c_c2 reference: unsupported insn 0xd503201f
[PASS  ] bb_libandroid_runtime_e6e5c_c0 (174 bytes x86)
[PASS  ] bb_libandroid_runtime_e6e5c_c1 (174 bytes x86)
[PASS  ] bb_libandroid_runtime_e6e5c_c2 (174 bytes x86)
[PASS  ] bb_libandroid_runtime_e6e8c_c0 (188 bytes x86)
[PASS  ] bb_libandroid_runtime_e6e8c_c1 (188 bytes x86)
[PASS  ] bb_libandroid_runtime_e6e8c_c2 (188 bytes x86)
[PASS  ] bb_libandroid_runtime_e6f24_c0 (182 bytes x86)
[PASS  ] bb_libandroid_runtime_e6f24_c1 (182 bytes x86)
[PASS  ] bb_libandroid_runtime_e6f24_c2 (182 bytes x86)
[PASS  ] bb_libandroid_runtime_e6f34_c0 (217 bytes x86)
[PASS  ] bb_libandroid_runtime_e6f34_c1 (217 bytes x86)
[PASS  ] bb_libandroid_runtime_e6f34_c2 (217 bytes x86)
[PASS  ] bb_libandroid_runtime_e6f58_c0 (148 bytes x86)
[PASS  ] bb_libandroid_runtime_e6f58_c1 (148 bytes x86)
[PASS  ] bb_libandroid_runtime_e6f58_c2 (148 bytes x86)
[SKIP  ] bb_libandroid_runtime_e71dc_c0 reference: unsupported insn 0xd503201f
[SKIP  ] bb_libandroid_runtime_e71dc_c1 reference: unsupported insn 0xd503201f
[SKIP  ] bb_libandroid_runtime_e71dc_c2 reference: unsupported insn 0xd503201f
[PASS  ] bb_libandroid_runtime_e71f4_c0 (148 bytes x86)
[PASS  ] bb_libandroid_runtime_e71f4_c1 (148 bytes x86)
[PASS  ] bb_libandroid_runtime_e71f4_c2 (148 bytes x86)
[PASS  ] bb_libandroid_runtime_e7214_c0 (149 bytes x86)
[PASS  ] bb_libandroid_runtime_e7214_c1 (149 bytes x86)
[PASS  ] bb_libandroid_runtime_e7214_c2 (149 bytes x86)
[PASS  ] bb_libandroid_runtime_e7220_c0 (211 bytes x86)
[PASS  ] bb_libandroid_runtime_e7220_c1 (211 bytes x86)
[PASS  ] bb_libandroid_runtime_e7220_c2 (211 bytes x86)
[PASS  ] bb_libandroid_runtime_e7254_c0 (191 bytes x86)
[PASS  ] bb_libandroid_runtime_e7254_c1 (191 bytes x86)
[PASS  ] bb_libandroid_runtime_e7254_c2 (191 bytes x86)
[PASS  ] bb_libandroid_runtime_e7264_c0 (124 bytes x86)
[PASS  ] bb_libandroid_runtime_e7264_c1 (124 bytes x86)
[PASS  ] bb_libandroid_runtime_e7264_c2 (124 bytes x86)
[PASS  ] bb_libandroid_runtime_e72fc_c0 (127 bytes x86)
[PASS  ] bb_libandroid_runtime_e72fc_c1 (127 bytes x86)
[PASS  ] bb_libandroid_runtime_e72fc_c2 (127 bytes x86)
[PASS  ] bb_libandroid_runtime_e730c_c0 (81 bytes x86)
[PASS  ] bb_libandroid_runtime_e730c_c1 (81 bytes x86)
[PASS  ] bb_libandroid_runtime_e730c_c2 (81 bytes x86)
[PASS  ] bb_libandroid_runtime_e7318_c0 (75 bytes x86)
[PASS  ] bb_libandroid_runtime_e7318_c1 (75 bytes x86)
[PASS  ] bb_libandroid_runtime_e7318_c2 (75 bytes x86)
[PASS  ] bb_libandroid_runtime_e7364_c0 (344 bytes x86)
[PASS  ] bb_libandroid_runtime_e7364_c1 (344 bytes x86)
[PASS  ] bb_libandroid_runtime_e7364_c2 (344 bytes x86)
[SKIP  ] bb_libandroid_runtime_e73a0_c0 reference: unsupported insn 0xd503201f
[SKIP  ] bb_libandroid_runtime_e73a0_c1 reference: unsupported insn 0xd503201f
[SKIP  ] bb_libandroid_runtime_e73a0_c2 reference: unsupported insn 0xd503201f
[PASS  ] bb_libandroid_runtime_e73f0_c0 (303 bytes x86)
[PASS  ] bb_libandroid_runtime_e73f0_c1 (303 bytes x86)
[PASS  ] bb_libandroid_runtime_e73f0_c2 (303 bytes x86)
[PASS  ] bb_libandroid_runtime_e7430_c0 (84 bytes x86)
[PASS  ] bb_libandroid_runtime_e7430_c1 (84 bytes x86)
[PASS  ] bb_libandroid_runtime_e7430_c2 (84 bytes x86)
[SKIP  ] bb_libandroid_runtime_e7648_c0 reference: unsupported insn 0xd503201f
[SKIP  ] bb_libandroid_runtime_e7648_c1 reference: unsupported insn 0xd503201f
[SKIP  ] bb_libandroid_runtime_e7648_c2 reference: unsupported insn 0xd503201f
[PASS  ] bb_libandroid_runtime_e7680_c0 (168 bytes x86)
[PASS  ] bb_libandroid_runtime_e7680_c1 (168 bytes x86)
[PASS  ] bb_libandroid_runtime_e7680_c2 (168 bytes x86)
[PASS  ] bb_libandroid_runtime_e768c_c0 (145 bytes x86)
[PASS  ] bb_libandroid_runtime_e768c_c1 (145 bytes x86)
[PASS  ] bb_libandroid_runtime_e768c_c2 (145 bytes x86)
[PASS  ] bb_libandroid_runtime_e7764_c0 (92 bytes x86)
[PASS  ] bb_libandroid_runtime_e7764_c1 (92 bytes x86)
[PASS  ] bb_libandroid_runtime_e7764_c2 (92 bytes x86)
[PASS  ] bb_libandroid_runtime_e7780_c0 (160 bytes x86)
[PASS  ] bb_libandroid_runtime_e7780_c1 (160 bytes x86)
[PASS  ] bb_libandroid_runtime_e7780_c2 (160 bytes x86)
[PASS  ] bb_libandroid_runtime_e77ec_c0 (258 bytes x86)
[PASS  ] bb_libandroid_runtime_e77ec_c1 (258 bytes x86)
[PASS  ] bb_libandroid_runtime_e77ec_c2 (258 bytes x86)
[PASS  ] bb_libandroid_runtime_e7824_c0 (193 bytes x86)
[PASS  ] bb_libandroid_runtime_e7824_c1 (193 bytes x86)
[PASS  ] bb_libandroid_runtime_e7824_c2 (193 bytes x86)
[PASS  ] bb_libandroid_runtime_e7834_c0 (171 bytes x86)
[PASS  ] bb_libandroid_runtime_e7834_c1 (171 bytes x86)
[PASS  ] bb_libandroid_runtime_e7834_c2 (171 bytes x86)
[SKIP  ] bb_libandroid_runtime_e7858_c0 reference: unsupported insn 0xd503201f
[SKIP  ] bb_libandroid_runtime_e7858_c1 reference: unsupported insn 0xd503201f
[SKIP  ] bb_libandroid_runtime_e7858_c2 reference: unsupported insn 0xd503201f
[PASS  ] bb_libandroid_runtime_e7868_c0 (483 bytes x86)
[PASS  ] bb_libandroid_runtime_e7868_c1 (483 bytes x86)
[PASS  ] bb_libandroid_runtime_e7868_c2 (483 bytes x86)
[PASS  ] bb_libandroid_runtime_e7888_c0 (121 bytes x86)
[PASS  ] bb_libandroid_runtime_e7888_c1 (121 bytes x86)
[PASS  ] bb_libandroid_runtime_e7888_c2 (121 bytes x86)
[PASS  ] bb_libandroid_runtime_e78b4_c0 (193 bytes x86)
[PASS  ] bb_libandroid_runtime_e78b4_c1 (193 bytes x86)
[PASS  ] bb_libandroid_runtime_e78b4_c2 (193 bytes x86)
[PASS  ] bb_libandroid_runtime_e7a88_c0 (572 bytes x86)
[PASS  ] bb_libandroid_runtime_e7a88_c1 (572 bytes x86)
[PASS  ] bb_libandroid_runtime_e7a88_c2 (572 bytes x86)
[PASS  ] bb_libandroid_runtime_e7b58_c0 (122 bytes x86)
[PASS  ] bb_libandroid_runtime_e7b58_c1 (122 bytes x86)
[PASS  ] bb_libandroid_runtime_e7b58_c2 (122 bytes x86)
[SKIP  ] bb_libandroid_runtime_e7b7c_c0 reference: unsupported insn 0xd503201f
[SKIP  ] bb_libandroid_runtime_e7b7c_c1 reference: unsupported insn 0xd503201f
[SKIP  ] bb_libandroid_runtime_e7b7c_c2 reference: unsupported insn 0xd503201f
[PASS  ] bb_libandroid_runtime_e7b90_c0 (209 bytes x86)
[PASS  ] bb_libandroid_runtime_e7b90_c1 (209 bytes x86)
[PASS  ] bb_libandroid_runtime_e7b90_c2 (209 bytes x86)
[PASS  ] bb_libandroid_runtime_e7bc0_c0 (149 bytes x86)
[PASS  ] bb_libandroid_runtime_e7bc0_c1 (149 bytes x86)
[PASS  ] bb_libandroid_runtime_e7bc0_c2 (149 bytes x86)
[PASS  ] bb_libandroid_runtime_e7c74_c0 (406 bytes x86)
[PASS  ] bb_libandroid_runtime_e7c74_c1 (406 bytes x86)
[PASS  ] bb_libandroid_runtime_e7c74_c2 (406 bytes x86)
[PASS  ] bb_libandroid_runtime_e7c94_c0 (142 bytes x86)
[PASS  ] bb_libandroid_runtime_e7c94_c1 (142 bytes x86)
[PASS  ] bb_libandroid_runtime_e7c94_c2 (142 bytes x86)
[PASS  ] bb_libandroid_runtime_e7ca0_c0 (174 bytes x86)
[PASS  ] bb_libandroid_runtime_e7ca0_c1 (174 bytes x86)
[PASS  ] bb_libandroid_runtime_e7ca0_c2 (174 bytes x86)
[PASS  ] bb_libandroid_runtime_e7cd0_c0 (190 bytes x86)
[PASS  ] bb_libandroid_runtime_e7cd0_c1 (190 bytes x86)
[PASS  ] bb_libandroid_runtime_e7cd0_c2 (190 bytes x86)
[PASS  ] bb_libandroid_runtime_e7d74_c0 (209 bytes x86)
[PASS  ] bb_libandroid_runtime_e7d74_c1 (209 bytes x86)
[PASS  ] bb_libandroid_runtime_e7d74_c2 (209 bytes x86)
[SKIP  ] bb_libandroid_runtime_e7e3c_c0 reference: unsupported insn 0xd503201f
[SKIP  ] bb_libandroid_runtime_e7e3c_c1 reference: unsupported insn 0xd503201f
[SKIP  ] bb_libandroid_runtime_e7e3c_c2 reference: unsupported insn 0xd503201f
[SKIP  ] bb_libandroid_runtime_e7e5c_c0 reference: unsupported insn 0xd503201f
[SKIP  ] bb_libandroid_runtime_e7e5c_c1 reference: unsupported insn 0xd503201f
[SKIP  ] bb_libandroid_runtime_e7e5c_c2 reference: unsupported insn 0xd503201f
[PASS  ] bb_libandroid_runtime_e7e90_c0 (193 bytes x86)
[PASS  ] bb_libandroid_runtime_e7e90_c1 (193 bytes x86)
[PASS  ] bb_libandroid_runtime_e7e90_c2 (193 bytes x86)
[PASS  ] bb_libandroid_runtime_e7ecc_c0 (78 bytes x86)
[PASS  ] bb_libandroid_runtime_e7ecc_c1 (78 bytes x86)
[PASS  ] bb_libandroid_runtime_e7ecc_c2 (78 bytes x86)
[PASS  ] bb_libandroid_runtime_e7ef4_c0 (193 bytes x86)
[PASS  ] bb_libandroid_runtime_e7ef4_c1 (193 bytes x86)
[PASS  ] bb_libandroid_runtime_e7ef4_c2 (193 bytes x86)
[SKIP  ] bb_libandroid_runtime_e804c_c0 reference: unsupported insn 0xd503201f
[SKIP  ] bb_libandroid_runtime_e804c_c1 reference: unsupported insn 0xd503201f
[SKIP  ] bb_libandroid_runtime_e804c_c2 reference: unsupported insn 0xd503201f
[PASS  ] bb_libandroid_runtime_e8068_c0 (149 bytes x86)
[PASS  ] bb_libandroid_runtime_e8068_c1 (149 bytes x86)
[PASS  ] bb_libandroid_runtime_e8068_c2 (149 bytes x86)
[SKIP  ] bb_libandroid_runtime_e80c8_c0 reference: unsupported insn 0xd503201f
[SKIP  ] bb_libandroid_runtime_e80c8_c1 reference: unsupported insn 0xd503201f
[SKIP  ] bb_libandroid_runtime_e80c8_c2 reference: unsupported insn 0xd503201f
[PASS  ] bb_libandroid_runtime_e81a0_c0 (146 bytes x86)
[PASS  ] bb_libandroid_runtime_e81a0_c1 (146 bytes x86)
[PASS  ] bb_libandroid_runtime_e81a0_c2 (146 bytes x86)
[PASS  ] bb_libandroid_runtime_e81bc_c0 (83 bytes x86)
[PASS  ] bb_libandroid_runtime_e81bc_c1 (83 bytes x86)
[PASS  ] bb_libandroid_runtime_e81bc_c2 (83 bytes x86)
[PASS  ] bb_libandroid_runtime_e8304_c0 (136 bytes x86)
[PASS  ] bb_libandroid_runtime_e8304_c1 (136 bytes x86)
[PASS  ] bb_libandroid_runtime_e8304_c2 (136 bytes x86)
[PASS  ] bb_libandroid_runtime_e8418_c0 (136 bytes x86)
[PASS  ] bb_libandroid_runtime_e8418_c1 (136 bytes x86)
[PASS  ] bb_libandroid_runtime_e8418_c2 (136 bytes x86)
[PASS  ] bb_libandroid_runtime_e84c0_c0 (77 bytes x86)
[PASS  ] bb_libandroid_runtime_e84c0_c1 (77 bytes x86)
[PASS  ] bb_libandroid_runtime_e84c0_c2 (77 bytes x86)
[PASS  ] bb_libandroid_runtime_e84e0_c0 (445 bytes x86)
[PASS  ] bb_libandroid_runtime_e84e0_c1 (445 bytes x86)
[PASS  ] bb_libandroid_runtime_e84e0_c2 (445 bytes x86)
[PASS  ] bb_libandroid_runtime_e8500_c0 (159 bytes x86)
[PASS  ] bb_libandroid_runtime_e8500_c1 (159 bytes x86)
[PASS  ] bb_libandroid_runtime_e8500_c2 (159 bytes x86)
[SKIP  ] bb_libandroid_runtime_e8728_c0 reference: unsupported insn 0x4f000546
[SKIP  ] bb_libandroid_runtime_e8728_c1 reference: unsupported insn 0x4f000546
[SKIP  ] bb_libandroid_runtime_e8728_c2 reference: unsupported insn 0x4f000546
[SKIP  ] bb_libandroid_runtime_e8788_c0 reference: unsupported insn 0x4f011602
[SKIP  ] bb_libandroid_runtime_e8788_c1 reference: unsupported insn 0x4f011602
[SKIP  ] bb_libandroid_runtime_e8788_c2 reference: unsupported insn 0x4f011602
[SKIP  ] bb_libandroid_runtime_e87a8_c0 reference: unsupported insn 0x4f011611
[SKIP  ] bb_libandroid_runtime_e87a8_c1 reference: unsupported insn 0x4f011611
[SKIP  ] bb_libandroid_runtime_e87a8_c2 reference: unsupported insn 0x4f011611
[PASS  ] bb_libandroid_runtime_e881c_c0 (119 bytes x86)
[PASS  ] bb_libandroid_runtime_e881c_c1 (119 bytes x86)
[PASS  ] bb_libandroid_runtime_e881c_c2 (119 bytes x86)
[PASS  ] bb_libandroid_runtime_e8abc_c0 (125 bytes x86)
[PASS  ] bb_libandroid_runtime_e8abc_c1 (125 bytes x86)
[PASS  ] bb_libandroid_runtime_e8abc_c2 (125 bytes x86)
[PASS  ] bb_libandroid_runtime_e8b80_c0 (391 bytes x86)
[PASS  ] bb_libandroid_runtime_e8b80_c1 (391 bytes x86)
[PASS  ] bb_libandroid_runtime_e8b80_c2 (391 bytes x86)
[SKIP  ] bb_libandroid_runtime_e8bbc_c0 reference: unsupported insn 0xfa401924
[SKIP  ] bb_libandroid_runtime_e8bbc_c1 reference: unsupported insn 0xfa401924
[SKIP  ] bb_libandroid_runtime_e8bbc_c2 reference: unsupported insn 0xfa401924
[SKIP  ] bb_libandroid_runtime_e8e84_c0 reference: unsupported insn 0xd5380429
[SKIP  ] bb_libandroid_runtime_e8e84_c1 reference: unsupported insn 0xd5380429
[SKIP  ] bb_libandroid_runtime_e8e84_c2 reference: unsupported insn 0xd5380429
[PASS  ] bb_libandroid_runtime_e8ea8_c0 (183 bytes x86)
[PASS  ] bb_libandroid_runtime_e8ea8_c1 (183 bytes x86)
[PASS  ] bb_libandroid_runtime_e8ea8_c2 (183 bytes x86)
[SKIP  ] bb_libandroid_runtime_e8eb8_c0 reference: unsupported insn 0xd5380409
[SKIP  ] bb_libandroid_runtime_e8eb8_c1 reference: unsupported insn 0xd5380409
[SKIP  ] bb_libandroid_runtime_e8eb8_c2 reference: unsupported insn 0xd5380409
[SKIP  ] bb_libandroid_runtime_e8ed0_c0 reference: unsupported insn 0xd5380489
[SKIP  ] bb_libandroid_runtime_e8ed0_c1 reference: unsupported insn 0xd5380489
[SKIP  ] bb_libandroid_runtime_e8ed0_c2 reference: unsupported insn 0xd5380489
[SKIP  ] bb_libandroid_runtime_e8f70_c0 reference: unsupported insn 0xd5380629
[SKIP  ] bb_libandroid_runtime_e8f70_c1 reference: unsupported insn 0xd5380629
[SKIP  ] bb_libandroid_runtime_e8f70_c2 reference: unsupported insn 0xd5380629
[PASS  ] bb_libandroid_runtime_e8fa4_c0 (490 bytes x86)
[PASS  ] bb_libandroid_runtime_e8fa4_c1 (490 bytes x86)
[PASS  ] bb_libandroid_runtime_e8fa4_c2 (490 bytes x86)
[PASS  ] bb_libandroid_runtime_e8fc4_c0 (119 bytes x86)
[PASS  ] bb_libandroid_runtime_e8fc4_c1 (119 bytes x86)
[PASS  ] bb_libandroid_runtime_e8fc4_c2 (119 bytes x86)
[PASS  ] bb_libandroid_runtime_e9060_c0 (79 bytes x86)
[PASS  ] bb_libandroid_runtime_e9060_c1 (79 bytes x86)
[PASS  ] bb_libandroid_runtime_e9060_c2 (79 bytes x86)
[PASS  ] bb_libandroid_runtime_e91b4_c0 (129 bytes x86)
[PASS  ] bb_libandroid_runtime_e91b4_c1 (129 bytes x86)
[PASS  ] bb_libandroid_runtime_e91b4_c2 (129 bytes x86)
[PASS  ] bb_libandroid_runtime_e9204_c0 (131 bytes x86)
[PASS  ] bb_libandroid_runtime_e9204_c1 (131 bytes x86)
[PASS  ] bb_libandroid_runtime_e9204_c2 (131 bytes x86)
[PASS  ] bb_libandroid_runtime_e92b4_c0 (129 bytes x86)
[PASS  ] bb_libandroid_runtime_e92b4_c1 (129 bytes x86)
[PASS  ] bb_libandroid_runtime_e92b4_c2 (129 bytes x86)
[PASS  ] bb_libandroid_runtime_e92c8_c0 (132 bytes x86)
[PASS  ] bb_libandroid_runtime_e92c8_c1 (132 bytes x86)
[PASS  ] bb_libandroid_runtime_e92c8_c2 (132 bytes x86)
[PASS  ] bb_libandroid_runtime_e94b0_c0 (136 bytes x86)
[PASS  ] bb_libandroid_runtime_e94b0_c1 (136 bytes x86)
[PASS  ] bb_libandroid_runtime_e94b0_c2 (136 bytes x86)
[PASS  ] bb_libandroid_runtime_e97a8_c0 (153 bytes x86)
[PASS  ] bb_libandroid_runtime_e97a8_c1 (153 bytes x86)
[PASS  ] bb_libandroid_runtime_e97a8_c2 (153 bytes x86)
[PASS  ] bb_libandroid_runtime_e9804_c0 (85 bytes x86)
[PASS  ] bb_libandroid_runtime_e9804_c1 (85 bytes x86)
[PASS  ] bb_libandroid_runtime_e9804_c2 (85 bytes x86)
[PASS  ] bb_libandroid_runtime_e9910_c0 (124 bytes x86)
[PASS  ] bb_libandroid_runtime_e9910_c1 (124 bytes x86)
[PASS  ] bb_libandroid_runtime_e9910_c2 (124 bytes x86)
[PASS  ] bb_libandroid_runtime_e9920_c0 (130 bytes x86)
[PASS  ] bb_libandroid_runtime_e9920_c1 (130 bytes x86)
[PASS  ] bb_libandroid_runtime_e9920_c2 (130 bytes x86)
[PASS  ] bb_libandroid_runtime_e9930_c0 (179 bytes x86)
[PASS  ] bb_libandroid_runtime_e9930_c1 (179 bytes x86)
[PASS  ] bb_libandroid_runtime_e9930_c2 (179 bytes x86)
[PASS  ] bb_libandroid_runtime_e9950_c0 (277 bytes x86)
[PASS  ] bb_libandroid_runtime_e9950_c1 (277 bytes x86)
[PASS  ] bb_libandroid_runtime_e9950_c2 (277 bytes x86)
[PASS  ] bb_libandroid_runtime_e99c4_c0 (307 bytes x86)
[PASS  ] bb_libandroid_runtime_e99c4_c1 (307 bytes x86)
[PASS  ] bb_libandroid_runtime_e99c4_c2 (307 bytes x86)
[PASS  ] bb_libandroid_runtime_e99d8_c0 (149 bytes x86)
[PASS  ] bb_libandroid_runtime_e99d8_c1 (149 bytes x86)
[PASS  ] bb_libandroid_runtime_e99d8_c2 (149 bytes x86)
[PASS  ] bb_libandroid_runtime_e9a60_c0 (167 bytes x86)
[PASS  ] bb_libandroid_runtime_e9a60_c1 (167 bytes x86)
[PASS  ] bb_libandroid_runtime_e9a60_c2 (167 bytes x86)
[PASS  ] bb_libandroid_runtime_e9a80_c0 (253 bytes x86)
[PASS  ] bb_libandroid_runtime_e9a80_c1 (253 bytes x86)
[PASS  ] bb_libandroid_runtime_e9a80_c2 (253 bytes x86)
[PASS  ] bb_libandroid_runtime_eab64_c0 (128 bytes x86)
[PASS  ] bb_libandroid_runtime_eab64_c1 (128 bytes x86)
[PASS  ] bb_libandroid_runtime_eab64_c2 (128 bytes x86)
[PASS  ] bb_libandroid_runtime_eac4c_c0 (128 bytes x86)
[PASS  ] bb_libandroid_runtime_eac4c_c1 (128 bytes x86)
[PASS  ] bb_libandroid_runtime_eac4c_c2 (128 bytes x86)
[PASS  ] bb_libandroid_runtime_eaccc_c0 (82 bytes x86)
[PASS  ] bb_libandroid_runtime_eaccc_c1 (82 bytes x86)
[PASS  ] bb_libandroid_runtime_eaccc_c2 (82 bytes x86)
[PASS  ] bb_libandroid_runtime_eae1c_c0 (82 bytes x86)
[PASS  ] bb_libandroid_runtime_eae1c_c1 (82 bytes x86)
[PASS  ] bb_libandroid_runtime_eae1c_c2 (82 bytes x86)
[PASS  ] bb_libandroid_runtime_eb18c_c0 (129 bytes x86)
[PASS  ] bb_libandroid_runtime_eb18c_c1 (129 bytes x86)
[PASS  ] bb_libandroid_runtime_eb18c_c2 (129 bytes x86)
[PASS  ] bb_libandroid_runtime_eb29c_c0 (129 bytes x86)
[PASS  ] bb_libandroid_runtime_eb29c_c1 (129 bytes x86)
[PASS  ] bb_libandroid_runtime_eb29c_c2 (129 bytes x86)
[PASS  ] bb_libandroid_runtime_eb574_c0 (75 bytes x86)
[PASS  ] bb_libandroid_runtime_eb574_c1 (75 bytes x86)
[PASS  ] bb_libandroid_runtime_eb574_c2 (75 bytes x86)
[PASS  ] bb_libandroid_runtime_eb69c_c0 (334 bytes x86)
[PASS  ] bb_libandroid_runtime_eb69c_c1 (334 bytes x86)
[PASS  ] bb_libandroid_runtime_eb69c_c2 (334 bytes x86)
[PASS  ] bb_libandroid_runtime_eb6b0_c0 (90 bytes x86)
[PASS  ] bb_libandroid_runtime_eb6b0_c1 (90 bytes x86)
[PASS  ] bb_libandroid_runtime_eb6b0_c2 (90 bytes x86)
[PASS  ] bb_libandroid_runtime_eb6dc_c0 (92 bytes x86)
[PASS  ] bb_libandroid_runtime_eb6dc_c1 (92 bytes x86)
[PASS  ] bb_libandroid_runtime_eb6dc_c2 (92 bytes x86)
[PASS  ] bb_libandroid_runtime_eb7c4_c0 (222 bytes x86)
[PASS  ] bb_libandroid_runtime_eb7c4_c1 (222 bytes x86)
[PASS  ] bb_libandroid_runtime_eb7c4_c2 (222 bytes x86)
[PASS  ] bb_libandroid_runtime_eb890_c0 (158 bytes x86)
[PASS  ] bb_libandroid_runtime_eb890_c1 (158 bytes x86)
[PASS  ] bb_libandroid_runtime_eb890_c2 (158 bytes x86)
[PASS  ] bb_libandroid_runtime_eb95c_c0 (224 bytes x86)
[PASS  ] bb_libandroid_runtime_eb95c_c1 (224 bytes x86)
[PASS  ] bb_libandroid_runtime_eb95c_c2 (224 bytes x86)
[PASS  ] bb_libandroid_runtime_eba5c_c0 (224 bytes x86)
[PASS  ] bb_libandroid_runtime_eba5c_c1 (224 bytes x86)
[PASS  ] bb_libandroid_runtime_eba5c_c2 (224 bytes x86)

summary: 798 PASS, 0 FAIL, 102 SKIP, 0 DBTERR
