=== AETHER dbt-oracle — 1350 block(s) ===
    reference engine: hand-written ARM64 interpreter (independent of DBT)

[PASS  ] bb_libart_2004d8_c0          (405 bytes x86)
[PASS  ] bb_libart_2004d8_c1          (405 bytes x86)
[PASS  ] bb_libart_2004d8_c2          (405 bytes x86)
[SKIP  ] bb_libart_2010fc_c0          reference: unsupported insn 0x4f0005e2
[SKIP  ] bb_libart_2010fc_c1          reference: unsupported insn 0x4f0005e2
[SKIP  ] bb_libart_2010fc_c2          reference: unsupported insn 0x4f0005e2
[SKIP  ] bb_libart_20130c_c0          reference: unsupported insn 0x4f0005e2
[SKIP  ] bb_libart_20130c_c1          reference: unsupported insn 0x4f0005e2
[SKIP  ] bb_libart_20130c_c2          reference: unsupported insn 0x4f0005e2
[SKIP  ] bb_libart_20132c_c0          reference: unsupported insn 0x0f0005e4
[SKIP  ] bb_libart_20132c_c1          reference: unsupported insn 0x0f0005e4
[SKIP  ] bb_libart_20132c_c2          reference: unsupported insn 0x0f0005e4
[SKIP  ] bb_libart_2026c8_c0          reference: unsupported insn 0x9e670100
[SKIP  ] bb_libart_2026c8_c1          reference: unsupported insn 0x9e670100
[SKIP  ] bb_libart_2026c8_c2          reference: unsupported insn 0x9e670100
[SKIP  ] bb_libart_2026e8_c0          reference: unsupported insn 0x0e205800
[SKIP  ] bb_libart_2026e8_c1          reference: unsupported insn 0x0e205800
[SKIP  ] bb_libart_2026e8_c2          reference: unsupported insn 0x0e205800
[SKIP  ] bb_libart_202708_c0          reference: unsupported insn 0x1e26000c
[SKIP  ] bb_libart_202708_c1          reference: unsupported insn 0x1e26000c
[SKIP  ] bb_libart_202708_c2          reference: unsupported insn 0x1e26000c
[SKIP  ] bb_libart_213be8_c0          reference: unsupported insn 0x1e6c1001
[SKIP  ] bb_libart_213be8_c1          reference: unsupported insn 0x1e6c1001
[SKIP  ] bb_libart_213be8_c2          reference: unsupported insn 0x1e6c1001
[SKIP  ] bb_libart_2145d0_c0          reference: unsupported insn 0x9e660002
[SKIP  ] bb_libart_2145d0_c1          reference: unsupported insn 0x9e660002
[SKIP  ] bb_libart_2145d0_c2          reference: unsupported insn 0x9e660002
[SKIP  ] bb_libart_21f16c_c0          reference: unsupported insn 0x1e270160
[SKIP  ] bb_libart_21f16c_c1          reference: unsupported insn 0x1e270160
[SKIP  ] bb_libart_21f16c_c2          reference: unsupported insn 0x1e270160
[SKIP  ] bb_libart_21f270_c0          reference: unsupported insn 0x1e270120
[SKIP  ] bb_libart_21f270_c1          reference: unsupported insn 0x1e270120
[SKIP  ] bb_libart_21f270_c2          reference: unsupported insn 0x1e270120
[SKIP  ] bb_libart_220748_c0          reference: unsupported insn 0x6f07e7e2
[SKIP  ] bb_libart_220748_c1          reference: unsupported insn 0x6f07e7e2
[SKIP  ] bb_libart_220748_c2          reference: unsupported insn 0x6f07e7e2
[SKIP  ] bb_libart_223020_c0          reference: unsupported insn 0x6f07e7e2
[SKIP  ] bb_libart_223020_c1          reference: unsupported insn 0x6f07e7e2
[SKIP  ] bb_libart_223020_c2          reference: unsupported insn 0x6f07e7e2
[SKIP  ] bb_libart_2241fc_c0          reference: unsupported insn 0x6f07e7e2
[SKIP  ] bb_libart_2241fc_c1          reference: unsupported insn 0x6f07e7e2
[SKIP  ] bb_libart_2241fc_c2          reference: unsupported insn 0x6f07e7e2
[PASS  ] bb_libart_2280e4_c0          (411 bytes x86)
[PASS  ] bb_libart_2280e4_c1          (411 bytes x86)
[PASS  ] bb_libart_2280e4_c2          (411 bytes x86)
[SKIP  ] bb_libart_228960_c0          reference: unsupported insn 0x4f0005e2
[SKIP  ] bb_libart_228960_c1          reference: unsupported insn 0x4f0005e2
[SKIP  ] bb_libart_228960_c2          reference: unsupported insn 0x4f0005e2
[SKIP  ] bb_libart_228b18_c0          reference: unsupported insn 0x4f0005e2
[SKIP  ] bb_libart_228b18_c1          reference: unsupported insn 0x4f0005e2
[SKIP  ] bb_libart_228b18_c2          reference: unsupported insn 0x4f0005e2
[SKIP  ] bb_libart_228b38_c0          reference: unsupported insn 0x0f0005e4
[SKIP  ] bb_libart_228b38_c1          reference: unsupported insn 0x0f0005e4
[SKIP  ] bb_libart_228b38_c2          reference: unsupported insn 0x0f0005e4
[SKIP  ] bb_libart_22a448_c0          reference: unsupported insn 0x6f00e400
[SKIP  ] bb_libart_22a448_c1          reference: unsupported insn 0x6f00e400
[SKIP  ] bb_libart_22a448_c2          reference: unsupported insn 0x6f00e400
[SKIP  ] bb_libart_22e628_c0          reference: unsupported insn 0x9e670100
[SKIP  ] bb_libart_22e628_c1          reference: unsupported insn 0x9e670100
[SKIP  ] bb_libart_22e628_c2          reference: unsupported insn 0x9e670100
[PASS  ] bb_libart_22e768_c0          (129 bytes x86)
[PASS  ] bb_libart_22e768_c1          (129 bytes x86)
[PASS  ] bb_libart_22e768_c2          (129 bytes x86)
[PASS  ] bb_libart_22e774_c0          (266 bytes x86)
[PASS  ] bb_libart_22e774_c1          (266 bytes x86)
[PASS  ] bb_libart_22e774_c2          (266 bytes x86)
[SKIP  ] bb_libart_22e784_c0          reference: unsupported insn 0x9e670300
[SKIP  ] bb_libart_22e784_c1          reference: unsupported insn 0x9e670300
[SKIP  ] bb_libart_22e784_c2          reference: unsupported insn 0x9e670300
[SKIP  ] bb_libart_22e930_c0          reference: unsupported insn 0x9e290009
[SKIP  ] bb_libart_22e930_c1          reference: unsupported insn 0x9e290009
[SKIP  ] bb_libart_22e930_c2          reference: unsupported insn 0x9e290009
[SKIP  ] bb_libart_22fc20_c0          reference: unsupported insn 0x6f00e400
[SKIP  ] bb_libart_22fc20_c1          reference: unsupported insn 0x6f00e400
[SKIP  ] bb_libart_22fc20_c2          reference: unsupported insn 0x6f00e400
[SKIP  ] bb_libart_230114_c0          reference: unsupported insn 0x6f00e400
[SKIP  ] bb_libart_230114_c1          reference: unsupported insn 0x6f00e400
[SKIP  ] bb_libart_230114_c2          reference: unsupported insn 0x6f00e400
[SKIP  ] bb_libart_231040_c0          reference: unsupported insn 0x6f00e400
[SKIP  ] bb_libart_231040_c1          reference: unsupported insn 0x6f00e400
[SKIP  ] bb_libart_231040_c2          reference: unsupported insn 0x6f00e400
[SKIP  ] bb_libart_2310ec_c0          reference: unsupported insn 0x6f00e400
[SKIP  ] bb_libart_2310ec_c1          reference: unsupported insn 0x6f00e400
[SKIP  ] bb_libart_2310ec_c2          reference: unsupported insn 0x6f00e400
[SKIP  ] bb_libart_231ca4_c0          reference: unsupported insn 0x6f00e400
[SKIP  ] bb_libart_231ca4_c1          reference: unsupported insn 0x6f00e400
[SKIP  ] bb_libart_231ca4_c2          reference: unsupported insn 0x6f00e400
[SKIP  ] bb_libart_231ccc_c0          reference: unsupported insn 0x6f00e400
[SKIP  ] bb_libart_231ccc_c1          reference: unsupported insn 0x6f00e400
[SKIP  ] bb_libart_231ccc_c2          reference: unsupported insn 0x6f00e400
[SKIP  ] bb_libart_231d68_c0          reference: unsupported insn 0x6f00e400
[SKIP  ] bb_libart_231d68_c1          reference: unsupported insn 0x6f00e400
[SKIP  ] bb_libart_231d68_c2          reference: unsupported insn 0x6f00e400
[SKIP  ] bb_libart_236160_c0          reference: unsupported insn 0x6f00e401
[SKIP  ] bb_libart_236160_c1          reference: unsupported insn 0x6f00e401
[SKIP  ] bb_libart_236160_c2          reference: unsupported insn 0x6f00e401
[PASS  ] bb_libart_2392a4_c0          (79 bytes x86)
[PASS  ] bb_libart_2392a4_c1          (79 bytes x86)
[PASS  ] bb_libart_2392a4_c2          (79 bytes x86)
[PASS  ] bb_libart_2392b0_c0          (84 bytes x86)
[PASS  ] bb_libart_2392b0_c1          (84 bytes x86)
[PASS  ] bb_libart_2392b0_c2          (84 bytes x86)
[PASS  ] bb_libart_26f5d8_c0          (411 bytes x86)
[PASS  ] bb_libart_26f5d8_c1          (411 bytes x86)
[PASS  ] bb_libart_26f5d8_c2          (411 bytes x86)
[PASS  ] bb_libart_270590_c0          (411 bytes x86)
[PASS  ] bb_libart_270590_c1          (411 bytes x86)
[PASS  ] bb_libart_270590_c2          (411 bytes x86)
[PASS  ] bb_libart_272564_c0          (478 bytes x86)
[PASS  ] bb_libart_272564_c1          (478 bytes x86)
[PASS  ] bb_libart_272564_c2          (478 bytes x86)
[PASS  ] bb_libart_272584_c0          (516 bytes x86)
[PASS  ] bb_libart_272584_c1          (516 bytes x86)
[PASS  ] bb_libart_272584_c2          (516 bytes x86)
[SKIP  ] bb_libart_2725a4_c0          reference: unsupported insn 0x6e205a31
[SKIP  ] bb_libart_2725a4_c1          reference: unsupported insn 0x6e205a31
[SKIP  ] bb_libart_2725a4_c2          reference: unsupported insn 0x6e205a31
[PASS  ] bb_libart_27546c_c0          (503 bytes x86)
[PASS  ] bb_libart_27546c_c1          (503 bytes x86)
[PASS  ] bb_libart_27546c_c2          (503 bytes x86)
[PASS  ] bb_libart_27548c_c0          (478 bytes x86)
[PASS  ] bb_libart_27548c_c1          (478 bytes x86)
[PASS  ] bb_libart_27548c_c2          (478 bytes x86)
[SKIP  ] bb_libart_2754ac_c0          reference: unsupported insn 0x6e205a31
[SKIP  ] bb_libart_2754ac_c1          reference: unsupported insn 0x6e205a31
[SKIP  ] bb_libart_2754ac_c2          reference: unsupported insn 0x6e205a31
[PASS  ] bb_libart_2754cc_c0          (160 bytes x86)
[PASS  ] bb_libart_2754cc_c1          (160 bytes x86)
[PASS  ] bb_libart_2754cc_c2          (160 bytes x86)
[PASS  ] bb_libart_28939c_c0          (411 bytes x86)
[PASS  ] bb_libart_28939c_c1          (411 bytes x86)
[PASS  ] bb_libart_28939c_c2          (411 bytes x86)
[PASS  ] bb_libart_289524_c0          (439 bytes x86)
[PASS  ] bb_libart_289524_c1          (439 bytes x86)
[PASS  ] bb_libart_289524_c2          (439 bytes x86)
[PASS  ] bb_libart_289544_c0          (515 bytes x86)
[PASS  ] bb_libart_289544_c1          (515 bytes x86)
[PASS  ] bb_libart_289544_c2          (515 bytes x86)
[SKIP  ] bb_libart_289564_c0          reference: unsupported insn 0x6e205a31
[SKIP  ] bb_libart_289564_c1          reference: unsupported insn 0x6e205a31
[SKIP  ] bb_libart_289564_c2          reference: unsupported insn 0x6e205a31
[SKIP  ] bb_libart_2957ec_c0          reference: unsupported insn 0x1e270140
[SKIP  ] bb_libart_2957ec_c1          reference: unsupported insn 0x1e270140
[SKIP  ] bb_libart_2957ec_c2          reference: unsupported insn 0x1e270140
[SKIP  ] bb_libart_29582c_c0          reference: unsupported insn 0x1e270140
[SKIP  ] bb_libart_29582c_c1          reference: unsupported insn 0x1e270140
[SKIP  ] bb_libart_29582c_c2          reference: unsupported insn 0x1e270140
[PASS  ] bb_libart_29e480_c0          (266 bytes x86)
[PASS  ] bb_libart_29e480_c1          (266 bytes x86)
[PASS  ] bb_libart_29e480_c2          (266 bytes x86)
[SKIP  ] bb_libart_29e5ac_c0          reference: unsupported insn 0x9e290009
[SKIP  ] bb_libart_29e5ac_c1          reference: unsupported insn 0x9e290009
[SKIP  ] bb_libart_29e5ac_c2          reference: unsupported insn 0x9e290009
[SKIP  ] bb_libart_29e808_c0          reference: unsupported insn 0x9e670260
[SKIP  ] bb_libart_29e808_c1          reference: unsupported insn 0x9e670260
[SKIP  ] bb_libart_29e808_c2          reference: unsupported insn 0x9e670260
[PASS  ] bb_libart_2a1108_c0          (266 bytes x86)
[PASS  ] bb_libart_2a1108_c1          (266 bytes x86)
[PASS  ] bb_libart_2a1108_c2          (266 bytes x86)
[SKIP  ] bb_libart_2a11d4_c0          reference: unsupported insn 0x9e29000a
[SKIP  ] bb_libart_2a11d4_c1          reference: unsupported insn 0x9e29000a
[SKIP  ] bb_libart_2a11d4_c2          reference: unsupported insn 0x9e29000a
[SKIP  ] bb_libart_2a12cc_c0          reference: unsupported insn 0x9e6702e0
[SKIP  ] bb_libart_2a12cc_c1          reference: unsupported insn 0x9e6702e0
[SKIP  ] bb_libart_2a12cc_c2          reference: unsupported insn 0x9e6702e0
[SKIP  ] bb_libart_2af2dc_c0          reference: unsupported insn 0x1e26000c
[SKIP  ] bb_libart_2af2dc_c1          reference: unsupported insn 0x1e26000c
[SKIP  ] bb_libart_2af2dc_c2          reference: unsupported insn 0x1e26000c
[SKIP  ] bb_libart_2b15a0_c0          reference: unsupported insn 0x1e26000b
[SKIP  ] bb_libart_2b15a0_c1          reference: unsupported insn 0x1e26000b
[SKIP  ] bb_libart_2b15a0_c2          reference: unsupported insn 0x1e26000b
[SKIP  ] bb_libart_2b368c_c0          reference: unsupported insn 0x1e26000b
[SKIP  ] bb_libart_2b368c_c1          reference: unsupported insn 0x1e26000b
[SKIP  ] bb_libart_2b368c_c2          reference: unsupported insn 0x1e26000b
[SKIP  ] bb_libart_2b6914_c0          reference: unsupported insn 0x9e670120
[SKIP  ] bb_libart_2b6914_c1          reference: unsupported insn 0x9e670120
[SKIP  ] bb_libart_2b6914_c2          reference: unsupported insn 0x9e670120
[SKIP  ] bb_libart_2c4e40_c0          reference: unsupported insn 0x9e670100
[SKIP  ] bb_libart_2c4e40_c1          reference: unsupported insn 0x9e670100
[SKIP  ] bb_libart_2c4e40_c2          reference: unsupported insn 0x9e670100
[SKIP  ] bb_libart_2c4e60_c0          reference: unsupported insn 0x1e260009
[SKIP  ] bb_libart_2c4e60_c1          reference: unsupported insn 0x1e260009
[SKIP  ] bb_libart_2c4e60_c2          reference: unsupported insn 0x1e260009
[SKIP  ] bb_libart_2c5fb4_c0          reference: unsupported insn 0x9e670100
[SKIP  ] bb_libart_2c5fb4_c1          reference: unsupported insn 0x9e670100
[SKIP  ] bb_libart_2c5fb4_c2          reference: unsupported insn 0x9e670100
[SKIP  ] bb_libart_2c5fd4_c0          reference: unsupported insn 0x0e205800
[SKIP  ] bb_libart_2c5fd4_c1          reference: unsupported insn 0x0e205800
[SKIP  ] bb_libart_2c5fd4_c2          reference: unsupported insn 0x0e205800
[SKIP  ] bb_libart_2fb7fc_c0          reference: unsupported insn 0x6f00e400
[SKIP  ] bb_libart_2fb7fc_c1          reference: unsupported insn 0x6f00e400
[SKIP  ] bb_libart_2fb7fc_c2          reference: unsupported insn 0x6f00e400
[SKIP  ] bb_libart_2fc270_c0          reference: unsupported insn 0x6f00e400
[SKIP  ] bb_libart_2fc270_c1          reference: unsupported insn 0x6f00e400
[SKIP  ] bb_libart_2fc270_c2          reference: unsupported insn 0x6f00e400
[SKIP  ] bb_libart_304214_c0          reference: unsupported insn 0x0f000462
[SKIP  ] bb_libart_304214_c1          reference: unsupported insn 0x0f000462
[SKIP  ] bb_libart_304214_c2          reference: unsupported insn 0x0f000462
[SKIP  ] bb_libart_332b50_c0          reference: unsupported insn 0x9e6702c0
[SKIP  ] bb_libart_332b50_c1          reference: unsupported insn 0x9e6702c0
[SKIP  ] bb_libart_332b50_c2          reference: unsupported insn 0x9e6702c0
[SKIP  ] bb_libart_3332c0_c0          reference: unsupported insn 0x9e6702c0
[SKIP  ] bb_libart_3332c0_c1          reference: unsupported insn 0x9e6702c0
[SKIP  ] bb_libart_3332c0_c2          reference: unsupported insn 0x9e6702c0
[PASS  ] bb_libart_3399f0_c0          (146 bytes x86)
[PASS  ] bb_libart_3399f0_c1          (146 bytes x86)
[PASS  ] bb_libart_3399f0_c2          (146 bytes x86)
[PASS  ] bb_libart_339a04_c0          (146 bytes x86)
[PASS  ] bb_libart_339a04_c1          (146 bytes x86)
[PASS  ] bb_libart_339a04_c2          (146 bytes x86)
[SKIP  ] bb_libart_339a18_c0          reference: unsupported insn 0x1e270100
[SKIP  ] bb_libart_339a18_c1          reference: unsupported insn 0x1e270100
[SKIP  ] bb_libart_339a18_c2          reference: unsupported insn 0x1e270100
[SKIP  ] bb_libart_346080_c0          reference: unsupported insn 0x6f07e7e0
[SKIP  ] bb_libart_346080_c1          reference: unsupported insn 0x6f07e7e0
[SKIP  ] bb_libart_346080_c2          reference: unsupported insn 0x6f07e7e0
[PASS  ] bb_libart_348cc4_c0          (266 bytes x86)
[PASS  ] bb_libart_348cc4_c1          (266 bytes x86)
[PASS  ] bb_libart_348cc4_c2          (266 bytes x86)
[SKIP  ] bb_libart_348cd4_c0          reference: unsupported insn 0x9e670340
[SKIP  ] bb_libart_348cd4_c1          reference: unsupported insn 0x9e670340
[SKIP  ] bb_libart_348cd4_c2          reference: unsupported insn 0x9e670340
[SKIP  ] bb_libart_348ef4_c0          reference: unsupported insn 0x9e29000a
[SKIP  ] bb_libart_348ef4_c1          reference: unsupported insn 0x9e29000a
[SKIP  ] bb_libart_348ef4_c2          reference: unsupported insn 0x9e29000a
[PASS  ] bb_libart_34a91c_c0          (266 bytes x86)
[PASS  ] bb_libart_34a91c_c1          (266 bytes x86)
[PASS  ] bb_libart_34a91c_c2          (266 bytes x86)
[SKIP  ] bb_libart_34a92c_c0          reference: unsupported insn 0x9e670320
[SKIP  ] bb_libart_34a92c_c1          reference: unsupported insn 0x9e670320
[SKIP  ] bb_libart_34a92c_c2          reference: unsupported insn 0x9e670320
[SKIP  ] bb_libart_34ad7c_c0          reference: unsupported insn 0x9e29000a
[SKIP  ] bb_libart_34ad7c_c1          reference: unsupported insn 0x9e29000a
[SKIP  ] bb_libart_34ad7c_c2          reference: unsupported insn 0x9e29000a
[SKIP  ] bb_libart_34b320_c0          reference: unsupported insn 0x9e670320
[SKIP  ] bb_libart_34b320_c1          reference: unsupported insn 0x9e670320
[SKIP  ] bb_libart_34b320_c2          reference: unsupported insn 0x9e670320
[PASS  ] bb_libart_34bc3c_c0          (266 bytes x86)
[PASS  ] bb_libart_34bc3c_c1          (266 bytes x86)
[PASS  ] bb_libart_34bc3c_c2          (266 bytes x86)
[SKIP  ] bb_libart_34c19c_c0          reference: unsupported insn 0x9e670100
[SKIP  ] bb_libart_34c19c_c1          reference: unsupported insn 0x9e670100
[SKIP  ] bb_libart_34c19c_c2          reference: unsupported insn 0x9e670100
[SKIP  ] bb_libart_34c718_c0          reference: unsupported insn 0x9e290009
[SKIP  ] bb_libart_34c718_c1          reference: unsupported insn 0x9e290009
[SKIP  ] bb_libart_34c718_c2          reference: unsupported insn 0x9e290009
[SKIP  ] bb_libart_34c93c_c0          reference: unsupported insn 0x9e29000a
[SKIP  ] bb_libart_34c93c_c1          reference: unsupported insn 0x9e29000a
[SKIP  ] bb_libart_34c93c_c2          reference: unsupported insn 0x9e29000a
[SKIP  ] bb_libart_34cbe4_c0          reference: unsupported insn 0x9e6702c0
[SKIP  ] bb_libart_34cbe4_c1          reference: unsupported insn 0x9e6702c0
[SKIP  ] bb_libart_34cbe4_c2          reference: unsupported insn 0x9e6702c0
[SKIP  ] bb_libart_34cf9c_c0          reference: unsupported insn 0x9e670300
[SKIP  ] bb_libart_34cf9c_c1          reference: unsupported insn 0x9e670300
[SKIP  ] bb_libart_34cf9c_c2          reference: unsupported insn 0x9e670300
[SKIP  ] bb_libart_34d22c_c0          reference: unsupported insn 0x9e29000a
[SKIP  ] bb_libart_34d22c_c1          reference: unsupported insn 0x9e29000a
[SKIP  ] bb_libart_34d22c_c2          reference: unsupported insn 0x9e29000a
[PASS  ] bb_libart_34d66c_c0          (266 bytes x86)
[PASS  ] bb_libart_34d66c_c1          (266 bytes x86)
[PASS  ] bb_libart_34d66c_c2          (266 bytes x86)
[SKIP  ] bb_libart_34d67c_c0          reference: unsupported insn 0x9e670280
[SKIP  ] bb_libart_34d67c_c1          reference: unsupported insn 0x9e670280
[SKIP  ] bb_libart_34d67c_c2          reference: unsupported insn 0x9e670280
[SKIP  ] bb_libart_34d7ac_c0          reference: unsupported insn 0x9e29000a
[SKIP  ] bb_libart_34d7ac_c1          reference: unsupported insn 0x9e29000a
[SKIP  ] bb_libart_34d7ac_c2          reference: unsupported insn 0x9e29000a
[PASS  ] bb_libart_35b084_c0          (408 bytes x86)
[PASS  ] bb_libart_35b084_c1          (408 bytes x86)
[PASS  ] bb_libart_35b084_c2          (408 bytes x86)
[PASS  ] bb_libart_35b0a4_c0          (435 bytes x86)
[PASS  ] bb_libart_35b0a4_c1          (435 bytes x86)
[PASS  ] bb_libart_35b0a4_c2          (435 bytes x86)
[SKIP  ] bb_libart_35e4c4_c0          reference: unsupported insn 0x9e670160
[SKIP  ] bb_libart_35e4c4_c1          reference: unsupported insn 0x9e670160
[SKIP  ] bb_libart_35e4c4_c2          reference: unsupported insn 0x9e670160
[SKIP  ] bb_libart_381b10_c0          reference: unsupported insn 0x9e670100
[SKIP  ] bb_libart_381b10_c1          reference: unsupported insn 0x9e670100
[SKIP  ] bb_libart_381b10_c2          reference: unsupported insn 0x9e670100
[SKIP  ] bb_libart_381b30_c0          reference: unsupported insn 0x0e205800
[SKIP  ] bb_libart_381b30_c1          reference: unsupported insn 0x0e205800
[SKIP  ] bb_libart_381b30_c2          reference: unsupported insn 0x0e205800
[SKIP  ] bb_libart_381b50_c0          reference: unsupported insn 0x1e260009
[SKIP  ] bb_libart_381b50_c1          reference: unsupported insn 0x1e260009
[SKIP  ] bb_libart_381b50_c2          reference: unsupported insn 0x1e260009
[PASS  ] bb_libart_3822d8_c0          (405 bytes x86)
[PASS  ] bb_libart_3822d8_c1          (405 bytes x86)
[PASS  ] bb_libart_3822d8_c2          (405 bytes x86)
[SKIP  ] bb_libart_382b84_c0          reference: unsupported insn 0x4f0005e2
[SKIP  ] bb_libart_382b84_c1          reference: unsupported insn 0x4f0005e2
[SKIP  ] bb_libart_382b84_c2          reference: unsupported insn 0x4f0005e2
[SKIP  ] bb_libart_382ec8_c0          reference: unsupported insn 0x4f0005e2
[SKIP  ] bb_libart_382ec8_c1          reference: unsupported insn 0x4f0005e2
[SKIP  ] bb_libart_382ec8_c2          reference: unsupported insn 0x4f0005e2
[SKIP  ] bb_libart_382ee8_c0          reference: unsupported insn 0x0f0005e4
[SKIP  ] bb_libart_382ee8_c1          reference: unsupported insn 0x0f0005e4
[SKIP  ] bb_libart_382ee8_c2          reference: unsupported insn 0x0f0005e4
[SKIP  ] bb_libart_39b8e4_c0          reference: unsupported insn 0x2f00e400
[SKIP  ] bb_libart_39b8e4_c1          reference: unsupported insn 0x2f00e400
[SKIP  ] bb_libart_39b8e4_c2          reference: unsupported insn 0x2f00e400
[PASS  ] bb_libart_39bb6c_c0          (372 bytes x86)
[PASS  ] bb_libart_39bb6c_c1          (372 bytes x86)
[PASS  ] bb_libart_39bb6c_c2          (372 bytes x86)
[PASS  ] bb_libart_39bc20_c0          (173 bytes x86)
[PASS  ] bb_libart_39bc20_c1          (173 bytes x86)
[PASS  ] bb_libart_39bc20_c2          (173 bytes x86)
[SKIP  ] bb_libart_3b6774_c0          reference: unsupported insn 0x9e660002
[SKIP  ] bb_libart_3b6774_c1          reference: unsupported insn 0x9e660002
[SKIP  ] bb_libart_3b6774_c2          reference: unsupported insn 0x9e660002
[SKIP  ] bb_libart_3b67c8_c0          reference: unsupported insn 0x9e670000
[SKIP  ] bb_libart_3b67c8_c1          reference: unsupported insn 0x9e670000
[SKIP  ] bb_libart_3b67c8_c2          reference: unsupported insn 0x9e670000
[SKIP  ] bb_libart_3c0200_c0          reference: unsupported insn 0x9e670120
[SKIP  ] bb_libart_3c0200_c1          reference: unsupported insn 0x9e670120
[SKIP  ] bb_libart_3c0200_c2          reference: unsupported insn 0x9e670120
[SKIP  ] bb_libart_3c0220_c0          reference: unsupported insn 0x0e205800
[SKIP  ] bb_libart_3c0220_c1          reference: unsupported insn 0x0e205800
[SKIP  ] bb_libart_3c0220_c2          reference: unsupported insn 0x0e205800
[SKIP  ] bb_libart_3c0240_c0          reference: unsupported insn 0x1e26000c
[SKIP  ] bb_libart_3c0240_c1          reference: unsupported insn 0x1e26000c
[SKIP  ] bb_libart_3c0240_c2          reference: unsupported insn 0x1e26000c
[SKIP  ] bb_libart_3c0afc_c0          reference: unsupported insn 0x9e670140
[SKIP  ] bb_libart_3c0afc_c1          reference: unsupported insn 0x9e670140
[SKIP  ] bb_libart_3c0afc_c2          reference: unsupported insn 0x9e670140
[SKIP  ] bb_libart_3c0b1c_c0          reference: unsupported insn 0x0e205800
[SKIP  ] bb_libart_3c0b1c_c1          reference: unsupported insn 0x0e205800
[SKIP  ] bb_libart_3c0b1c_c2          reference: unsupported insn 0x0e205800
[SKIP  ] bb_libart_3c0b3c_c0          reference: unsupported insn 0x1e260008
[SKIP  ] bb_libart_3c0b3c_c1          reference: unsupported insn 0x1e260008
[SKIP  ] bb_libart_3c0b3c_c2          reference: unsupported insn 0x1e260008
[PASS  ] bb_libart_3c3c20_c0          (492 bytes x86)
[PASS  ] bb_libart_3c3c20_c1          (492 bytes x86)
[PASS  ] bb_libart_3c3c20_c2          (492 bytes x86)
[PASS  ] bb_libart_3c3c40_c0          (508 bytes x86)
[PASS  ] bb_libart_3c3c40_c1          (508 bytes x86)
[PASS  ] bb_libart_3c3c40_c2          (508 bytes x86)
[SKIP  ] bb_libart_3c3c60_c0          reference: unsupported insn 0x0e205800
[SKIP  ] bb_libart_3c3c60_c1          reference: unsupported insn 0x0e205800
[SKIP  ] bb_libart_3c3c60_c2          reference: unsupported insn 0x0e205800
[PASS  ] bb_libart_3c3d60_c0          (518 bytes x86)
[PASS  ] bb_libart_3c3d60_c1          (518 bytes x86)
[PASS  ] bb_libart_3c3d60_c2          (518 bytes x86)
[PASS  ] bb_libart_3c3d80_c0          (435 bytes x86)
[PASS  ] bb_libart_3c3d80_c1          (435 bytes x86)
[PASS  ] bb_libart_3c3d80_c2          (435 bytes x86)
[SKIP  ] bb_libart_3c3da0_c0          reference: unsupported insn 0x0e205800
[SKIP  ] bb_libart_3c3da0_c1          reference: unsupported insn 0x0e205800
[SKIP  ] bb_libart_3c3da0_c2          reference: unsupported insn 0x0e205800
[SKIP  ] bb_libart_3c7c24_c0          reference: unsupported insn 0x4f0005e2
[SKIP  ] bb_libart_3c7c24_c1          reference: unsupported insn 0x4f0005e2
[SKIP  ] bb_libart_3c7c24_c2          reference: unsupported insn 0x4f0005e2
[SKIP  ] bb_libart_3c7c44_c0          reference: unsupported insn 0x0f0005e4
[SKIP  ] bb_libart_3c7c44_c1          reference: unsupported insn 0x0f0005e4
[SKIP  ] bb_libart_3c7c44_c2          reference: unsupported insn 0x0f0005e4
[SKIP  ] bb_libart_3c7f70_c0          reference: unsupported insn 0x4f0005e2
[SKIP  ] bb_libart_3c7f70_c1          reference: unsupported insn 0x4f0005e2
[SKIP  ] bb_libart_3c7f70_c2          reference: unsupported insn 0x4f0005e2
[SKIP  ] bb_libart_3c7f90_c0          reference: unsupported insn 0x0f0005e4
[SKIP  ] bb_libart_3c7f90_c1          reference: unsupported insn 0x0f0005e4
[SKIP  ] bb_libart_3c7f90_c2          reference: unsupported insn 0x0f0005e4
[SKIP  ] bb_libart_3c9ad4_c0          reference: unsupported insn 0x9e6700e0
[SKIP  ] bb_libart_3c9ad4_c1          reference: unsupported insn 0x9e6700e0
[SKIP  ] bb_libart_3c9ad4_c2          reference: unsupported insn 0x9e6700e0
[SKIP  ] bb_libart_3cbf74_c0          reference: unsupported insn 0x9e670140
[SKIP  ] bb_libart_3cbf74_c1          reference: unsupported insn 0x9e670140
[SKIP  ] bb_libart_3cbf74_c2          reference: unsupported insn 0x9e670140
[SKIP  ] bb_libart_3cbf94_c0          reference: unsupported insn 0x1e260008
[SKIP  ] bb_libart_3cbf94_c1          reference: unsupported insn 0x1e260008
[SKIP  ] bb_libart_3cbf94_c2          reference: unsupported insn 0x1e260008
[SKIP  ] bb_libart_3cc2d4_c0          reference: unsupported insn 0x9e670100
[SKIP  ] bb_libart_3cc2d4_c1          reference: unsupported insn 0x9e670100
[SKIP  ] bb_libart_3cc2d4_c2          reference: unsupported insn 0x9e670100
[SKIP  ] bb_libart_3cf634_c0          reference: unsupported insn 0x9e670100
[SKIP  ] bb_libart_3cf634_c1          reference: unsupported insn 0x9e670100
[SKIP  ] bb_libart_3cf634_c2          reference: unsupported insn 0x9e670100
[SKIP  ] bb_libart_3cf654_c0          reference: unsupported insn 0x0e205800
[SKIP  ] bb_libart_3cf654_c1          reference: unsupported insn 0x0e205800
[SKIP  ] bb_libart_3cf654_c2          reference: unsupported insn 0x0e205800
[SKIP  ] bb_libart_3cf674_c0          reference: unsupported insn 0x1e260009
[SKIP  ] bb_libart_3cf674_c1          reference: unsupported insn 0x1e260009
[SKIP  ] bb_libart_3cf674_c2          reference: unsupported insn 0x1e260009
[PASS  ] bb_libart_3d4868_c0          (243 bytes x86)
[PASS  ] bb_libart_3d4868_c1          (243 bytes x86)
[PASS  ] bb_libart_3d4868_c2          (243 bytes x86)
[SKIP  ] bb_libart_3d4878_c0          reference: unsupported insn 0x0f01e7e1
[SKIP  ] bb_libart_3d4878_c1          reference: unsupported insn 0x0f01e7e1
[SKIP  ] bb_libart_3d4878_c2          reference: unsupported insn 0x0f01e7e1
[PASS  ] bb_libart_3e7708_c0          (286 bytes x86)
[PASS  ] bb_libart_3e7708_c1          (286 bytes x86)
[PASS  ] bb_libart_3e7708_c2          (286 bytes x86)
[SKIP  ] bb_libart_3f6d30_c0          reference: unsupported insn 0x6f00e400
[SKIP  ] bb_libart_3f6d30_c1          reference: unsupported insn 0x6f00e400
[SKIP  ] bb_libart_3f6d30_c2          reference: unsupported insn 0x6f00e400
[SKIP  ] bb_libart_3fe900_c0          reference: unsupported insn 0x9e660008
[SKIP  ] bb_libart_3fe900_c1          reference: unsupported insn 0x9e660008
[SKIP  ] bb_libart_3fe900_c2          reference: unsupported insn 0x9e660008
[SKIP  ] bb_libart_400d88_c0          reference: unsupported insn 0x9e29000a
[SKIP  ] bb_libart_400d88_c1          reference: unsupported insn 0x9e29000a
[SKIP  ] bb_libart_400d88_c2          reference: unsupported insn 0x9e29000a
[SKIP  ] bb_libart_40308c_c0          reference: unsupported insn 0x9e670140
[SKIP  ] bb_libart_40308c_c1          reference: unsupported insn 0x9e670140
[SKIP  ] bb_libart_40308c_c2          reference: unsupported insn 0x9e670140
[SKIP  ] bb_libart_403ca4_c0          reference: unsupported insn 0x9e670100
[SKIP  ] bb_libart_403ca4_c1          reference: unsupported insn 0x9e670100
[SKIP  ] bb_libart_403ca4_c2          reference: unsupported insn 0x9e670100
[SKIP  ] bb_libart_403cc4_c0          reference: unsupported insn 0x0e205800
[SKIP  ] bb_libart_403cc4_c1          reference: unsupported insn 0x0e205800
[SKIP  ] bb_libart_403cc4_c2          reference: unsupported insn 0x0e205800
[SKIP  ] bb_libart_40b2d0_c0          reference: unsupported insn 0x2e606802
[SKIP  ] bb_libart_40b2d0_c1          reference: unsupported insn 0x2e606802
[SKIP  ] bb_libart_40b2d0_c2          reference: unsupported insn 0x2e606802
[SKIP  ] bb_libart_40d9a4_c0          reference: unsupported insn 0x9e670101
[SKIP  ] bb_libart_40d9a4_c1          reference: unsupported insn 0x9e670101
[SKIP  ] bb_libart_40d9a4_c2          reference: unsupported insn 0x9e670101
[SKIP  ] bb_libart_40d9bc_c0          reference: unsupported insn 0x1e649000
[SKIP  ] bb_libart_40d9bc_c1          reference: unsupported insn 0x1e649000
[SKIP  ] bb_libart_40d9bc_c2          reference: unsupported insn 0x1e649000
[SKIP  ] bb_libart_40da28_c0          reference: unsupported insn 0x6f07e7e1
[SKIP  ] bb_libart_40da28_c1          reference: unsupported insn 0x6f07e7e1
[SKIP  ] bb_libart_40da28_c2          reference: unsupported insn 0x6f07e7e1
[SKIP  ] bb_libart_40da68_c0          reference: unsupported insn 0x9e670165
[SKIP  ] bb_libart_40da68_c1          reference: unsupported insn 0x9e670165
[SKIP  ] bb_libart_40da68_c2          reference: unsupported insn 0x9e670165
[SKIP  ] bb_libart_40da88_c0          reference: unsupported insn 0x9e670166
[SKIP  ] bb_libart_40da88_c1          reference: unsupported insn 0x9e670166
[SKIP  ] bb_libart_40da88_c2          reference: unsupported insn 0x9e670166
[SKIP  ] bb_libart_40daa8_c0          reference: unsupported insn 0x6e61d8a5
[SKIP  ] bb_libart_40daa8_c1          reference: unsupported insn 0x6e61d8a5
[SKIP  ] bb_libart_40daa8_c2          reference: unsupported insn 0x6e61d8a5
[SKIP  ] bb_libart_40dac8_c0          reference: unsupported insn 0x6e61d8c6
[SKIP  ] bb_libart_40dac8_c1          reference: unsupported insn 0x6e61d8c6
[SKIP  ] bb_libart_40dac8_c2          reference: unsupported insn 0x6e61d8c6
[SKIP  ] bb_libart_40dae8_c0          reference: unsupported insn 0x7e70d8a9
[SKIP  ] bb_libart_40dae8_c1          reference: unsupported insn 0x7e70d8a9
[SKIP  ] bb_libart_40dae8_c2          reference: unsupported insn 0x7e70d8a9
[SKIP  ] bb_libart_40db34_c0          reference: unsupported insn 0x2f00e40f
[SKIP  ] bb_libart_40db34_c1          reference: unsupported insn 0x2f00e40f
[SKIP  ] bb_libart_40db34_c2          reference: unsupported insn 0x2f00e40f
[PASS  ] bb_libart_40db54_c0          (220 bytes x86)
[PASS  ] bb_libart_40db54_c1          (220 bytes x86)
[PASS  ] bb_libart_40db54_c2          (220 bytes x86)
[PASS  ] bb_libart_40db64_c0          (384 bytes x86)
[PASS  ] bb_libart_40db64_c1          (384 bytes x86)
[PASS  ] bb_libart_40db64_c2          (384 bytes x86)
[SKIP  ] bb_libart_40dbe4_c0          reference: unsupported insn 0x1e631001
[SKIP  ] bb_libart_40dbe4_c1          reference: unsupported insn 0x1e631001
[SKIP  ] bb_libart_40dbe4_c2          reference: unsupported insn 0x1e631001
[SKIP  ] bb_libart_40dc08_c0          reference: unsupported insn 0x9e670100
[SKIP  ] bb_libart_40dc08_c1          reference: unsupported insn 0x9e670100
[SKIP  ] bb_libart_40dc08_c2          reference: unsupported insn 0x9e670100
[PASS  ] bb_libart_40dcbc_c0          (180 bytes x86)
[PASS  ] bb_libart_40dcbc_c1          (180 bytes x86)
[PASS  ] bb_libart_40dcbc_c2          (180 bytes x86)
[SKIP  ] bb_libart_40dcc8_c0          reference: unsupported insn 0x2f00e409
[SKIP  ] bb_libart_40dcc8_c1          reference: unsupported insn 0x2f00e409
[SKIP  ] bb_libart_40dcc8_c2          reference: unsupported insn 0x2f00e409
[PASS  ] bb_libart_40dce8_c0          (447 bytes x86)
[PASS  ] bb_libart_40dce8_c1          (447 bytes x86)
[PASS  ] bb_libart_40dce8_c2          (447 bytes x86)
[PASS  ] bb_libart_40dd08_c0          (443 bytes x86)
[PASS  ] bb_libart_40dd08_c1          (443 bytes x86)
[PASS  ] bb_libart_40dd08_c2          (443 bytes x86)
[PASS  ] bb_libart_40dd28_c0          (180 bytes x86)
[PASS  ] bb_libart_40dd28_c1          (180 bytes x86)
[PASS  ] bb_libart_40dd28_c2          (180 bytes x86)
[SKIP  ] bb_libart_40ddfc_c0          reference: unsupported insn 0x2f00e409
[SKIP  ] bb_libart_40ddfc_c1          reference: unsupported insn 0x2f00e409
[SKIP  ] bb_libart_40ddfc_c2          reference: unsupported insn 0x2f00e409
[PASS  ] bb_libart_40de8c_c0          (388 bytes x86)
[PASS  ] bb_libart_40de8c_c1          (388 bytes x86)
[PASS  ] bb_libart_40de8c_c2          (388 bytes x86)
[PASS  ] bb_libart_40decc_c0          (83 bytes x86)
[PASS  ] bb_libart_40decc_c1          (83 bytes x86)
[PASS  ] bb_libart_40decc_c2          (83 bytes x86)
[SKIP  ] bb_libart_40defc_c0          reference: unsupported insn 0x1e6a1002
[SKIP  ] bb_libart_40defc_c1          reference: unsupported insn 0x1e6a1002
[SKIP  ] bb_libart_40defc_c2          reference: unsupported insn 0x1e6a1002
[SKIP  ] bb_libart_40df10_c0          reference: unsupported insn 0x1e6e1001
[SKIP  ] bb_libart_40df10_c1          reference: unsupported insn 0x1e6e1001
[SKIP  ] bb_libart_40df10_c2          reference: unsupported insn 0x1e6e1001
[SKIP  ] bb_libart_40df8c_c0          reference: unsupported insn 0x1e7c1002
[SKIP  ] bb_libart_40df8c_c1          reference: unsupported insn 0x1e7c1002
[SKIP  ] bb_libart_40df8c_c2          reference: unsupported insn 0x1e7c1002
[PASS  ] bb_libart_40e070_c0          (163 bytes x86)
[PASS  ] bb_libart_40e070_c1          (163 bytes x86)
[PASS  ] bb_libart_40e070_c2          (163 bytes x86)
[SKIP  ] bb_libart_40e0cc_c0          reference: unsupported insn 0x2f00e402
[SKIP  ] bb_libart_40e0cc_c1          reference: unsupported insn 0x2f00e402
[SKIP  ] bb_libart_40e0cc_c2          reference: unsupported insn 0x2f00e402
[PASS  ] bb_libart_40e0ec_c0          (441 bytes x86)
[PASS  ] bb_libart_40e0ec_c1          (441 bytes x86)
[PASS  ] bb_libart_40e0ec_c2          (441 bytes x86)
[PASS  ] bb_libart_40e10c_c0          (452 bytes x86)
[PASS  ] bb_libart_40e10c_c1          (452 bytes x86)
[PASS  ] bb_libart_40e10c_c2          (452 bytes x86)
[PASS  ] bb_libart_40e12c_c0          (180 bytes x86)
[PASS  ] bb_libart_40e12c_c1          (180 bytes x86)
[PASS  ] bb_libart_40e12c_c2          (180 bytes x86)
[SKIP  ] bb_libart_40e148_c0          reference: unsupported insn 0x9e670108
[SKIP  ] bb_libart_40e148_c1          reference: unsupported insn 0x9e670108
[SKIP  ] bb_libart_40e148_c2          reference: unsupported insn 0x9e670108
[PASS  ] bb_libart_410b88_c0          (229 bytes x86)
[PASS  ] bb_libart_410b88_c1          (229 bytes x86)
[PASS  ] bb_libart_410b88_c2          (229 bytes x86)
[SKIP  ] bb_libart_410c70_c0          reference: unsupported insn 0x1e270100
[SKIP  ] bb_libart_410c70_c1          reference: unsupported insn 0x1e270100
[SKIP  ] bb_libart_410c70_c2          reference: unsupported insn 0x1e270100
[PASS  ] bb_libart_41a838_c0          (615 bytes x86)
[PASS  ] bb_libart_41a838_c1          (615 bytes x86)
[PASS  ] bb_libart_41a838_c2          (615 bytes x86)
[PASS  ] bb_libart_41a858_c0          (336 bytes x86)
[PASS  ] bb_libart_41a858_c1          (336 bytes x86)
[PASS  ] bb_libart_41a858_c2          (336 bytes x86)
[SKIP  ] bb_libart_41a88c_c0          reference: unsupported insn 0x1e2e1000
[SKIP  ] bb_libart_41a88c_c1          reference: unsupported insn 0x1e2e1000
[SKIP  ] bb_libart_41a88c_c2          reference: unsupported insn 0x1e2e1000
[SKIP  ] bb_libart_42af9c_c0          reference: unsupported insn 0x9e670100
[SKIP  ] bb_libart_42af9c_c1          reference: unsupported insn 0x9e670100
[SKIP  ] bb_libart_42af9c_c2          reference: unsupported insn 0x9e670100
[SKIP  ] bb_libart_42afbc_c0          reference: unsupported insn 0x0e205800
[SKIP  ] bb_libart_42afbc_c1          reference: unsupported insn 0x0e205800
[SKIP  ] bb_libart_42afbc_c2          reference: unsupported insn 0x0e205800
[SKIP  ] bb_libart_42afdc_c0          reference: unsupported insn 0x1e260009
[SKIP  ] bb_libart_42afdc_c1          reference: unsupported insn 0x1e260009
[SKIP  ] bb_libart_42afdc_c2          reference: unsupported insn 0x1e260009
[SKIP  ] bb_libart_432320_c0          reference: unsupported insn 0x9e290009
[SKIP  ] bb_libart_432320_c1          reference: unsupported insn 0x9e290009
[SKIP  ] bb_libart_432320_c2          reference: unsupported insn 0x9e290009
[SKIP  ] bb_libart_433424_c0          reference: unsupported insn 0x9e29000a
[SKIP  ] bb_libart_433424_c1          reference: unsupported insn 0x9e29000a
[SKIP  ] bb_libart_433424_c2          reference: unsupported insn 0x9e29000a
[SKIP  ] bb_libart_439fdc_c0          reference: unsupported insn 0x1e260008
[SKIP  ] bb_libart_439fdc_c1          reference: unsupported insn 0x1e260008
[SKIP  ] bb_libart_439fdc_c2          reference: unsupported insn 0x1e260008
[SKIP  ] bb_libart_439fec_c0          reference: unsupported insn 0x1e260008
[SKIP  ] bb_libart_439fec_c1          reference: unsupported insn 0x1e260008
[SKIP  ] bb_libart_439fec_c2          reference: unsupported insn 0x1e260008
[SKIP  ] bb_libart_439ffc_c0          reference: unsupported insn 0x1e260008
[SKIP  ] bb_libart_439ffc_c1          reference: unsupported insn 0x1e260008
[SKIP  ] bb_libart_439ffc_c2          reference: unsupported insn 0x1e260008
[SKIP  ] bb_libart_43a00c_c0          reference: unsupported insn 0x1e260009
[SKIP  ] bb_libart_43a00c_c1          reference: unsupported insn 0x1e260009
[SKIP  ] bb_libart_43a00c_c2          reference: unsupported insn 0x1e260009
[SKIP  ] bb_libart_43a01c_c0          reference: unsupported insn 0x1e260008
[SKIP  ] bb_libart_43a01c_c1          reference: unsupported insn 0x1e260008
[SKIP  ] bb_libart_43a01c_c2          reference: unsupported insn 0x1e260008
[SKIP  ] bb_libart_43c040_c0          reference: unsupported insn 0x9e6702e0
[SKIP  ] bb_libart_43c040_c1          reference: unsupported insn 0x9e6702e0
[SKIP  ] bb_libart_43c040_c2          reference: unsupported insn 0x9e6702e0
[PASS  ] bb_libart_4556bc_c0          (598 bytes x86)
[PASS  ] bb_libart_4556bc_c1          (598 bytes x86)
[PASS  ] bb_libart_4556bc_c2          (598 bytes x86)
[PASS  ] bb_libart_455808_c0          (269 bytes x86)
[PASS  ] bb_libart_455808_c1          (269 bytes x86)
[PASS  ] bb_libart_455808_c2          (269 bytes x86)
[SKIP  ] bb_libart_45775c_c0          reference: unsupported insn 0x0e205800
[SKIP  ] bb_libart_45775c_c1          reference: unsupported insn 0x0e205800
[SKIP  ] bb_libart_45775c_c2          reference: unsupported insn 0x0e205800
[SKIP  ] bb_libart_4720b8_c0          reference: unsupported insn 0x1e26001c
[SKIP  ] bb_libart_4720b8_c1          reference: unsupported insn 0x1e26001c
[SKIP  ] bb_libart_4720b8_c2          reference: unsupported insn 0x1e26001c
[PASS  ] bb_libart_476748_c0          (167 bytes x86)
[PASS  ] bb_libart_476748_c1          (167 bytes x86)
[PASS  ] bb_libart_476748_c2          (167 bytes x86)
[PASS  ] bb_libart_476780_c0          (142 bytes x86)
[PASS  ] bb_libart_476780_c1          (142 bytes x86)
[PASS  ] bb_libart_476780_c2          (142 bytes x86)
[SKIP  ] bb_libart_476794_c0          reference: unsupported insn 0x1e260102
[SKIP  ] bb_libart_476794_c1          reference: unsupported insn 0x1e260102
[SKIP  ] bb_libart_476794_c2          reference: unsupported insn 0x1e260102
[PASS  ] bb_libart_4767c0_c0          (127 bytes x86)
[PASS  ] bb_libart_4767c0_c1          (127 bytes x86)
[PASS  ] bb_libart_4767c0_c2          (127 bytes x86)
[SKIP  ] bb_libart_4768bc_c0          reference: unsupported insn 0x00000000
[SKIP  ] bb_libart_4768bc_c1          reference: unsupported insn 0x00000000
[SKIP  ] bb_libart_4768bc_c2          reference: unsupported insn 0x00000000
[PASS  ] bb_libart_4768d8_c0          (173 bytes x86)
[PASS  ] bb_libart_4768d8_c1          (173 bytes x86)
[PASS  ] bb_libart_4768d8_c2          (173 bytes x86)
[SKIP  ] bb_libart_4768e4_c0          reference: unsupported insn 0x9e670141
[SKIP  ] bb_libart_4768e4_c1          reference: unsupported insn 0x9e670141
[SKIP  ] bb_libart_4768e4_c2          reference: unsupported insn 0x9e670141
[PASS  ] bb_libart_476c4c_c0          (142 bytes x86)
[PASS  ] bb_libart_476c4c_c1          (142 bytes x86)
[PASS  ] bb_libart_476c4c_c2          (142 bytes x86)
[PASS  ] bb_libart_476e70_c0          (142 bytes x86)
[PASS  ] bb_libart_476e70_c1          (142 bytes x86)
[PASS  ] bb_libart_476e70_c2          (142 bytes x86)
[PASS  ] bb_libart_476ee0_c0          (159 bytes x86)
[PASS  ] bb_libart_476ee0_c1          (159 bytes x86)
[PASS  ] bb_libart_476ee0_c2          (159 bytes x86)
[SKIP  ] bb_libart_476f08_c0          reference: unsupported insn 0x9e660102
[SKIP  ] bb_libart_476f08_c1          reference: unsupported insn 0x9e660102
[SKIP  ] bb_libart_476f08_c2          reference: unsupported insn 0x9e660102
[PASS  ] bb_libart_476f34_c0          (127 bytes x86)
[PASS  ] bb_libart_476f34_c1          (127 bytes x86)
[PASS  ] bb_libart_476f34_c2          (127 bytes x86)
[SKIP  ] bb_libart_477098_c0          reference: unsupported insn 0x9e660008
[SKIP  ] bb_libart_477098_c1          reference: unsupported insn 0x9e660008
[SKIP  ] bb_libart_477098_c2          reference: unsupported insn 0x9e660008
[SKIP  ] bb_libart_477c10_c0          reference: unsupported insn 0x9e29000a
[SKIP  ] bb_libart_477c10_c1          reference: unsupported insn 0x9e29000a
[SKIP  ] bb_libart_477c10_c2          reference: unsupported insn 0x9e29000a
[SKIP  ] bb_libart_47ae1c_c0          reference: unsupported insn 0x6f00e400
[SKIP  ] bb_libart_47ae1c_c1          reference: unsupported insn 0x6f00e400
[SKIP  ] bb_libart_47ae1c_c2          reference: unsupported insn 0x6f00e400
[SKIP  ] bb_libart_47b954_c0          reference: unsupported insn 0x9e290009
[SKIP  ] bb_libart_47b954_c1          reference: unsupported insn 0x9e290009
[SKIP  ] bb_libart_47b954_c2          reference: unsupported insn 0x9e290009
[SKIP  ] bb_libart_47cce8_c0          reference: unsupported insn 0x9e670100
[SKIP  ] bb_libart_47cce8_c1          reference: unsupported insn 0x9e670100
[SKIP  ] bb_libart_47cce8_c2          reference: unsupported insn 0x9e670100
[SKIP  ] bb_libart_47dbb4_c0          reference: unsupported insn 0x9e29000a
[SKIP  ] bb_libart_47dbb4_c1          reference: unsupported insn 0x9e29000a
[SKIP  ] bb_libart_47dbb4_c2          reference: unsupported insn 0x9e29000a
[SKIP  ] bb_libart_4816bc_c0          reference: unsupported insn 0x1e6e1000
[SKIP  ] bb_libart_4816bc_c1          reference: unsupported insn 0x1e6e1000
[SKIP  ] bb_libart_4816bc_c2          reference: unsupported insn 0x1e6e1000
[PASS  ] bb_libart_481894_c0          (461 bytes x86)
[PASS  ] bb_libart_481894_c1          (461 bytes x86)
[PASS  ] bb_libart_481894_c2          (461 bytes x86)
[SKIP  ] bb_libart_498990_c0          reference: unsupported insn 0x6f07e7e0
[SKIP  ] bb_libart_498990_c1          reference: unsupported insn 0x6f07e7e0
[SKIP  ] bb_libart_498990_c2          reference: unsupported insn 0x6f07e7e0
[PASS  ] bb_libart_499ea4_c0          (141 bytes x86)
[PASS  ] bb_libart_499ea4_c1          (141 bytes x86)
[PASS  ] bb_libart_499ea4_c2          (141 bytes x86)
[SKIP  ] bb_libart_49a6a8_c0          reference: unsupported insn 0x1e26002e
[SKIP  ] bb_libart_49a6a8_c1          reference: unsupported insn 0x1e26002e
[SKIP  ] bb_libart_49a6a8_c2          reference: unsupported insn 0x1e26002e
[SKIP  ] bb_libart_4a5b80_c0          reference: unsupported insn 0x9e6702c0
[SKIP  ] bb_libart_4a5b80_c1          reference: unsupported insn 0x9e6702c0
[SKIP  ] bb_libart_4a5b80_c2          reference: unsupported insn 0x9e6702c0
[SKIP  ] bb_libart_4a6684_c0          reference: unsupported insn 0x9e670160
[SKIP  ] bb_libart_4a6684_c1          reference: unsupported insn 0x9e670160
[SKIP  ] bb_libart_4a6684_c2          reference: unsupported insn 0x9e670160
[SKIP  ] bb_libart_4b775c_c0          reference: unsupported insn 0x6f00e400
[SKIP  ] bb_libart_4b775c_c1          reference: unsupported insn 0x6f00e400
[SKIP  ] bb_libart_4b775c_c2          reference: unsupported insn 0x6f00e400
[SKIP  ] bb_libart_4ce1a4_c0          reference: unsupported insn 0x4f02e7eb
[SKIP  ] bb_libart_4ce1a4_c1          reference: unsupported insn 0x4f02e7eb
[SKIP  ] bb_libart_4ce1a4_c2          reference: unsupported insn 0x4f02e7eb
[SKIP  ] bb_libart_4ce2d8_c0          reference: unsupported insn 0x6f00e401
[SKIP  ] bb_libart_4ce2d8_c1          reference: unsupported insn 0x6f00e401
[SKIP  ] bb_libart_4ce2d8_c2          reference: unsupported insn 0x6f00e401
[PASS  ] bb_libart_4ce318_c0          (400 bytes x86)
[PASS  ] bb_libart_4ce318_c1          (400 bytes x86)
[PASS  ] bb_libart_4ce318_c2          (400 bytes x86)
[PASS  ] bb_libart_4ce338_c0          (325 bytes x86)
[PASS  ] bb_libart_4ce338_c1          (325 bytes x86)
[PASS  ] bb_libart_4ce338_c2          (325 bytes x86)
[SKIP  ] bb_libart_4ce354_c0          reference: unsupported insn 0x5ef1b800
[SKIP  ] bb_libart_4ce354_c1          reference: unsupported insn 0x5ef1b800
[SKIP  ] bb_libart_4ce354_c2          reference: unsupported insn 0x5ef1b800
[SKIP  ] bb_libart_4ce578_c0          reference: unsupported insn 0x6f00e418
[SKIP  ] bb_libart_4ce578_c1          reference: unsupported insn 0x6f00e418
[SKIP  ] bb_libart_4ce578_c2          reference: unsupported insn 0x6f00e418
[SKIP  ] bb_libart_4ce598_c0          reference: unsupported insn 0x6f00e405
[SKIP  ] bb_libart_4ce598_c1          reference: unsupported insn 0x6f00e405
[SKIP  ] bb_libart_4ce598_c2          reference: unsupported insn 0x6f00e405
[PASS  ] bb_libart_4ce5d8_c0          (395 bytes x86)
[PASS  ] bb_libart_4ce5d8_c1          (395 bytes x86)
[PASS  ] bb_libart_4ce5d8_c2          (395 bytes x86)
[PASS  ] bb_libart_4ce5f8_c0          (389 bytes x86)
[PASS  ] bb_libart_4ce5f8_c1          (389 bytes x86)
[PASS  ] bb_libart_4ce5f8_c2          (389 bytes x86)
[PASS  ] bb_libart_4ce618_c0          (400 bytes x86)
[PASS  ] bb_libart_4ce618_c1          (400 bytes x86)
[PASS  ] bb_libart_4ce618_c2          (400 bytes x86)
[PASS  ] bb_libart_4ce638_c0          (397 bytes x86)
[PASS  ] bb_libart_4ce638_c1          (397 bytes x86)
[PASS  ] bb_libart_4ce638_c2          (397 bytes x86)
[PASS  ] bb_libart_4ce678_c0          (433 bytes x86)
[PASS  ] bb_libart_4ce678_c1          (433 bytes x86)
[PASS  ] bb_libart_4ce678_c2          (433 bytes x86)
[PASS  ] bb_libart_4ce698_c0          (433 bytes x86)
[PASS  ] bb_libart_4ce698_c1          (433 bytes x86)
[PASS  ] bb_libart_4ce698_c2          (433 bytes x86)
[PASS  ] bb_libart_4ce6b8_c0          (433 bytes x86)
[PASS  ] bb_libart_4ce6b8_c1          (433 bytes x86)
[PASS  ] bb_libart_4ce6b8_c2          (433 bytes x86)
[PASS  ] bb_libart_4ce6dc_c0          (480 bytes x86)
[PASS  ] bb_libart_4ce6dc_c1          (480 bytes x86)
[PASS  ] bb_libart_4ce6dc_c2          (480 bytes x86)
[PASS  ] bb_libart_4ce6fc_c0          (433 bytes x86)
[PASS  ] bb_libart_4ce6fc_c1          (433 bytes x86)
[PASS  ] bb_libart_4ce6fc_c2          (433 bytes x86)
[SKIP  ] bb_libart_4ce71c_c0          reference: unsupported insn 0x5ef1b800
[SKIP  ] bb_libart_4ce71c_c1          reference: unsupported insn 0x5ef1b800
[SKIP  ] bb_libart_4ce71c_c2          reference: unsupported insn 0x5ef1b800
[SKIP  ] bb_libart_4ce730_c0          reference: unsupported insn 0x0f02e7e8
[SKIP  ] bb_libart_4ce730_c1          reference: unsupported insn 0x0f02e7e8
[SKIP  ] bb_libart_4ce730_c2          reference: unsupported insn 0x0f02e7e8
[SKIP  ] bb_libart_4ddc28_c0          reference: unsupported insn 0x1e26000b
[SKIP  ] bb_libart_4ddc28_c1          reference: unsupported insn 0x1e26000b
[SKIP  ] bb_libart_4ddc28_c2          reference: unsupported insn 0x1e26000b
[SKIP  ] bb_libart_4df194_c0          reference: unsupported insn 0x9e29000a
[SKIP  ] bb_libart_4df194_c1          reference: unsupported insn 0x9e29000a
[SKIP  ] bb_libart_4df194_c2          reference: unsupported insn 0x9e29000a
[SKIP  ] bb_libart_4ed768_c0          reference: unsupported insn 0x6f00e400
[SKIP  ] bb_libart_4ed768_c1          reference: unsupported insn 0x6f00e400
[SKIP  ] bb_libart_4ed768_c2          reference: unsupported insn 0x6f00e400
[SKIP  ] bb_libart_4f6bc0_c0          reference: unsupported insn 0x6f00e400
[SKIP  ] bb_libart_4f6bc0_c1          reference: unsupported insn 0x6f00e400
[SKIP  ] bb_libart_4f6bc0_c2          reference: unsupported insn 0x6f00e400
[SKIP  ] bb_libart_4f7f2c_c0          reference: unsupported insn 0x6f07e7e0
[SKIP  ] bb_libart_4f7f2c_c1          reference: unsupported insn 0x6f07e7e0
[SKIP  ] bb_libart_4f7f2c_c2          reference: unsupported insn 0x6f07e7e0
[SKIP  ] bb_libart_4fdfe0_c0          reference: unsupported insn 0x1e6c1000
[SKIP  ] bb_libart_4fdfe0_c1          reference: unsupported insn 0x1e6c1000
[SKIP  ] bb_libart_4fdfe0_c2          reference: unsupported insn 0x1e6c1000
[SKIP  ] bb_libart_4fecac_c0          reference: unsupported insn 0x9e670360
[SKIP  ] bb_libart_4fecac_c1          reference: unsupported insn 0x9e670360
[SKIP  ] bb_libart_4fecac_c2          reference: unsupported insn 0x9e670360
[PASS  ] bb_libart_4fed1c_c0          (266 bytes x86)
[PASS  ] bb_libart_4fed1c_c1          (266 bytes x86)
[PASS  ] bb_libart_4fed1c_c2          (266 bytes x86)
[SKIP  ] bb_libart_4fee94_c0          reference: unsupported insn 0x9e290009
[SKIP  ] bb_libart_4fee94_c1          reference: unsupported insn 0x9e290009
[SKIP  ] bb_libart_4fee94_c2          reference: unsupported insn 0x9e290009
[SKIP  ] bb_libart_4ffd10_c0          reference: unsupported insn 0x9e6702e0
[SKIP  ] bb_libart_4ffd10_c1          reference: unsupported insn 0x9e6702e0
[SKIP  ] bb_libart_4ffd10_c2          reference: unsupported insn 0x9e6702e0
[SKIP  ] bb_libart_503848_c0          reference: unsupported insn 0x1e270040
[SKIP  ] bb_libart_503848_c1          reference: unsupported insn 0x1e270040
[SKIP  ] bb_libart_503848_c2          reference: unsupported insn 0x1e270040
[SKIP  ] bb_libart_503c98_c0          reference: unsupported insn 0x6f07e7e0
[SKIP  ] bb_libart_503c98_c1          reference: unsupported insn 0x6f07e7e0
[SKIP  ] bb_libart_503c98_c2          reference: unsupported insn 0x6f07e7e0
[SKIP  ] bb_libart_504c48_c0          reference: unsupported insn 0x9e670121
[SKIP  ] bb_libart_504c48_c1          reference: unsupported insn 0x9e670121
[SKIP  ] bb_libart_504c48_c2          reference: unsupported insn 0x9e670121
[SKIP  ] bb_libart_504cc8_c0          reference: unsupported insn 0x0f0265e1
[SKIP  ] bb_libart_504cc8_c1          reference: unsupported insn 0x0f0265e1
[SKIP  ] bb_libart_504cc8_c2          reference: unsupported insn 0x0f0265e1
[SKIP  ] bb_libart_504cd4_c0          reference: unsupported insn 0x0f0665e1
[SKIP  ] bb_libart_504cd4_c1          reference: unsupported insn 0x0f0665e1
[SKIP  ] bb_libart_504cd4_c2          reference: unsupported insn 0x0f0665e1
[SKIP  ] bb_libart_504cf8_c0          reference: unsupported insn 0x9e670121
[SKIP  ] bb_libart_504cf8_c1          reference: unsupported insn 0x9e670121
[SKIP  ] bb_libart_504cf8_c2          reference: unsupported insn 0x9e670121
[SKIP  ] bb_libart_504d38_c0          reference: unsupported insn 0x0f0267e1
[SKIP  ] bb_libart_504d38_c1          reference: unsupported insn 0x0f0267e1
[SKIP  ] bb_libart_504d38_c2          reference: unsupported insn 0x0f0267e1
[SKIP  ] bb_libart_504d44_c0          reference: unsupported insn 0x0f0667e1
[SKIP  ] bb_libart_504d44_c1          reference: unsupported insn 0x0f0667e1
[SKIP  ] bb_libart_504d44_c2          reference: unsupported insn 0x0f0667e1
[SKIP  ] bb_libart_505510_c0          reference: unsupported insn 0x9e6702a0
[SKIP  ] bb_libart_505510_c1          reference: unsupported insn 0x9e6702a0
[SKIP  ] bb_libart_505510_c2          reference: unsupported insn 0x9e6702a0
[SKIP  ] bb_libart_519580_c0          reference: unsupported insn 0x2f07e600
[SKIP  ] bb_libart_519580_c1          reference: unsupported insn 0x2f07e600
[SKIP  ] bb_libart_519580_c2          reference: unsupported insn 0x2f07e600
[SKIP  ] bb_libart_5468f0_c0          reference: unsupported insn 0x0e205800
[SKIP  ] bb_libart_5468f0_c1          reference: unsupported insn 0x0e205800
[SKIP  ] bb_libart_5468f0_c2          reference: unsupported insn 0x0e205800
[SKIP  ] bb_libart_546970_c0          reference: unsupported insn 0x0e205800
[SKIP  ] bb_libart_546970_c1          reference: unsupported insn 0x0e205800
[SKIP  ] bb_libart_546970_c2          reference: unsupported insn 0x0e205800
[SKIP  ] bb_libart_549af0_c0          reference: unsupported insn 0x9e660008
[SKIP  ] bb_libart_549af0_c1          reference: unsupported insn 0x9e660008
[SKIP  ] bb_libart_549af0_c2          reference: unsupported insn 0x9e660008
[SKIP  ] bb_libart_5502f0_c0          reference: unsupported insn 0x9e670100
[SKIP  ] bb_libart_5502f0_c1          reference: unsupported insn 0x9e670100
[SKIP  ] bb_libart_5502f0_c2          reference: unsupported insn 0x9e670100
[SKIP  ] bb_libart_550310_c0          reference: unsupported insn 0x1e26000c
[SKIP  ] bb_libart_550310_c1          reference: unsupported insn 0x1e26000c
[SKIP  ] bb_libart_550310_c2          reference: unsupported insn 0x1e26000c
[SKIP  ] bb_libart_571590_c0          reference: unsupported insn 0x9e66000b
[SKIP  ] bb_libart_571590_c1          reference: unsupported insn 0x9e66000b
[SKIP  ] bb_libart_571590_c2          reference: unsupported insn 0x9e66000b
[SKIP  ] bb_libart_5745bc_c0          reference: unsupported insn 0x6f00e400
[SKIP  ] bb_libart_5745bc_c1          reference: unsupported insn 0x6f00e400
[SKIP  ] bb_libart_5745bc_c2          reference: unsupported insn 0x6f00e400
[PASS  ] bb_libart_579d14_c0          (162 bytes x86)
[PASS  ] bb_libart_579d14_c1          (162 bytes x86)
[PASS  ] bb_libart_579d14_c2          (162 bytes x86)
[PASS  ] bb_libart_58f61c_c0          (84 bytes x86)
[PASS  ] bb_libart_58f61c_c1          (84 bytes x86)
[PASS  ] bb_libart_58f61c_c2          (84 bytes x86)
[SKIP  ] bb_libart_59c47c_c0          reference: unsupported insn 0x9e670380
[SKIP  ] bb_libart_59c47c_c1          reference: unsupported insn 0x9e670380
[SKIP  ] bb_libart_59c47c_c2          reference: unsupported insn 0x9e670380
[PASS  ] bb_libart_59c53c_c0          (266 bytes x86)
[PASS  ] bb_libart_59c53c_c1          (266 bytes x86)
[PASS  ] bb_libart_59c53c_c2          (266 bytes x86)
[SKIP  ] bb_libart_59c554_c0          reference: unsupported insn 0x9e290009
[SKIP  ] bb_libart_59c554_c1          reference: unsupported insn 0x9e290009
[SKIP  ] bb_libart_59c554_c2          reference: unsupported insn 0x9e290009
[SKIP  ] bb_libart_59c6cc_c0          reference: unsupported insn 0x9e670120
[SKIP  ] bb_libart_59c6cc_c1          reference: unsupported insn 0x9e670120
[SKIP  ] bb_libart_59c6cc_c2          reference: unsupported insn 0x9e670120
[SKIP  ] bb_libart_59c6ec_c0          reference: unsupported insn 0x0e205800
[SKIP  ] bb_libart_59c6ec_c1          reference: unsupported insn 0x0e205800
[SKIP  ] bb_libart_59c6ec_c2          reference: unsupported insn 0x0e205800
[SKIP  ] bb_libart_59c70c_c0          reference: unsupported insn 0x1e26000a
[SKIP  ] bb_libart_59c70c_c1          reference: unsupported insn 0x1e26000a
[SKIP  ] bb_libart_59c70c_c2          reference: unsupported insn 0x1e26000a
[SKIP  ] bb_libart_5a382c_c0          reference: unsupported insn 0x6f07e7e0
[SKIP  ] bb_libart_5a382c_c1          reference: unsupported insn 0x6f07e7e0
[SKIP  ] bb_libart_5a382c_c2          reference: unsupported insn 0x6f07e7e0
[SKIP  ] bb_libart_5aece8_c0          reference: unsupported insn 0x1e2e1008
[SKIP  ] bb_libart_5aece8_c1          reference: unsupported insn 0x1e2e1008
[SKIP  ] bb_libart_5aece8_c2          reference: unsupported insn 0x1e2e1008
[PASS  ] bb_libart_5b5910_c0          (97 bytes x86)
[PASS  ] bb_libart_5b5910_c1          (97 bytes x86)
[PASS  ] bb_libart_5b5910_c2          (97 bytes x86)
[PASS  ] bb_libart_5b5a44_c0          (385 bytes x86)
[PASS  ] bb_libart_5b5a44_c1          (385 bytes x86)
[PASS  ] bb_libart_5b5a44_c2          (385 bytes x86)
[PASS  ] bb_libart_5b5a88_c0          (256 bytes x86)
[PASS  ] bb_libart_5b5a88_c1          (256 bytes x86)
[PASS  ] bb_libart_5b5a88_c2          (256 bytes x86)
[PASS  ] bb_libart_5b5b14_c0          (385 bytes x86)
[PASS  ] bb_libart_5b5b14_c1          (385 bytes x86)
[PASS  ] bb_libart_5b5b14_c2          (385 bytes x86)
[PASS  ] bb_libart_5b5b58_c0          (298 bytes x86)
[PASS  ] bb_libart_5b5b58_c1          (298 bytes x86)
[PASS  ] bb_libart_5b5b58_c2          (298 bytes x86)
[SKIP  ] bb_libart_5b7288_c0          reference: unsupported insn 0x9e670100
[SKIP  ] bb_libart_5b7288_c1          reference: unsupported insn 0x9e670100
[SKIP  ] bb_libart_5b7288_c2          reference: unsupported insn 0x9e670100
[SKIP  ] bb_libart_5bf42c_c0          reference: unsupported insn 0x6f00e400
[SKIP  ] bb_libart_5bf42c_c1          reference: unsupported insn 0x6f00e400
[SKIP  ] bb_libart_5bf42c_c2          reference: unsupported insn 0x6f00e400
[PASS  ] bb_libart_5c85a0_c0          (354 bytes x86)
[PASS  ] bb_libart_5c85a0_c1          (354 bytes x86)
[PASS  ] bb_libart_5c85a0_c2          (354 bytes x86)
[SKIP  ] bb_libart_5c9664_c0          reference: unsupported insn 0x9e670101
[SKIP  ] bb_libart_5c9664_c1          reference: unsupported insn 0x9e670101
[SKIP  ] bb_libart_5c9664_c2          reference: unsupported insn 0x9e670101
[PASS  ] bb_libart_5ceff0_c0          (265 bytes x86)
[PASS  ] bb_libart_5ceff0_c1          (265 bytes x86)
[PASS  ] bb_libart_5ceff0_c2          (265 bytes x86)
[PASS  ] bb_libart_5cf060_c0          (267 bytes x86)
[PASS  ] bb_libart_5cf060_c1          (267 bytes x86)
[PASS  ] bb_libart_5cf060_c2          (267 bytes x86)
[SKIP  ] bb_libart_5d69b4_c0          reference: unsupported insn 0x2f07e608
[SKIP  ] bb_libart_5d69b4_c1          reference: unsupported insn 0x2f07e608
[SKIP  ] bb_libart_5d69b4_c2          reference: unsupported insn 0x2f07e608
[SKIP  ] bb_libart_5da0a4_c0          reference: unsupported insn 0x2f07e600
[SKIP  ] bb_libart_5da0a4_c1          reference: unsupported insn 0x2f07e600
[SKIP  ] bb_libart_5da0a4_c2          reference: unsupported insn 0x2f07e600
[SKIP  ] bb_libart_5dacd4_c0          reference: unsupported insn 0x9e6702e0
[SKIP  ] bb_libart_5dacd4_c1          reference: unsupported insn 0x9e6702e0
[SKIP  ] bb_libart_5dacd4_c2          reference: unsupported insn 0x9e6702e0
[SKIP  ] bb_libart_5dacf4_c0          reference: unsupported insn 0x1e260019
[SKIP  ] bb_libart_5dacf4_c1          reference: unsupported insn 0x1e260019
[SKIP  ] bb_libart_5dacf4_c2          reference: unsupported insn 0x1e260019
[SKIP  ] bb_libart_5f4340_c0          reference: unsupported insn 0x9e6702e0
[SKIP  ] bb_libart_5f4340_c1          reference: unsupported insn 0x9e6702e0
[SKIP  ] bb_libart_5f4340_c2          reference: unsupported insn 0x9e6702e0
[SKIP  ] bb_libart_5f4360_c0          reference: unsupported insn 0x1e260008
[SKIP  ] bb_libart_5f4360_c1          reference: unsupported insn 0x1e260008
[SKIP  ] bb_libart_5f4360_c2          reference: unsupported insn 0x1e260008
[SKIP  ] bb_libart_5f6f60_c0          reference: unsupported insn 0x1e260014
[SKIP  ] bb_libart_5f6f60_c1          reference: unsupported insn 0x1e260014
[SKIP  ] bb_libart_5f6f60_c2          reference: unsupported insn 0x1e260014
[SKIP  ] bb_libart_5f7f44_c0          reference: unsupported insn 0x6f07e7e0
[SKIP  ] bb_libart_5f7f44_c1          reference: unsupported insn 0x6f07e7e0
[SKIP  ] bb_libart_5f7f44_c2          reference: unsupported insn 0x6f07e7e0
[PASS  ] bb_libart_607cb8_c0          (405 bytes x86)
[PASS  ] bb_libart_607cb8_c1          (405 bytes x86)
[PASS  ] bb_libart_607cb8_c2          (405 bytes x86)
[SKIP  ] bb_libart_611ee8_c0          reference: unsupported insn 0x6f07e7e0
[SKIP  ] bb_libart_611ee8_c1          reference: unsupported insn 0x6f07e7e0
[SKIP  ] bb_libart_611ee8_c2          reference: unsupported insn 0x6f07e7e0
[SKIP  ] bb_libart_617a84_c0          reference: unsupported insn 0x9e670100
[SKIP  ] bb_libart_617a84_c1          reference: unsupported insn 0x9e670100
[SKIP  ] bb_libart_617a84_c2          reference: unsupported insn 0x9e670100
[SKIP  ] bb_libart_617aa4_c0          reference: unsupported insn 0x0e205800
[SKIP  ] bb_libart_617aa4_c1          reference: unsupported insn 0x0e205800
[SKIP  ] bb_libart_617aa4_c2          reference: unsupported insn 0x0e205800
[SKIP  ] bb_libart_617ac4_c0          reference: unsupported insn 0x1e260009
[SKIP  ] bb_libart_617ac4_c1          reference: unsupported insn 0x1e260009
[SKIP  ] bb_libart_617ac4_c2          reference: unsupported insn 0x1e260009
[PASS  ] bb_libart_630238_c0          (405 bytes x86)
[PASS  ] bb_libart_630238_c1          (405 bytes x86)
[PASS  ] bb_libart_630238_c2          (405 bytes x86)
[SKIP  ] bb_libart_6302b0_c0          reference: unsupported insn 0x1e26004b
[SKIP  ] bb_libart_6302b0_c1          reference: unsupported insn 0x1e26004b
[SKIP  ] bb_libart_6302b0_c2          reference: unsupported insn 0x1e26004b
[SKIP  ] bb_libart_6309d0_c0          reference: unsupported insn 0x4f0005e2
[SKIP  ] bb_libart_6309d0_c1          reference: unsupported insn 0x4f0005e2
[SKIP  ] bb_libart_6309d0_c2          reference: unsupported insn 0x4f0005e2
[SKIP  ] bb_libart_630aa0_c0          reference: unsupported insn 0x1e26004b
[SKIP  ] bb_libart_630aa0_c1          reference: unsupported insn 0x1e26004b
[SKIP  ] bb_libart_630aa0_c2          reference: unsupported insn 0x1e26004b
[SKIP  ] bb_libart_630bb4_c0          reference: unsupported insn 0x4f0005e2
[SKIP  ] bb_libart_630bb4_c1          reference: unsupported insn 0x4f0005e2
[SKIP  ] bb_libart_630bb4_c2          reference: unsupported insn 0x4f0005e2
[SKIP  ] bb_libart_630bd4_c0          reference: unsupported insn 0x0f0005e4
[SKIP  ] bb_libart_630bd4_c1          reference: unsupported insn 0x0f0005e4
[SKIP  ] bb_libart_630bd4_c2          reference: unsupported insn 0x0f0005e4
[SKIP  ] bb_libart_637490_c0          reference: unsupported insn 0x9e670120
[SKIP  ] bb_libart_637490_c1          reference: unsupported insn 0x9e670120
[SKIP  ] bb_libart_637490_c2          reference: unsupported insn 0x9e670120
[SKIP  ] bb_libart_6377f0_c0          reference: unsupported insn 0x9e290009
[SKIP  ] bb_libart_6377f0_c1          reference: unsupported insn 0x9e290009
[SKIP  ] bb_libart_6377f0_c2          reference: unsupported insn 0x9e290009
[SKIP  ] bb_libart_63eb78_c0          reference: unsupported insn 0x6f00e402
[SKIP  ] bb_libart_63eb78_c1          reference: unsupported insn 0x6f00e402
[SKIP  ] bb_libart_63eb78_c2          reference: unsupported insn 0x6f00e402
[SKIP  ] bb_libart_640c4c_c0          reference: unsupported insn 0x1e260001
[SKIP  ] bb_libart_640c4c_c1          reference: unsupported insn 0x1e260001
[SKIP  ] bb_libart_640c4c_c2          reference: unsupported insn 0x1e260001
[SKIP  ] bb_libart_64687c_c0          reference: unsupported insn 0x6f07e7e0
[SKIP  ] bb_libart_64687c_c1          reference: unsupported insn 0x6f07e7e0
[SKIP  ] bb_libart_64687c_c2          reference: unsupported insn 0x6f07e7e0
[SKIP  ] bb_libart_646a50_c0          reference: unsupported insn 0x2f00e5e0
[SKIP  ] bb_libart_646a50_c1          reference: unsupported insn 0x2f00e5e0
[SKIP  ] bb_libart_646a50_c2          reference: unsupported insn 0x2f00e5e0
[SKIP  ] bb_libart_64fc04_c0          reference: unsupported insn 0x2f00e5e0
[SKIP  ] bb_libart_64fc04_c1          reference: unsupported insn 0x2f00e5e0
[SKIP  ] bb_libart_64fc04_c2          reference: unsupported insn 0x2f00e5e0
[SKIP  ] bb_libart_64fd54_c0          reference: unsupported insn 0x2f00e5e0
[SKIP  ] bb_libart_64fd54_c1          reference: unsupported insn 0x2f00e5e0
[SKIP  ] bb_libart_64fd54_c2          reference: unsupported insn 0x2f00e5e0
[SKIP  ] bb_libart_6502a4_c0          reference: unsupported insn 0x6f07e7e0
[SKIP  ] bb_libart_6502a4_c1          reference: unsupported insn 0x6f07e7e0
[SKIP  ] bb_libart_6502a4_c2          reference: unsupported insn 0x6f07e7e0
[SKIP  ] bb_libart_661520_c0          reference: unsupported insn 0x9e670120
[SKIP  ] bb_libart_661520_c1          reference: unsupported insn 0x9e670120
[SKIP  ] bb_libart_661520_c2          reference: unsupported insn 0x9e670120
[SKIP  ] bb_libart_661540_c0          reference: unsupported insn 0x0e205800
[SKIP  ] bb_libart_661540_c1          reference: unsupported insn 0x0e205800
[SKIP  ] bb_libart_661540_c2          reference: unsupported insn 0x0e205800
[SKIP  ] bb_libart_661560_c0          reference: unsupported insn 0x1e26000c
[SKIP  ] bb_libart_661560_c1          reference: unsupported insn 0x1e26000c
[SKIP  ] bb_libart_661560_c2          reference: unsupported insn 0x1e26000c
[SKIP  ] bb_libart_6636e8_c0          reference: unsupported insn 0x9e670100
[SKIP  ] bb_libart_6636e8_c1          reference: unsupported insn 0x9e670100
[SKIP  ] bb_libart_6636e8_c2          reference: unsupported insn 0x9e670100
[SKIP  ] bb_libart_663708_c0          reference: unsupported insn 0x0e205800
[SKIP  ] bb_libart_663708_c1          reference: unsupported insn 0x0e205800
[SKIP  ] bb_libart_663708_c2          reference: unsupported insn 0x0e205800
[SKIP  ] bb_libart_663728_c0          reference: unsupported insn 0x1e26000a
[SKIP  ] bb_libart_663728_c1          reference: unsupported insn 0x1e26000a
[SKIP  ] bb_libart_663728_c2          reference: unsupported insn 0x1e26000a
[SKIP  ] bb_libart_6ca134_c0          reference: unsupported insn 0x0f0005e3
[SKIP  ] bb_libart_6ca134_c1          reference: unsupported insn 0x0f0005e3
[SKIP  ] bb_libart_6ca134_c2          reference: unsupported insn 0x0f0005e3
[SKIP  ] bb_libart_6ca324_c0          reference: unsupported insn 0x0f0005e2
[SKIP  ] bb_libart_6ca324_c1          reference: unsupported insn 0x0f0005e2
[SKIP  ] bb_libart_6ca324_c2          reference: unsupported insn 0x0f0005e2
[SKIP  ] bb_libart_6cd114_c0          reference: unsupported insn 0x0f0005e3
[SKIP  ] bb_libart_6cd114_c1          reference: unsupported insn 0x0f0005e3
[SKIP  ] bb_libart_6cd114_c2          reference: unsupported insn 0x0f0005e3
[SKIP  ] bb_libart_6cd478_c0          reference: unsupported insn 0x0f0005e2
[SKIP  ] bb_libart_6cd478_c1          reference: unsupported insn 0x0f0005e2
[SKIP  ] bb_libart_6cd478_c2          reference: unsupported insn 0x0f0005e2
[SKIP  ] bb_libart_6d7070_c0          reference: unsupported insn 0x9e660008
[SKIP  ] bb_libart_6d7070_c1          reference: unsupported insn 0x9e660008
[SKIP  ] bb_libart_6d7070_c2          reference: unsupported insn 0x9e660008
[SKIP  ] bb_libart_6da168_c0          reference: unsupported insn 0x9e6702e0
[SKIP  ] bb_libart_6da168_c1          reference: unsupported insn 0x9e6702e0
[SKIP  ] bb_libart_6da168_c2          reference: unsupported insn 0x9e6702e0
[SKIP  ] bb_libart_6da28c_c0          reference: unsupported insn 0x9e29000a
[SKIP  ] bb_libart_6da28c_c1          reference: unsupported insn 0x9e29000a
[SKIP  ] bb_libart_6da28c_c2          reference: unsupported insn 0x9e29000a
[SKIP  ] bb_libart_6df840_c0          reference: unsupported insn 0x9e6702c0
[SKIP  ] bb_libart_6df840_c1          reference: unsupported insn 0x9e6702c0
[SKIP  ] bb_libart_6df840_c2          reference: unsupported insn 0x9e6702c0
[SKIP  ] bb_libart_6df958_c0          reference: unsupported insn 0x9e670320
[SKIP  ] bb_libart_6df958_c1          reference: unsupported insn 0x9e670320
[SKIP  ] bb_libart_6df958_c2          reference: unsupported insn 0x9e670320
[SKIP  ] bb_libart_6dfa38_c0          reference: unsupported insn 0x9e29000a
[SKIP  ] bb_libart_6dfa38_c1          reference: unsupported insn 0x9e29000a
[SKIP  ] bb_libart_6dfa38_c2          reference: unsupported insn 0x9e29000a
[SKIP  ] bb_libart_6f0438_c0          reference: unsupported insn 0x2f02e6a4
[SKIP  ] bb_libart_6f0438_c1          reference: unsupported insn 0x2f02e6a4
[SKIP  ] bb_libart_6f0438_c2          reference: unsupported insn 0x2f02e6a4
[SKIP  ] bb_libart_6f0458_c0          reference: unsupported insn 0x2f07b7e3
[SKIP  ] bb_libart_6f0458_c1          reference: unsupported insn 0x2f07b7e3
[SKIP  ] bb_libart_6f0458_c2          reference: unsupported insn 0x2f07b7e3
[PASS  ] bb_libart_6f0478_c0          (564 bytes x86)
[PASS  ] bb_libart_6f0478_c1          (564 bytes x86)
[PASS  ] bb_libart_6f0478_c2          (564 bytes x86)
[SKIP  ] bb_libart_6f27fc_c0          reference: unsupported insn 0x00000000
[SKIP  ] bb_libart_6f27fc_c1          reference: unsupported insn 0x00000000
[SKIP  ] bb_libart_6f27fc_c2          reference: unsupported insn 0x00000000
[SKIP  ] bb_libart_6f281c_c0          reference: unsupported insn 0x2f02e6a3
[SKIP  ] bb_libart_6f281c_c1          reference: unsupported insn 0x2f02e6a3
[SKIP  ] bb_libart_6f281c_c2          reference: unsupported insn 0x2f02e6a3
[SKIP  ] bb_libart_6f283c_c0          reference: unsupported insn 0x2f07b7e2
[SKIP  ] bb_libart_6f283c_c1          reference: unsupported insn 0x2f07b7e2
[SKIP  ] bb_libart_6f283c_c2          reference: unsupported insn 0x2f07b7e2
[PASS  ] bb_libart_6f285c_c0          (689 bytes x86)
[PASS  ] bb_libart_6f285c_c1          (689 bytes x86)
[PASS  ] bb_libart_6f285c_c2          (689 bytes x86)
[SKIP  ] bb_libart_715f20_c0          reference: unsupported insn 0x1e270121
[SKIP  ] bb_libart_715f20_c1          reference: unsupported insn 0x1e270121
[SKIP  ] bb_libart_715f20_c2          reference: unsupported insn 0x1e270121
[PASS  ] bb_libart_719b1c_c0          (713 bytes x86)
[PASS  ] bb_libart_719b1c_c1          (713 bytes x86)
[PASS  ] bb_libart_719b1c_c2          (713 bytes x86)
[PASS  ] bb_libart_719b3c_c0          (109 bytes x86)
[PASS  ] bb_libart_719b3c_c1          (109 bytes x86)
[PASS  ] bb_libart_719b3c_c2          (109 bytes x86)
[SKIP  ] bb_libart_719b48_c0          reference: unsupported insn 0x9e66000c
[SKIP  ] bb_libart_719b48_c1          reference: unsupported insn 0x9e66000c
[SKIP  ] bb_libart_719b48_c2          reference: unsupported insn 0x9e66000c
[SKIP  ] bb_libart_719be0_c0          reference: unsupported insn 0x9e660008
[SKIP  ] bb_libart_719be0_c1          reference: unsupported insn 0x9e660008
[SKIP  ] bb_libart_719be0_c2          reference: unsupported insn 0x9e660008
[PASS  ] bb_libart_719cc8_c0          (754 bytes x86)
[PASS  ] bb_libart_719cc8_c1          (754 bytes x86)
[PASS  ] bb_libart_719cc8_c2          (754 bytes x86)
[PASS  ] bb_libart_719ce8_c0          (271 bytes x86)
[PASS  ] bb_libart_719ce8_c1          (271 bytes x86)
[PASS  ] bb_libart_719ce8_c2          (271 bytes x86)
[PASS  ] bb_libart_71d658_c0          (305 bytes x86)
[PASS  ] bb_libart_71d658_c1          (305 bytes x86)
[PASS  ] bb_libart_71d658_c2          (305 bytes x86)
[SKIP  ] bb_libart_71d6a8_c0          reference: unsupported insn 0x2ea04822
[SKIP  ] bb_libart_71d6a8_c1          reference: unsupported insn 0x2ea04822
[SKIP  ] bb_libart_71d6a8_c2          reference: unsupported insn 0x2ea04822
[PASS  ] bb_libart_71f138_c0          (295 bytes x86)
[PASS  ] bb_libart_71f138_c1          (295 bytes x86)
[PASS  ] bb_libart_71f138_c2          (295 bytes x86)
[SKIP  ] bb_libart_71f168_c0          reference: unsupported insn 0x6f00e400
[SKIP  ] bb_libart_71f168_c1          reference: unsupported insn 0x6f00e400
[SKIP  ] bb_libart_71f168_c2          reference: unsupported insn 0x6f00e400
[PASS  ] bb_libart_725508_c0          (649 bytes x86)
[PASS  ] bb_libart_725508_c1          (649 bytes x86)
[PASS  ] bb_libart_725508_c2          (649 bytes x86)
[SKIP  ] bb_libart_725524_c0          reference: unsupported insn 0x9e660008
[SKIP  ] bb_libart_725524_c1          reference: unsupported insn 0x9e660008
[SKIP  ] bb_libart_725524_c2          reference: unsupported insn 0x9e660008
[SKIP  ] bb_libart_7268f0_c0          reference: unsupported insn 0x1e270100
[SKIP  ] bb_libart_7268f0_c1          reference: unsupported insn 0x1e270100
[SKIP  ] bb_libart_7268f0_c2          reference: unsupported insn 0x1e270100
[SKIP  ] bb_libart_726bb0_c0          reference: unsupported insn 0x1e260008
[SKIP  ] bb_libart_726bb0_c1          reference: unsupported insn 0x1e260008
[SKIP  ] bb_libart_726bb0_c2          reference: unsupported insn 0x1e260008
[SKIP  ] bb_libart_7274f0_c0          reference: unsupported insn 0x9e670100
[SKIP  ] bb_libart_7274f0_c1          reference: unsupported insn 0x9e670100
[SKIP  ] bb_libart_7274f0_c2          reference: unsupported insn 0x9e670100
[SKIP  ] bb_libart_730238_c0          reference: unsupported insn 0x1e270120
[SKIP  ] bb_libart_730238_c1          reference: unsupported insn 0x1e270120
[SKIP  ] bb_libart_730238_c2          reference: unsupported insn 0x1e270120
[SKIP  ] bb_libart_7304fc_c0          reference: unsupported insn 0x1e270120
[SKIP  ] bb_libart_7304fc_c1          reference: unsupported insn 0x1e270120
[SKIP  ] bb_libart_7304fc_c2          reference: unsupported insn 0x1e270120
[SKIP  ] bb_libart_73aa98_c0          reference: unsupported insn 0x6f00e400
[SKIP  ] bb_libart_73aa98_c1          reference: unsupported insn 0x6f00e400
[SKIP  ] bb_libart_73aa98_c2          reference: unsupported insn 0x6f00e400
[PASS  ] bb_libart_73ad68_c0          (451 bytes x86)
[PASS  ] bb_libart_73ad68_c1          (451 bytes x86)
[PASS  ] bb_libart_73ad68_c2          (451 bytes x86)
[SKIP  ] bb_libart_73aef8_c0          reference: unsupported insn 0x9e660118
[SKIP  ] bb_libart_73aef8_c1          reference: unsupported insn 0x9e660118
[SKIP  ] bb_libart_73aef8_c2          reference: unsupported insn 0x9e660118
[SKIP  ] bb_libart_73b390_c0          reference: unsupported insn 0x6f00e400
[SKIP  ] bb_libart_73b390_c1          reference: unsupported insn 0x6f00e400
[SKIP  ] bb_libart_73b390_c2          reference: unsupported insn 0x6f00e400
[SKIP  ] bb_libart_73b3d8_c0          reference: unsupported insn 0x6f00e400
[SKIP  ] bb_libart_73b3d8_c1          reference: unsupported insn 0x6f00e400
[SKIP  ] bb_libart_73b3d8_c2          reference: unsupported insn 0x6f00e400
[SKIP  ] bb_libart_73b620_c0          reference: unsupported insn 0x6f00e400
[SKIP  ] bb_libart_73b620_c1          reference: unsupported insn 0x6f00e400
[SKIP  ] bb_libart_73b620_c2          reference: unsupported insn 0x6f00e400
[SKIP  ] bb_libart_73b664_c0          reference: unsupported insn 0x6f00e400
[SKIP  ] bb_libart_73b664_c1          reference: unsupported insn 0x6f00e400
[SKIP  ] bb_libart_73b664_c2          reference: unsupported insn 0x6f00e400
[SKIP  ] bb_libart_741b40_c0          reference: unsupported insn 0x9e660008
[SKIP  ] bb_libart_741b40_c1          reference: unsupported insn 0x9e660008
[SKIP  ] bb_libart_741b40_c2          reference: unsupported insn 0x9e660008
[SKIP  ] bb_libart_741e30_c0          reference: unsupported insn 0x9e660008
[SKIP  ] bb_libart_741e30_c1          reference: unsupported insn 0x9e660008
[SKIP  ] bb_libart_741e30_c2          reference: unsupported insn 0x9e660008
[SKIP  ] bb_libart_748218_c0          reference: unsupported insn 0x6f00e400
[SKIP  ] bb_libart_748218_c1          reference: unsupported insn 0x6f00e400
[SKIP  ] bb_libart_748218_c2          reference: unsupported insn 0x6f00e400
[SKIP  ] bb_libart_7482b4_c0          reference: unsupported insn 0x6f00e400
[SKIP  ] bb_libart_7482b4_c1          reference: unsupported insn 0x6f00e400
[SKIP  ] bb_libart_7482b4_c2          reference: unsupported insn 0x6f00e400
[SKIP  ] bb_libart_7483a8_c0          reference: unsupported insn 0x6f00e400
[SKIP  ] bb_libart_7483a8_c1          reference: unsupported insn 0x6f00e400
[SKIP  ] bb_libart_7483a8_c2          reference: unsupported insn 0x6f00e400
[SKIP  ] bb_libart_7483fc_c0          reference: unsupported insn 0x6f00e400
[SKIP  ] bb_libart_7483fc_c1          reference: unsupported insn 0x6f00e400
[SKIP  ] bb_libart_7483fc_c2          reference: unsupported insn 0x6f00e400
[SKIP  ] bb_libart_749e38_c0          reference: unsupported insn 0x6f00e400
[SKIP  ] bb_libart_749e38_c1          reference: unsupported insn 0x6f00e400
[SKIP  ] bb_libart_749e38_c2          reference: unsupported insn 0x6f00e400
[SKIP  ] bb_libart_749e80_c0          reference: unsupported insn 0x6f00e400
[SKIP  ] bb_libart_749e80_c1          reference: unsupported insn 0x6f00e400
[SKIP  ] bb_libart_749e80_c2          reference: unsupported insn 0x6f00e400
[SKIP  ] bb_libart_75e944_c0          reference: unsupported insn 0x6f00e400
[SKIP  ] bb_libart_75e944_c1          reference: unsupported insn 0x6f00e400
[SKIP  ] bb_libart_75e944_c2          reference: unsupported insn 0x6f00e400
[SKIP  ] bb_libart_7669b8_c0          reference: unsupported insn 0x6f00e400
[SKIP  ] bb_libart_7669b8_c1          reference: unsupported insn 0x6f00e400
[SKIP  ] bb_libart_7669b8_c2          reference: unsupported insn 0x6f00e400
[SKIP  ] bb_libart_767e10_c0          reference: unsupported insn 0x6f00e400
[SKIP  ] bb_libart_767e10_c1          reference: unsupported insn 0x6f00e400
[SKIP  ] bb_libart_767e10_c2          reference: unsupported insn 0x6f00e400
[SKIP  ] bb_libart_768228_c0          reference: unsupported insn 0x6f00e400
[SKIP  ] bb_libart_768228_c1          reference: unsupported insn 0x6f00e400
[SKIP  ] bb_libart_768228_c2          reference: unsupported insn 0x6f00e400
[SKIP  ] bb_libart_768268_c0          reference: unsupported insn 0x6f00e400
[SKIP  ] bb_libart_768268_c1          reference: unsupported insn 0x6f00e400
[SKIP  ] bb_libart_768268_c2          reference: unsupported insn 0x6f00e400
[SKIP  ] bb_libart_7682c4_c0          reference: unsupported insn 0x6f00e400
[SKIP  ] bb_libart_7682c4_c1          reference: unsupported insn 0x6f00e400
[SKIP  ] bb_libart_7682c4_c2          reference: unsupported insn 0x6f00e400
[SKIP  ] bb_libart_768304_c0          reference: unsupported insn 0x6f00e400
[SKIP  ] bb_libart_768304_c1          reference: unsupported insn 0x6f00e400
[SKIP  ] bb_libart_768304_c2          reference: unsupported insn 0x6f00e400
[SKIP  ] bb_libart_76b2ec_c0          reference: unsupported insn 0x1e270100
[SKIP  ] bb_libart_76b2ec_c1          reference: unsupported insn 0x1e270100
[SKIP  ] bb_libart_76b2ec_c2          reference: unsupported insn 0x1e270100
[SKIP  ] bb_libart_76b978_c0          reference: unsupported insn 0x6f00e402
[SKIP  ] bb_libart_76b978_c1          reference: unsupported insn 0x6f00e402
[SKIP  ] bb_libart_76b978_c2          reference: unsupported insn 0x6f00e402
[SKIP  ] bb_libart_76cfec_c0          reference: unsupported insn 0x1e2702a0
[SKIP  ] bb_libart_76cfec_c1          reference: unsupported insn 0x1e2702a0
[SKIP  ] bb_libart_76cfec_c2          reference: unsupported insn 0x1e2702a0
[SKIP  ] bb_libart_76dec8_c0          reference: unsupported insn 0x1e260008
[SKIP  ] bb_libart_76dec8_c1          reference: unsupported insn 0x1e260008
[SKIP  ] bb_libart_76dec8_c2          reference: unsupported insn 0x1e260008
[SKIP  ] bb_libart_76df9c_c0          reference: unsupported insn 0x1e270380
[SKIP  ] bb_libart_76df9c_c1          reference: unsupported insn 0x1e270380
[SKIP  ] bb_libart_76df9c_c2          reference: unsupported insn 0x1e270380
[SKIP  ] bb_libart_76dfbc_c0          reference: unsupported insn 0x1e260019
[SKIP  ] bb_libart_76dfbc_c1          reference: unsupported insn 0x1e260019
[SKIP  ] bb_libart_76dfbc_c2          reference: unsupported insn 0x1e260019
[SKIP  ] bb_libart_76e950_c0          reference: unsupported insn 0x1e270100
[SKIP  ] bb_libart_76e950_c1          reference: unsupported insn 0x1e270100
[SKIP  ] bb_libart_76e950_c2          reference: unsupported insn 0x1e270100
[SKIP  ] bb_libart_76e9bc_c0          reference: unsupported insn 0x1e270361
[SKIP  ] bb_libart_76e9bc_c1          reference: unsupported insn 0x1e270361
[SKIP  ] bb_libart_76e9bc_c2          reference: unsupported insn 0x1e270361
[SKIP  ] bb_libart_76e9dc_c0          reference: unsupported insn 0x1e26001c
[SKIP  ] bb_libart_76e9dc_c1          reference: unsupported insn 0x1e26001c
[SKIP  ] bb_libart_76e9dc_c2          reference: unsupported insn 0x1e26001c
[SKIP  ] bb_libart_7726e4_c0          reference: unsupported insn 0x6f00e400
[SKIP  ] bb_libart_7726e4_c1          reference: unsupported insn 0x6f00e400
[SKIP  ] bb_libart_7726e4_c2          reference: unsupported insn 0x6f00e400
[SKIP  ] bb_libart_778bcc_c0          reference: unsupported insn 0x9e6701a0
[SKIP  ] bb_libart_778bcc_c1          reference: unsupported insn 0x9e6701a0
[SKIP  ] bb_libart_778bcc_c2          reference: unsupported insn 0x9e6701a0
[SKIP  ] bb_libart_78ea5c_c0          reference: unsupported insn 0x9e670120
[SKIP  ] bb_libart_78ea5c_c1          reference: unsupported insn 0x9e670120
[SKIP  ] bb_libart_78ea5c_c2          reference: unsupported insn 0x9e670120
[SKIP  ] bb_libart_79289c_c0          reference: unsupported insn 0x2f07e600
[SKIP  ] bb_libart_79289c_c1          reference: unsupported insn 0x2f07e600
[SKIP  ] bb_libart_79289c_c2          reference: unsupported insn 0x2f07e600
[SKIP  ] bb_libart_792bbc_c0          reference: unsupported insn 0x6f07e7e0
[SKIP  ] bb_libart_792bbc_c1          reference: unsupported insn 0x6f07e7e0
[SKIP  ] bb_libart_792bbc_c2          reference: unsupported insn 0x6f07e7e0
[SKIP  ] bb_libart_794624_c0          reference: unsupported insn 0x6f07e7e0
[SKIP  ] bb_libart_794624_c1          reference: unsupported insn 0x6f07e7e0
[SKIP  ] bb_libart_794624_c2          reference: unsupported insn 0x6f07e7e0
[SKIP  ] bb_libart_794758_c0          reference: unsupported insn 0x6f07e7e0
[SKIP  ] bb_libart_794758_c1          reference: unsupported insn 0x6f07e7e0
[SKIP  ] bb_libart_794758_c2          reference: unsupported insn 0x6f07e7e0
[SKIP  ] bb_libart_795150_c0          reference: unsupported insn 0x2f07e600
[SKIP  ] bb_libart_795150_c1          reference: unsupported insn 0x2f07e600
[SKIP  ] bb_libart_795150_c2          reference: unsupported insn 0x2f07e600
[SKIP  ] bb_libart_797220_c0          reference: unsupported insn 0x6f07e7e0
[SKIP  ] bb_libart_797220_c1          reference: unsupported insn 0x6f07e7e0
[SKIP  ] bb_libart_797220_c2          reference: unsupported insn 0x6f07e7e0
[SKIP  ] bb_libart_7a5788_c0          reference: unsupported insn 0x9e670100
[SKIP  ] bb_libart_7a5788_c1          reference: unsupported insn 0x9e670100
[SKIP  ] bb_libart_7a5788_c2          reference: unsupported insn 0x9e670100
[PASS  ] bb_libart_7a57a8_c0          (507 bytes x86)
[PASS  ] bb_libart_7a57a8_c1          (507 bytes x86)
[PASS  ] bb_libart_7a57a8_c2          (507 bytes x86)
[SKIP  ] bb_libart_7a57c8_c0          reference: unsupported insn 0x1e260009
[SKIP  ] bb_libart_7a57c8_c1          reference: unsupported insn 0x1e260009
[SKIP  ] bb_libart_7a57c8_c2          reference: unsupported insn 0x1e260009
[SKIP  ] bb_libart_7a7c08_c0          reference: unsupported insn 0x0e205800
[SKIP  ] bb_libart_7a7c08_c1          reference: unsupported insn 0x0e205800
[SKIP  ] bb_libart_7a7c08_c2          reference: unsupported insn 0x0e205800
[SKIP  ] bb_libart_7a7c28_c0          reference: unsupported insn 0x1e26000a
[SKIP  ] bb_libart_7a7c28_c1          reference: unsupported insn 0x1e26000a
[SKIP  ] bb_libart_7a7c28_c2          reference: unsupported insn 0x1e26000a
[PASS  ] bb_libart_7bd568_c0          (96 bytes x86)
[PASS  ] bb_libart_7bd568_c1          (96 bytes x86)
[PASS  ] bb_libart_7bd568_c2          (96 bytes x86)
[SKIP  ] bb_libart_7c5608_c0          reference: unsupported insn 0x9e670100
[SKIP  ] bb_libart_7c5608_c1          reference: unsupported insn 0x9e670100
[SKIP  ] bb_libart_7c5608_c2          reference: unsupported insn 0x9e670100
[PASS  ] bb_libart_7cf630_c0          (317 bytes x86)
[PASS  ] bb_libart_7cf630_c1          (317 bytes x86)
[PASS  ] bb_libart_7cf630_c2          (317 bytes x86)
[SKIP  ] bb_libart_7cf6a8_c0          reference: unsupported insn 0x9e670100
[SKIP  ] bb_libart_7cf6a8_c1          reference: unsupported insn 0x9e670100
[SKIP  ] bb_libart_7cf6a8_c2          reference: unsupported insn 0x9e670100
[PASS  ] bb_libart_7cf6c8_c0          (169 bytes x86)
[PASS  ] bb_libart_7cf6c8_c1          (169 bytes x86)
[PASS  ] bb_libart_7cf6c8_c2          (169 bytes x86)
[PASS  ] bb_libart_7cf714_c0          (169 bytes x86)
[PASS  ] bb_libart_7cf714_c1          (169 bytes x86)
[PASS  ] bb_libart_7cf714_c2          (169 bytes x86)
[SKIP  ] bb_libart_7d21dc_c0          reference: unsupported insn 0x1e260011
[SKIP  ] bb_libart_7d21dc_c1          reference: unsupported insn 0x1e260011
[SKIP  ] bb_libart_7d21dc_c2          reference: unsupported insn 0x1e260011
[SKIP  ] bb_libart_7d230c_c0          reference: unsupported insn 0x1e26000a
[SKIP  ] bb_libart_7d230c_c1          reference: unsupported insn 0x1e26000a
[SKIP  ] bb_libart_7d230c_c2          reference: unsupported insn 0x1e26000a
[SKIP  ] bb_libart_7e0d84_c0          reference: unsupported insn 0x6f00e400
[SKIP  ] bb_libart_7e0d84_c1          reference: unsupported insn 0x6f00e400
[SKIP  ] bb_libart_7e0d84_c2          reference: unsupported insn 0x6f00e400
[SKIP  ] bb_libart_7e316c_c0          reference: unsupported insn 0x6f00e400
[SKIP  ] bb_libart_7e316c_c1          reference: unsupported insn 0x6f00e400
[SKIP  ] bb_libart_7e316c_c2          reference: unsupported insn 0x6f00e400
[SKIP  ] bb_libart_7e31d8_c0          reference: unsupported insn 0x6f00e400
[SKIP  ] bb_libart_7e31d8_c1          reference: unsupported insn 0x6f00e400
[SKIP  ] bb_libart_7e31d8_c2          reference: unsupported insn 0x6f00e400
[SKIP  ] bb_libart_7f0d34_c0          reference: unsupported insn 0x6f00e400
[SKIP  ] bb_libart_7f0d34_c1          reference: unsupported insn 0x6f00e400
[SKIP  ] bb_libart_7f0d34_c2          reference: unsupported insn 0x6f00e400
[PASS  ] bb_libart_7ff2e4_c0          (305 bytes x86)
[PASS  ] bb_libart_7ff2e4_c1          (305 bytes x86)
[PASS  ] bb_libart_7ff2e4_c2          (305 bytes x86)
[SKIP  ] bb_libart_8036d0_c0          reference: unsupported insn 0x9e660008
[SKIP  ] bb_libart_8036d0_c1          reference: unsupported insn 0x9e660008
[SKIP  ] bb_libart_8036d0_c2          reference: unsupported insn 0x9e660008
[SKIP  ] bb_libart_803fcc_c0          reference: unsupported insn 0x9e660008
[SKIP  ] bb_libart_803fcc_c1          reference: unsupported insn 0x9e660008
[SKIP  ] bb_libart_803fcc_c2          reference: unsupported insn 0x9e660008
[SKIP  ] bb_libart_8082d8_c0          reference: unsupported insn 0x9e6702c0
[SKIP  ] bb_libart_8082d8_c1          reference: unsupported insn 0x9e6702c0
[SKIP  ] bb_libart_8082d8_c2          reference: unsupported insn 0x9e6702c0
[SKIP  ] bb_libart_808970_c0          reference: unsupported insn 0x9e670160
[SKIP  ] bb_libart_808970_c1          reference: unsupported insn 0x9e670160
[SKIP  ] bb_libart_808970_c2          reference: unsupported insn 0x9e670160
[SKIP  ] bb_libart_809474_c0          reference: unsupported insn 0x9e670300
[SKIP  ] bb_libart_809474_c1          reference: unsupported insn 0x9e670300
[SKIP  ] bb_libart_809474_c2          reference: unsupported insn 0x9e670300
[SKIP  ] bb_libart_80a554_c0          reference: unsupported insn 0x0e205800
[SKIP  ] bb_libart_80a554_c1          reference: unsupported insn 0x0e205800
[SKIP  ] bb_libart_80a554_c2          reference: unsupported insn 0x0e205800
[SKIP  ] bb_libart_825354_c0          reference: unsupported insn 0x6f00e400
[SKIP  ] bb_libart_825354_c1          reference: unsupported insn 0x6f00e400
[SKIP  ] bb_libart_825354_c2          reference: unsupported insn 0x6f00e400
[SKIP  ] bb_libart_83c204_c0          reference: unsupported insn 0x1e260008
[SKIP  ] bb_libart_83c204_c1          reference: unsupported insn 0x1e260008
[SKIP  ] bb_libart_83c204_c2          reference: unsupported insn 0x1e260008
[SKIP  ] bb_libart_83c288_c0          reference: unsupported insn 0x1e260008
[SKIP  ] bb_libart_83c288_c1          reference: unsupported insn 0x1e260008
[SKIP  ] bb_libart_83c288_c2          reference: unsupported insn 0x1e260008
[SKIP  ] bb_libart_891d2c_c0          reference: unsupported insn 0x9e660115
[SKIP  ] bb_libart_891d2c_c1          reference: unsupported insn 0x9e660115
[SKIP  ] bb_libart_891d2c_c2          reference: unsupported insn 0x9e660115
[SKIP  ] bb_libart_89ae6c_c0          reference: unsupported insn 0x6f00e400
[SKIP  ] bb_libart_89ae6c_c1          reference: unsupported insn 0x6f00e400
[SKIP  ] bb_libart_89ae6c_c2          reference: unsupported insn 0x6f00e400
[SKIP  ] bb_libart_8a0a04_c0          reference: unsupported insn 0x1e260114
[SKIP  ] bb_libart_8a0a04_c1          reference: unsupported insn 0x1e260114
[SKIP  ] bb_libart_8a0a04_c2          reference: unsupported insn 0x1e260114
[SKIP  ] bb_libart_8a0fe4_c0          reference: unsupported insn 0x9e660114
[SKIP  ] bb_libart_8a0fe4_c1          reference: unsupported insn 0x9e660114
[SKIP  ] bb_libart_8a0fe4_c2          reference: unsupported insn 0x9e660114
[SKIP  ] bb_libart_8af644_c0          reference: unsupported insn 0x1e2702e0
[SKIP  ] bb_libart_8af644_c1          reference: unsupported insn 0x1e2702e0
[SKIP  ] bb_libart_8af644_c2          reference: unsupported insn 0x1e2702e0
[SKIP  ] bb_libart_8b2ed0_c0          reference: unsupported insn 0x9e660008
[SKIP  ] bb_libart_8b2ed0_c1          reference: unsupported insn 0x9e660008
[SKIP  ] bb_libart_8b2ed0_c2          reference: unsupported insn 0x9e660008
[PASS  ] bb_libart_8e72c8_c0          (411 bytes x86)
[PASS  ] bb_libart_8e72c8_c1          (411 bytes x86)
[PASS  ] bb_libart_8e72c8_c2          (411 bytes x86)
[SKIP  ] bb_libart_8e792c_c0          reference: unsupported insn 0x4f0005e2
[SKIP  ] bb_libart_8e792c_c1          reference: unsupported insn 0x4f0005e2
[SKIP  ] bb_libart_8e792c_c2          reference: unsupported insn 0x4f0005e2
[SKIP  ] bb_libart_8e7c70_c0          reference: unsupported insn 0x4f0005e2
[SKIP  ] bb_libart_8e7c70_c1          reference: unsupported insn 0x4f0005e2
[SKIP  ] bb_libart_8e7c70_c2          reference: unsupported insn 0x4f0005e2
[SKIP  ] bb_libart_8e7c90_c0          reference: unsupported insn 0x0f0005e4
[SKIP  ] bb_libart_8e7c90_c1          reference: unsupported insn 0x0f0005e4
[SKIP  ] bb_libart_8e7c90_c2          reference: unsupported insn 0x0f0005e4
[PASS  ] bb_libart_8ead70_c0          (373 bytes x86)
[PASS  ] bb_libart_8ead70_c1          (373 bytes x86)
[PASS  ] bb_libart_8ead70_c2          (373 bytes x86)
[SKIP  ] bb_libart_8eb5e0_c0          reference: unsupported insn 0x4f0005e1
[SKIP  ] bb_libart_8eb5e0_c1          reference: unsupported insn 0x4f0005e1
[SKIP  ] bb_libart_8eb5e0_c2          reference: unsupported insn 0x4f0005e1
[SKIP  ] bb_libart_8ff800_c0          reference: unsupported insn 0x9e29000a
[SKIP  ] bb_libart_8ff800_c1          reference: unsupported insn 0x9e29000a
[SKIP  ] bb_libart_8ff800_c2          reference: unsupported insn 0x9e29000a
[PASS  ] bb_libart_905284_c0          (175 bytes x86)
[PASS  ] bb_libart_905284_c1          (175 bytes x86)
[PASS  ] bb_libart_905284_c2          (175 bytes x86)
[PASS  ] bb_libart_9052c8_c0          (207 bytes x86)
[PASS  ] bb_libart_9052c8_c1          (207 bytes x86)
[PASS  ] bb_libart_9052c8_c2          (207 bytes x86)
[PASS  ] bb_libart_9053c4_c0          (202 bytes x86)
[PASS  ] bb_libart_9053c4_c1          (202 bytes x86)
[PASS  ] bb_libart_9053c4_c2          (202 bytes x86)
[PASS  ] bb_libart_9053fc_c0          (207 bytes x86)
[PASS  ] bb_libart_9053fc_c1          (207 bytes x86)
[PASS  ] bb_libart_9053fc_c2          (207 bytes x86)
[PASS  ] bb_libart_905468_c0          (202 bytes x86)
[PASS  ] bb_libart_905468_c1          (202 bytes x86)
[PASS  ] bb_libart_905468_c2          (202 bytes x86)
[SKIP  ] bb_libart_91e664_c0          reference: unsupported insn 0x1e260008
[SKIP  ] bb_libart_91e664_c1          reference: unsupported insn 0x1e260008
[SKIP  ] bb_libart_91e664_c2          reference: unsupported insn 0x1e260008
[SKIP  ] bb_libart_9263c4_c0          reference: unsupported insn 0x5ef1b800
[SKIP  ] bb_libart_9263c4_c1          reference: unsupported insn 0x5ef1b800
[SKIP  ] bb_libart_9263c4_c2          reference: unsupported insn 0x5ef1b800
[PASS  ] bb_libart_929f80_c0          (405 bytes x86)
[PASS  ] bb_libart_929f80_c1          (405 bytes x86)
[PASS  ] bb_libart_929f80_c2          (405 bytes x86)
[SKIP  ] bb_libart_95226c_c0          reference: unsupported insn 0x9e660009
[SKIP  ] bb_libart_95226c_c1          reference: unsupported insn 0x9e660009
[SKIP  ] bb_libart_95226c_c2          reference: unsupported insn 0x9e660009
[SKIP  ] bb_libart_953060_c0          reference: unsupported insn 0x9e660009
[SKIP  ] bb_libart_953060_c1          reference: unsupported insn 0x9e660009
[SKIP  ] bb_libart_953060_c2          reference: unsupported insn 0x9e660009
[SKIP  ] bb_libart_97dd84_c0          reference: unsupported insn 0x0f0005e4
[SKIP  ] bb_libart_97dd84_c1          reference: unsupported insn 0x0f0005e4
[SKIP  ] bb_libart_97dd84_c2          reference: unsupported insn 0x0f0005e4
[SKIP  ] bb_libart_98658c_c0          reference: unsupported insn 0x00000000
[SKIP  ] bb_libart_98658c_c1          reference: unsupported insn 0x00000000
[SKIP  ] bb_libart_98658c_c2          reference: unsupported insn 0x00000000
[SKIP  ] bb_libart_986610_c0          reference: unsupported insn 0x1e270100
[SKIP  ] bb_libart_986610_c1          reference: unsupported insn 0x1e270100
[SKIP  ] bb_libart_986610_c2          reference: unsupported insn 0x1e270100
[SKIP  ] bb_libart_986630_c0          reference: unsupported insn 0x0f046400
[SKIP  ] bb_libart_986630_c1          reference: unsupported insn 0x0f046400
[SKIP  ] bb_libart_986630_c2          reference: unsupported insn 0x0f046400
[SKIP  ] bb_libart_986648_c0          reference: unsupported insn 0x1e270100
[SKIP  ] bb_libart_986648_c1          reference: unsupported insn 0x1e270100
[SKIP  ] bb_libart_986648_c2          reference: unsupported insn 0x1e270100
[PASS  ] bb_libart_9925cc_c0          (127 bytes x86)
[PASS  ] bb_libart_9925cc_c1          (127 bytes x86)
[PASS  ] bb_libart_9925cc_c2          (127 bytes x86)
[PASS  ] bb_libart_9929bc_c0          (135 bytes x86)
[PASS  ] bb_libart_9929bc_c1          (135 bytes x86)
[PASS  ] bb_libart_9929bc_c2          (135 bytes x86)
[SKIP  ] bb_libart_99fa60_c0          reference: unsupported insn 0x1e270280
[SKIP  ] bb_libart_99fa60_c1          reference: unsupported insn 0x1e270280
[SKIP  ] bb_libart_99fa60_c2          reference: unsupported insn 0x1e270280
[SKIP  ] bb_libart_9ae5b0_c0          reference: unsupported insn 0x9e660019
[SKIP  ] bb_libart_9ae5b0_c1          reference: unsupported insn 0x9e660019
[SKIP  ] bb_libart_9ae5b0_c2          reference: unsupported insn 0x9e660019
[PASS  ] bb_libart_9ae7d0_c0          (275 bytes x86)
[PASS  ] bb_libart_9ae7d0_c1          (275 bytes x86)
[PASS  ] bb_libart_9ae7d0_c2          (275 bytes x86)
[SKIP  ] bb_libart_9ae920_c0          reference: unsupported insn 0x1e260108
[SKIP  ] bb_libart_9ae920_c1          reference: unsupported insn 0x1e260108
[SKIP  ] bb_libart_9ae920_c2          reference: unsupported insn 0x1e260108
[PASS  ] bb_libart_9af0a0_c0          (275 bytes x86)
[PASS  ] bb_libart_9af0a0_c1          (275 bytes x86)
[PASS  ] bb_libart_9af0a0_c2          (275 bytes x86)

summary: 345 PASS, 0 FAIL, 1005 SKIP, 0 DBTERR
