=== AETHER dbt-oracle — 900 block(s) ===
    reference engine: hand-written ARM64 interpreter (independent of DBT)

[PASS  ] bb_libbinder_5019c_c0        (265 bytes x86)
[PASS  ] bb_libbinder_5019c_c1        (265 bytes x86)
[PASS  ] bb_libbinder_5019c_c2        (265 bytes x86)
[PASS  ] bb_libbinder_501ac_c0        (263 bytes x86)
[PASS  ] bb_libbinder_501ac_c1        (263 bytes x86)
[PASS  ] bb_libbinder_501ac_c2        (263 bytes x86)
[PASS  ] bb_libbinder_501c4_c0        (224 bytes x86)
[PASS  ] bb_libbinder_501c4_c1        (224 bytes x86)
[PASS  ] bb_libbinder_501c4_c2        (224 bytes x86)
[PASS  ] bb_libbinder_50260_c0        (106 bytes x86)
[PASS  ] bb_libbinder_50260_c1        (106 bytes x86)
[PASS  ] bb_libbinder_50260_c2        (106 bytes x86)
[PASS  ] bb_libbinder_50274_c0        (101 bytes x86)
[PASS  ] bb_libbinder_50274_c1        (101 bytes x86)
[PASS  ] bb_libbinder_50274_c2        (101 bytes x86)
[PASS  ] bb_libbinder_50290_c0        (129 bytes x86)
[PASS  ] bb_libbinder_50290_c1        (129 bytes x86)
[PASS  ] bb_libbinder_50290_c2        (129 bytes x86)
[PASS  ] bb_libbinder_503bc_c0        (197 bytes x86)
[PASS  ] bb_libbinder_503bc_c1        (197 bytes x86)
[PASS  ] bb_libbinder_503bc_c2        (197 bytes x86)
[PASS  ] bb_libbinder_5042c_c0        (142 bytes x86)
[PASS  ] bb_libbinder_5042c_c1        (142 bytes x86)
[PASS  ] bb_libbinder_5042c_c2        (142 bytes x86)
[PASS  ] bb_libbinder_504e0_c0        (80 bytes x86)
[PASS  ] bb_libbinder_504e0_c1        (80 bytes x86)
[PASS  ] bb_libbinder_504e0_c2        (80 bytes x86)
[PASS  ] bb_libbinder_5052c_c0        (144 bytes x86)
[PASS  ] bb_libbinder_5052c_c1        (144 bytes x86)
[PASS  ] bb_libbinder_5052c_c2        (144 bytes x86)
[PASS  ] bb_libbinder_505e0_c0        (142 bytes x86)
[PASS  ] bb_libbinder_505e0_c1        (142 bytes x86)
[PASS  ] bb_libbinder_505e0_c2        (142 bytes x86)
[PASS  ] bb_libbinder_505f0_c0        (239 bytes x86)
[PASS  ] bb_libbinder_505f0_c1        (239 bytes x86)
[PASS  ] bb_libbinder_505f0_c2        (239 bytes x86)
[PASS  ] bb_libbinder_50660_c0        (82 bytes x86)
[PASS  ] bb_libbinder_50660_c1        (82 bytes x86)
[PASS  ] bb_libbinder_50660_c2        (82 bytes x86)
[PASS  ] bb_libbinder_50780_c0        (290 bytes x86)
[PASS  ] bb_libbinder_50780_c1        (290 bytes x86)
[PASS  ] bb_libbinder_50780_c2        (290 bytes x86)
[PASS  ] bb_libbinder_509c4_c0        (89 bytes x86)
[PASS  ] bb_libbinder_509c4_c1        (89 bytes x86)
[PASS  ] bb_libbinder_509c4_c2        (89 bytes x86)
[PASS  ] bb_libbinder_50a68_c0        (197 bytes x86)
[PASS  ] bb_libbinder_50a68_c1        (197 bytes x86)
[PASS  ] bb_libbinder_50a68_c2        (197 bytes x86)
[PASS  ] bb_libbinder_50c5c_c0        (142 bytes x86)
[PASS  ] bb_libbinder_50c5c_c1        (142 bytes x86)
[PASS  ] bb_libbinder_50c5c_c2        (142 bytes x86)
[PASS  ] bb_libbinder_50c90_c0        (85 bytes x86)
[PASS  ] bb_libbinder_50c90_c1        (85 bytes x86)
[PASS  ] bb_libbinder_50c90_c2        (85 bytes x86)
[PASS  ] bb_libbinder_50d68_c0        (86 bytes x86)
[PASS  ] bb_libbinder_50d68_c1        (86 bytes x86)
[PASS  ] bb_libbinder_50d68_c2        (86 bytes x86)
[PASS  ] bb_libbinder_50db0_c0        (79 bytes x86)
[PASS  ] bb_libbinder_50db0_c1        (79 bytes x86)
[PASS  ] bb_libbinder_50db0_c2        (79 bytes x86)
[PASS  ] bb_libbinder_50dfc_c0        (80 bytes x86)
[PASS  ] bb_libbinder_50dfc_c1        (80 bytes x86)
[PASS  ] bb_libbinder_50dfc_c2        (80 bytes x86)
[PASS  ] bb_libbinder_50e8c_c0        (143 bytes x86)
[PASS  ] bb_libbinder_50e8c_c1        (143 bytes x86)
[PASS  ] bb_libbinder_50e8c_c2        (143 bytes x86)
[PASS  ] bb_libbinder_50ee0_c0        (187 bytes x86)
[PASS  ] bb_libbinder_50ee0_c1        (187 bytes x86)
[PASS  ] bb_libbinder_50ee0_c2        (187 bytes x86)
[PASS  ] bb_libbinder_50f68_c0        (152 bytes x86)
[PASS  ] bb_libbinder_50f68_c1        (152 bytes x86)
[PASS  ] bb_libbinder_50f68_c2        (152 bytes x86)
[PASS  ] bb_libbinder_513e4_c0        (79 bytes x86)
[PASS  ] bb_libbinder_513e4_c1        (79 bytes x86)
[PASS  ] bb_libbinder_513e4_c2        (79 bytes x86)
[PASS  ] bb_libbinder_514fc_c0        (90 bytes x86)
[PASS  ] bb_libbinder_514fc_c1        (90 bytes x86)
[PASS  ] bb_libbinder_514fc_c2        (90 bytes x86)
[PASS  ] bb_libbinder_5156c_c0        (205 bytes x86)
[PASS  ] bb_libbinder_5156c_c1        (205 bytes x86)
[PASS  ] bb_libbinder_5156c_c2        (205 bytes x86)
[PASS  ] bb_libbinder_5157c_c0        (205 bytes x86)
[PASS  ] bb_libbinder_5157c_c1        (205 bytes x86)
[PASS  ] bb_libbinder_5157c_c2        (205 bytes x86)
[PASS  ] bb_libbinder_5158c_c0        (205 bytes x86)
[PASS  ] bb_libbinder_5158c_c1        (205 bytes x86)
[PASS  ] bb_libbinder_5158c_c2        (205 bytes x86)
[PASS  ] bb_libbinder_5159c_c0        (93 bytes x86)
[PASS  ] bb_libbinder_5159c_c1        (93 bytes x86)
[PASS  ] bb_libbinder_5159c_c2        (93 bytes x86)
[PASS  ] bb_libbinder_515a8_c0        (85 bytes x86)
[PASS  ] bb_libbinder_515a8_c1        (85 bytes x86)
[PASS  ] bb_libbinder_515a8_c2        (85 bytes x86)
[PASS  ] bb_libbinder_515c0_c0        (238 bytes x86)
[PASS  ] bb_libbinder_515c0_c1        (238 bytes x86)
[PASS  ] bb_libbinder_515c0_c2        (238 bytes x86)
[PASS  ] bb_libbinder_515d8_c0        (93 bytes x86)
[PASS  ] bb_libbinder_515d8_c1        (93 bytes x86)
[PASS  ] bb_libbinder_515d8_c2        (93 bytes x86)
[PASS  ] bb_libbinder_515e8_c0        (180 bytes x86)
[PASS  ] bb_libbinder_515e8_c1        (180 bytes x86)
[PASS  ] bb_libbinder_515e8_c2        (180 bytes x86)
[PASS  ] bb_libbinder_515f8_c0        (205 bytes x86)
[PASS  ] bb_libbinder_515f8_c1        (205 bytes x86)
[PASS  ] bb_libbinder_515f8_c2        (205 bytes x86)
[PASS  ] bb_libbinder_5169c_c0        (205 bytes x86)
[PASS  ] bb_libbinder_5169c_c1        (205 bytes x86)
[PASS  ] bb_libbinder_5169c_c2        (205 bytes x86)
[PASS  ] bb_libbinder_516ac_c0        (248 bytes x86)
[PASS  ] bb_libbinder_516ac_c1        (248 bytes x86)
[PASS  ] bb_libbinder_516ac_c2        (248 bytes x86)
[PASS  ] bb_libbinder_51708_c0        (240 bytes x86)
[PASS  ] bb_libbinder_51708_c1        (240 bytes x86)
[PASS  ] bb_libbinder_51708_c2        (240 bytes x86)
[PASS  ] bb_libbinder_519bc_c0        (205 bytes x86)
[PASS  ] bb_libbinder_519bc_c1        (205 bytes x86)
[PASS  ] bb_libbinder_519bc_c2        (205 bytes x86)
[PASS  ] bb_libbinder_519cc_c0        (205 bytes x86)
[PASS  ] bb_libbinder_519cc_c1        (205 bytes x86)
[PASS  ] bb_libbinder_519cc_c2        (205 bytes x86)
[PASS  ] bb_libbinder_519dc_c0        (205 bytes x86)
[PASS  ] bb_libbinder_519dc_c1        (205 bytes x86)
[PASS  ] bb_libbinder_519dc_c2        (205 bytes x86)
[PASS  ] bb_libbinder_519ec_c0        (205 bytes x86)
[PASS  ] bb_libbinder_519ec_c1        (205 bytes x86)
[PASS  ] bb_libbinder_519ec_c2        (205 bytes x86)
[PASS  ] bb_libbinder_51a00_c0        (205 bytes x86)
[PASS  ] bb_libbinder_51a00_c1        (205 bytes x86)
[PASS  ] bb_libbinder_51a00_c2        (205 bytes x86)
[PASS  ] bb_libbinder_51a10_c0        (205 bytes x86)
[PASS  ] bb_libbinder_51a10_c1        (205 bytes x86)
[PASS  ] bb_libbinder_51a10_c2        (205 bytes x86)
[PASS  ] bb_libbinder_51a20_c0        (205 bytes x86)
[PASS  ] bb_libbinder_51a20_c1        (205 bytes x86)
[PASS  ] bb_libbinder_51a20_c2        (205 bytes x86)
[PASS  ] bb_libbinder_51cac_c0        (90 bytes x86)
[PASS  ] bb_libbinder_51cac_c1        (90 bytes x86)
[PASS  ] bb_libbinder_51cac_c2        (90 bytes x86)
[PASS  ] bb_libbinder_51ef4_c0        (205 bytes x86)
[PASS  ] bb_libbinder_51ef4_c1        (205 bytes x86)
[PASS  ] bb_libbinder_51ef4_c2        (205 bytes x86)
[PASS  ] bb_libbinder_51f04_c0        (205 bytes x86)
[PASS  ] bb_libbinder_51f04_c1        (205 bytes x86)
[PASS  ] bb_libbinder_51f04_c2        (205 bytes x86)
[PASS  ] bb_libbinder_521c8_c0        (85 bytes x86)
[PASS  ] bb_libbinder_521c8_c1        (85 bytes x86)
[PASS  ] bb_libbinder_521c8_c2        (85 bytes x86)
[PASS  ] bb_libbinder_5221c_c0        (193 bytes x86)
[PASS  ] bb_libbinder_5221c_c1        (193 bytes x86)
[PASS  ] bb_libbinder_5221c_c2        (193 bytes x86)
[PASS  ] bb_libbinder_52230_c0        (86 bytes x86)
[PASS  ] bb_libbinder_52230_c1        (86 bytes x86)
[PASS  ] bb_libbinder_52230_c2        (86 bytes x86)
[PASS  ] bb_libbinder_5223c_c0        (86 bytes x86)
[PASS  ] bb_libbinder_5223c_c1        (86 bytes x86)
[PASS  ] bb_libbinder_5223c_c2        (86 bytes x86)
[PASS  ] bb_libbinder_52268_c0        (94 bytes x86)
[PASS  ] bb_libbinder_52268_c1        (94 bytes x86)
[PASS  ] bb_libbinder_52268_c2        (94 bytes x86)
[PASS  ] bb_libbinder_5230c_c0        (400 bytes x86)
[PASS  ] bb_libbinder_5230c_c1        (400 bytes x86)
[PASS  ] bb_libbinder_5230c_c2        (400 bytes x86)
[PASS  ] bb_libbinder_523b8_c0        (146 bytes x86)
[PASS  ] bb_libbinder_523b8_c1        (146 bytes x86)
[PASS  ] bb_libbinder_523b8_c2        (146 bytes x86)
[PASS  ] bb_libbinder_523d4_c0        (127 bytes x86)
[PASS  ] bb_libbinder_523d4_c1        (127 bytes x86)
[PASS  ] bb_libbinder_523d4_c2        (127 bytes x86)
[PASS  ] bb_libbinder_52400_c0        (266 bytes x86)
[PASS  ] bb_libbinder_52400_c1        (266 bytes x86)
[PASS  ] bb_libbinder_52400_c2        (266 bytes x86)
[PASS  ] bb_libbinder_52414_c0        (299 bytes x86)
[PASS  ] bb_libbinder_52414_c1        (299 bytes x86)
[PASS  ] bb_libbinder_52414_c2        (299 bytes x86)
[PASS  ] bb_libbinder_524fc_c0        (205 bytes x86)
[PASS  ] bb_libbinder_524fc_c1        (205 bytes x86)
[PASS  ] bb_libbinder_524fc_c2        (205 bytes x86)
[PASS  ] bb_libbinder_52548_c0        (266 bytes x86)
[PASS  ] bb_libbinder_52548_c1        (266 bytes x86)
[PASS  ] bb_libbinder_52548_c2        (266 bytes x86)
[PASS  ] bb_libbinder_5255c_c0        (305 bytes x86)
[PASS  ] bb_libbinder_5255c_c1        (305 bytes x86)
[PASS  ] bb_libbinder_5255c_c2        (305 bytes x86)
[PASS  ] bb_libbinder_52668_c0        (113 bytes x86)
[PASS  ] bb_libbinder_52668_c1        (113 bytes x86)
[PASS  ] bb_libbinder_52668_c2        (113 bytes x86)
[PASS  ] bb_libbinder_52764_c0        (126 bytes x86)
[PASS  ] bb_libbinder_52764_c1        (126 bytes x86)
[PASS  ] bb_libbinder_52764_c2        (126 bytes x86)
[PASS  ] bb_libbinder_52774_c0        (128 bytes x86)
[PASS  ] bb_libbinder_52774_c1        (128 bytes x86)
[PASS  ] bb_libbinder_52774_c2        (128 bytes x86)
[PASS  ] bb_libbinder_52784_c0        (101 bytes x86)
[PASS  ] bb_libbinder_52784_c1        (101 bytes x86)
[PASS  ] bb_libbinder_52784_c2        (101 bytes x86)
[PASS  ] bb_libbinder_527f4_c0        (87 bytes x86)
[PASS  ] bb_libbinder_527f4_c1        (87 bytes x86)
[PASS  ] bb_libbinder_527f4_c2        (87 bytes x86)
[PASS  ] bb_libbinder_5281c_c0        (86 bytes x86)
[PASS  ] bb_libbinder_5281c_c1        (86 bytes x86)
[PASS  ] bb_libbinder_5281c_c2        (86 bytes x86)
[PASS  ] bb_libbinder_528d0_c0        (130 bytes x86)
[PASS  ] bb_libbinder_528d0_c1        (130 bytes x86)
[PASS  ] bb_libbinder_528d0_c2        (130 bytes x86)
[PASS  ] bb_libbinder_528fc_c0        (126 bytes x86)
[PASS  ] bb_libbinder_528fc_c1        (126 bytes x86)
[PASS  ] bb_libbinder_528fc_c2        (126 bytes x86)
[PASS  ] bb_libbinder_52a0c_c0        (205 bytes x86)
[PASS  ] bb_libbinder_52a0c_c1        (205 bytes x86)
[PASS  ] bb_libbinder_52a0c_c2        (205 bytes x86)
[PASS  ] bb_libbinder_52a2c_c0        (193 bytes x86)
[PASS  ] bb_libbinder_52a2c_c1        (193 bytes x86)
[PASS  ] bb_libbinder_52a2c_c2        (193 bytes x86)
[PASS  ] bb_libbinder_52a54_c0        (86 bytes x86)
[PASS  ] bb_libbinder_52a54_c1        (86 bytes x86)
[PASS  ] bb_libbinder_52a54_c2        (86 bytes x86)
[PASS  ] bb_libbinder_52ac8_c0        (143 bytes x86)
[PASS  ] bb_libbinder_52ac8_c1        (143 bytes x86)
[PASS  ] bb_libbinder_52ac8_c2        (143 bytes x86)
[PASS  ] bb_libbinder_52b48_c0        (149 bytes x86)
[PASS  ] bb_libbinder_52b48_c1        (149 bytes x86)
[PASS  ] bb_libbinder_52b48_c2        (149 bytes x86)
[PASS  ] bb_libbinder_52bc4_c0        (89 bytes x86)
[PASS  ] bb_libbinder_52bc4_c1        (89 bytes x86)
[PASS  ] bb_libbinder_52bc4_c2        (89 bytes x86)
[PASS  ] bb_libbinder_52bf8_c0        (90 bytes x86)
[PASS  ] bb_libbinder_52bf8_c1        (90 bytes x86)
[PASS  ] bb_libbinder_52bf8_c2        (90 bytes x86)
[PASS  ] bb_libbinder_52c04_c0        (94 bytes x86)
[PASS  ] bb_libbinder_52c04_c1        (94 bytes x86)
[PASS  ] bb_libbinder_52c04_c2        (94 bytes x86)
[PASS  ] bb_libbinder_52d5c_c0        (126 bytes x86)
[PASS  ] bb_libbinder_52d5c_c1        (126 bytes x86)
[PASS  ] bb_libbinder_52d5c_c2        (126 bytes x86)
[PASS  ] bb_libbinder_52da4_c0        (94 bytes x86)
[PASS  ] bb_libbinder_52da4_c1        (94 bytes x86)
[PASS  ] bb_libbinder_52da4_c2        (94 bytes x86)
[PASS  ] bb_libbinder_52edc_c0        (139 bytes x86)
[PASS  ] bb_libbinder_52edc_c1        (139 bytes x86)
[PASS  ] bb_libbinder_52edc_c2        (139 bytes x86)
[PASS  ] bb_libbinder_52ef8_c0        (84 bytes x86)
[PASS  ] bb_libbinder_52ef8_c1        (84 bytes x86)
[PASS  ] bb_libbinder_52ef8_c2        (84 bytes x86)
[PASS  ] bb_libbinder_52f38_c0        (277 bytes x86)
[PASS  ] bb_libbinder_52f38_c1        (277 bytes x86)
[PASS  ] bb_libbinder_52f38_c2        (277 bytes x86)
[PASS  ] bb_libbinder_52f4c_c0        (128 bytes x86)
[PASS  ] bb_libbinder_52f4c_c1        (128 bytes x86)
[PASS  ] bb_libbinder_52f4c_c2        (128 bytes x86)
[PASS  ] bb_libbinder_52fcc_c0        (318 bytes x86)
[PASS  ] bb_libbinder_52fcc_c1        (318 bytes x86)
[PASS  ] bb_libbinder_52fcc_c2        (318 bytes x86)
[PASS  ] bb_libbinder_530a8_c0        (135 bytes x86)
[PASS  ] bb_libbinder_530a8_c1        (135 bytes x86)
[PASS  ] bb_libbinder_530a8_c2        (135 bytes x86)
[PASS  ] bb_libbinder_530b8_c0        (90 bytes x86)
[PASS  ] bb_libbinder_530b8_c1        (90 bytes x86)
[PASS  ] bb_libbinder_530b8_c2        (90 bytes x86)
[PASS  ] bb_libbinder_53114_c0        (111 bytes x86)
[PASS  ] bb_libbinder_53114_c1        (111 bytes x86)
[PASS  ] bb_libbinder_53114_c2        (111 bytes x86)
[PASS  ] bb_libbinder_53198_c0        (116 bytes x86)
[PASS  ] bb_libbinder_53198_c1        (116 bytes x86)
[PASS  ] bb_libbinder_53198_c2        (116 bytes x86)
[PASS  ] bb_libbinder_5323c_c0        (83 bytes x86)
[PASS  ] bb_libbinder_5323c_c1        (83 bytes x86)
[PASS  ] bb_libbinder_5323c_c2        (83 bytes x86)
[PASS  ] bb_libbinder_532e0_c0        (80 bytes x86)
[PASS  ] bb_libbinder_532e0_c1        (80 bytes x86)
[PASS  ] bb_libbinder_532e0_c2        (80 bytes x86)
[PASS  ] bb_libbinder_5330c_c0        (89 bytes x86)
[PASS  ] bb_libbinder_5330c_c1        (89 bytes x86)
[PASS  ] bb_libbinder_5330c_c2        (89 bytes x86)
[PASS  ] bb_libbinder_53574_c0        (139 bytes x86)
[PASS  ] bb_libbinder_53574_c1        (139 bytes x86)
[PASS  ] bb_libbinder_53574_c2        (139 bytes x86)
[PASS  ] bb_libbinder_53580_c0        (139 bytes x86)
[PASS  ] bb_libbinder_53580_c1        (139 bytes x86)
[PASS  ] bb_libbinder_53580_c2        (139 bytes x86)
[PASS  ] bb_libbinder_535e4_c0        (158 bytes x86)
[PASS  ] bb_libbinder_535e4_c1        (158 bytes x86)
[PASS  ] bb_libbinder_535e4_c2        (158 bytes x86)
[PASS  ] bb_libbinder_53600_c0        (83 bytes x86)
[PASS  ] bb_libbinder_53600_c1        (83 bytes x86)
[PASS  ] bb_libbinder_53600_c2        (83 bytes x86)
[PASS  ] bb_libbinder_53640_c0        (139 bytes x86)
[PASS  ] bb_libbinder_53640_c1        (139 bytes x86)
[PASS  ] bb_libbinder_53640_c2        (139 bytes x86)
[PASS  ] bb_libbinder_53688_c0        (205 bytes x86)
[PASS  ] bb_libbinder_53688_c1        (205 bytes x86)
[PASS  ] bb_libbinder_53688_c2        (205 bytes x86)
[PASS  ] bb_libbinder_536d4_c0        (84 bytes x86)
[PASS  ] bb_libbinder_536d4_c1        (84 bytes x86)
[PASS  ] bb_libbinder_536d4_c2        (84 bytes x86)
[PASS  ] bb_libbinder_536e0_c0        (85 bytes x86)
[PASS  ] bb_libbinder_536e0_c1        (85 bytes x86)
[PASS  ] bb_libbinder_536e0_c2        (85 bytes x86)
[PASS  ] bb_libbinder_53898_c0        (125 bytes x86)
[PASS  ] bb_libbinder_53898_c1        (125 bytes x86)
[PASS  ] bb_libbinder_53898_c2        (125 bytes x86)
[PASS  ] bb_libbinder_53cec_c0        (86 bytes x86)
[PASS  ] bb_libbinder_53cec_c1        (86 bytes x86)
[PASS  ] bb_libbinder_53cec_c2        (86 bytes x86)
[PASS  ] bb_libbinder_53d74_c0        (202 bytes x86)
[PASS  ] bb_libbinder_53d74_c1        (202 bytes x86)
[PASS  ] bb_libbinder_53d74_c2        (202 bytes x86)
[PASS  ] bb_libbinder_53d84_c0        (202 bytes x86)
[PASS  ] bb_libbinder_53d84_c1        (202 bytes x86)
[PASS  ] bb_libbinder_53d84_c2        (202 bytes x86)
[PASS  ] bb_libbinder_53fbc_c0        (158 bytes x86)
[PASS  ] bb_libbinder_53fbc_c1        (158 bytes x86)
[PASS  ] bb_libbinder_53fbc_c2        (158 bytes x86)
[PASS  ] bb_libbinder_53fd4_c0        (80 bytes x86)
[PASS  ] bb_libbinder_53fd4_c1        (80 bytes x86)
[PASS  ] bb_libbinder_53fd4_c2        (80 bytes x86)
[PASS  ] bb_libbinder_53fe0_c0        (85 bytes x86)
[PASS  ] bb_libbinder_53fe0_c1        (85 bytes x86)
[PASS  ] bb_libbinder_53fe0_c2        (85 bytes x86)
[PASS  ] bb_libbinder_54144_c0        (86 bytes x86)
[PASS  ] bb_libbinder_54144_c1        (86 bytes x86)
[PASS  ] bb_libbinder_54144_c2        (86 bytes x86)
[PASS  ] bb_libbinder_542e0_c0        (168 bytes x86)
[PASS  ] bb_libbinder_542e0_c1        (168 bytes x86)
[PASS  ] bb_libbinder_542e0_c2        (168 bytes x86)
[PASS  ] bb_libbinder_542ec_c0        (90 bytes x86)
[PASS  ] bb_libbinder_542ec_c1        (90 bytes x86)
[PASS  ] bb_libbinder_542ec_c2        (90 bytes x86)
[PASS  ] bb_libbinder_54338_c0        (313 bytes x86)
[PASS  ] bb_libbinder_54338_c1        (313 bytes x86)
[PASS  ] bb_libbinder_54338_c2        (313 bytes x86)
[PASS  ] bb_libbinder_5441c_c0        (219 bytes x86)
[PASS  ] bb_libbinder_5441c_c1        (219 bytes x86)
[PASS  ] bb_libbinder_5441c_c2        (219 bytes x86)
[PASS  ] bb_libbinder_5443c_c0        (86 bytes x86)
[PASS  ] bb_libbinder_5443c_c1        (86 bytes x86)
[PASS  ] bb_libbinder_5443c_c2        (86 bytes x86)
[PASS  ] bb_libbinder_544b0_c0        (107 bytes x86)
[PASS  ] bb_libbinder_544b0_c1        (107 bytes x86)
[PASS  ] bb_libbinder_544b0_c2        (107 bytes x86)
[PASS  ] bb_libbinder_544bc_c0        (146 bytes x86)
[PASS  ] bb_libbinder_544bc_c1        (146 bytes x86)
[PASS  ] bb_libbinder_544bc_c2        (146 bytes x86)
[PASS  ] bb_libbinder_546a8_c0        (76 bytes x86)
[PASS  ] bb_libbinder_546a8_c1        (76 bytes x86)
[PASS  ] bb_libbinder_546a8_c2        (76 bytes x86)
[PASS  ] bb_libbinder_546b4_c0        (122 bytes x86)
[PASS  ] bb_libbinder_546b4_c1        (122 bytes x86)
[PASS  ] bb_libbinder_546b4_c2        (122 bytes x86)
[PASS  ] bb_libbinder_546c4_c0        (128 bytes x86)
[PASS  ] bb_libbinder_546c4_c1        (128 bytes x86)
[PASS  ] bb_libbinder_546c4_c2        (128 bytes x86)
[PASS  ] bb_libbinder_54734_c0        (80 bytes x86)
[PASS  ] bb_libbinder_54734_c1        (80 bytes x86)
[PASS  ] bb_libbinder_54734_c2        (80 bytes x86)
[PASS  ] bb_libbinder_54760_c0        (268 bytes x86)
[PASS  ] bb_libbinder_54760_c1        (268 bytes x86)
[PASS  ] bb_libbinder_54760_c2        (268 bytes x86)
[PASS  ] bb_libbinder_547f4_c0        (98 bytes x86)
[PASS  ] bb_libbinder_547f4_c1        (98 bytes x86)
[PASS  ] bb_libbinder_547f4_c2        (98 bytes x86)
[PASS  ] bb_libbinder_54820_c0        (141 bytes x86)
[PASS  ] bb_libbinder_54820_c1        (141 bytes x86)
[PASS  ] bb_libbinder_54820_c2        (141 bytes x86)
[PASS  ] bb_libbinder_54888_c0        (86 bytes x86)
[PASS  ] bb_libbinder_54888_c1        (86 bytes x86)
[PASS  ] bb_libbinder_54888_c2        (86 bytes x86)
[PASS  ] bb_libbinder_54918_c0        (185 bytes x86)
[PASS  ] bb_libbinder_54918_c1        (185 bytes x86)
[PASS  ] bb_libbinder_54918_c2        (185 bytes x86)
[PASS  ] bb_libbinder_54930_c0        (148 bytes x86)
[PASS  ] bb_libbinder_54930_c1        (148 bytes x86)
[PASS  ] bb_libbinder_54930_c2        (148 bytes x86)
[PASS  ] bb_libbinder_5493c_c0        (222 bytes x86)
[PASS  ] bb_libbinder_5493c_c1        (222 bytes x86)
[PASS  ] bb_libbinder_5493c_c2        (222 bytes x86)
[PASS  ] bb_libbinder_5494c_c0        (305 bytes x86)
[PASS  ] bb_libbinder_5494c_c1        (305 bytes x86)
[PASS  ] bb_libbinder_5494c_c2        (305 bytes x86)
[PASS  ] bb_libbinder_549b4_c0        (86 bytes x86)
[PASS  ] bb_libbinder_549b4_c1        (86 bytes x86)
[PASS  ] bb_libbinder_549b4_c2        (86 bytes x86)
[PASS  ] bb_libbinder_54a24_c0        (80 bytes x86)
[PASS  ] bb_libbinder_54a24_c1        (80 bytes x86)
[PASS  ] bb_libbinder_54a24_c2        (80 bytes x86)
[PASS  ] bb_libbinder_54a34_c0        (91 bytes x86)
[PASS  ] bb_libbinder_54a34_c1        (91 bytes x86)
[PASS  ] bb_libbinder_54a34_c2        (91 bytes x86)
[PASS  ] bb_libbinder_54a48_c0        (80 bytes x86)
[PASS  ] bb_libbinder_54a48_c1        (80 bytes x86)
[PASS  ] bb_libbinder_54a48_c2        (80 bytes x86)
[PASS  ] bb_libbinder_54a78_c0        (106 bytes x86)
[PASS  ] bb_libbinder_54a78_c1        (106 bytes x86)
[PASS  ] bb_libbinder_54a78_c2        (106 bytes x86)
[PASS  ] bb_libbinder_54ac4_c0        (90 bytes x86)
[PASS  ] bb_libbinder_54ac4_c1        (90 bytes x86)
[PASS  ] bb_libbinder_54ac4_c2        (90 bytes x86)
[PASS  ] bb_libbinder_54af0_c0        (277 bytes x86)
[PASS  ] bb_libbinder_54af0_c1        (277 bytes x86)
[PASS  ] bb_libbinder_54af0_c2        (277 bytes x86)
[PASS  ] bb_libbinder_54b04_c0        (128 bytes x86)
[PASS  ] bb_libbinder_54b04_c1        (128 bytes x86)
[PASS  ] bb_libbinder_54b04_c2        (128 bytes x86)
[PASS  ] bb_libbinder_54bb4_c0        (129 bytes x86)
[PASS  ] bb_libbinder_54bb4_c1        (129 bytes x86)
[PASS  ] bb_libbinder_54bb4_c2        (129 bytes x86)
[PASS  ] bb_libbinder_54d34_c0        (153 bytes x86)
[PASS  ] bb_libbinder_54d34_c1        (153 bytes x86)
[PASS  ] bb_libbinder_54d34_c2        (153 bytes x86)
[PASS  ] bb_libbinder_54d40_c0        (86 bytes x86)
[PASS  ] bb_libbinder_54d40_c1        (86 bytes x86)
[PASS  ] bb_libbinder_54d40_c2        (86 bytes x86)
[PASS  ] bb_libbinder_550c4_c0        (305 bytes x86)
[PASS  ] bb_libbinder_550c4_c1        (305 bytes x86)
[PASS  ] bb_libbinder_550c4_c2        (305 bytes x86)
[PASS  ] bb_libbinder_55128_c0        (86 bytes x86)
[PASS  ] bb_libbinder_55128_c1        (86 bytes x86)
[PASS  ] bb_libbinder_55128_c2        (86 bytes x86)
[PASS  ] bb_libbinder_55248_c0        (80 bytes x86)
[PASS  ] bb_libbinder_55248_c1        (80 bytes x86)
[PASS  ] bb_libbinder_55248_c2        (80 bytes x86)
[PASS  ] bb_libbinder_55374_c0        (277 bytes x86)
[PASS  ] bb_libbinder_55374_c1        (277 bytes x86)
[PASS  ] bb_libbinder_55374_c2        (277 bytes x86)
[PASS  ] bb_libbinder_55388_c0        (128 bytes x86)
[PASS  ] bb_libbinder_55388_c1        (128 bytes x86)
[PASS  ] bb_libbinder_55388_c2        (128 bytes x86)
[PASS  ] bb_libbinder_55424_c0        (88 bytes x86)
[PASS  ] bb_libbinder_55424_c1        (88 bytes x86)
[PASS  ] bb_libbinder_55424_c2        (88 bytes x86)
[PASS  ] bb_libbinder_5547c_c0        (109 bytes x86)
[PASS  ] bb_libbinder_5547c_c1        (109 bytes x86)
[PASS  ] bb_libbinder_5547c_c2        (109 bytes x86)
[PASS  ] bb_libbinder_55570_c0        (86 bytes x86)
[PASS  ] bb_libbinder_55570_c1        (86 bytes x86)
[PASS  ] bb_libbinder_55570_c2        (86 bytes x86)
[PASS  ] bb_libbinder_55740_c0        (231 bytes x86)
[PASS  ] bb_libbinder_55740_c1        (231 bytes x86)
[PASS  ] bb_libbinder_55740_c2        (231 bytes x86)
[PASS  ] bb_libbinder_55750_c0        (146 bytes x86)
[PASS  ] bb_libbinder_55750_c1        (146 bytes x86)
[PASS  ] bb_libbinder_55750_c2        (146 bytes x86)
[PASS  ] bb_libbinder_557cc_c0        (145 bytes x86)
[PASS  ] bb_libbinder_557cc_c1        (145 bytes x86)
[PASS  ] bb_libbinder_557cc_c2        (145 bytes x86)
[PASS  ] bb_libbinder_55920_c0        (146 bytes x86)
[PASS  ] bb_libbinder_55920_c1        (146 bytes x86)
[PASS  ] bb_libbinder_55920_c2        (146 bytes x86)
[PASS  ] bb_libbinder_55930_c0        (236 bytes x86)
[PASS  ] bb_libbinder_55930_c1        (236 bytes x86)
[PASS  ] bb_libbinder_55930_c2        (236 bytes x86)
[PASS  ] bb_libbinder_55a88_c0        (90 bytes x86)
[PASS  ] bb_libbinder_55a88_c1        (90 bytes x86)
[PASS  ] bb_libbinder_55a88_c2        (90 bytes x86)
[PASS  ] bb_libbinder_55b60_c0        (90 bytes x86)
[PASS  ] bb_libbinder_55b60_c1        (90 bytes x86)
[PASS  ] bb_libbinder_55b60_c2        (90 bytes x86)
[PASS  ] bb_libbinder_55b9c_c0        (89 bytes x86)
[PASS  ] bb_libbinder_55b9c_c1        (89 bytes x86)
[PASS  ] bb_libbinder_55b9c_c2        (89 bytes x86)
[PASS  ] bb_libbinder_55bbc_c0        (195 bytes x86)
[PASS  ] bb_libbinder_55bbc_c1        (195 bytes x86)
[PASS  ] bb_libbinder_55bbc_c2        (195 bytes x86)
[PASS  ] bb_libbinder_55ccc_c0        (153 bytes x86)
[PASS  ] bb_libbinder_55ccc_c1        (153 bytes x86)
[PASS  ] bb_libbinder_55ccc_c2        (153 bytes x86)
[PASS  ] bb_libbinder_55cd8_c0        (197 bytes x86)
[PASS  ] bb_libbinder_55cd8_c1        (197 bytes x86)
[PASS  ] bb_libbinder_55cd8_c2        (197 bytes x86)
[PASS  ] bb_libbinder_55ce8_c0        (211 bytes x86)
[PASS  ] bb_libbinder_55ce8_c1        (211 bytes x86)
[PASS  ] bb_libbinder_55ce8_c2        (211 bytes x86)
[PASS  ] bb_libbinder_55d94_c0        (133 bytes x86)
[PASS  ] bb_libbinder_55d94_c1        (133 bytes x86)
[PASS  ] bb_libbinder_55d94_c2        (133 bytes x86)
[PASS  ] bb_libbinder_55dac_c0        (208 bytes x86)
[PASS  ] bb_libbinder_55dac_c1        (208 bytes x86)
[PASS  ] bb_libbinder_55dac_c2        (208 bytes x86)
[PASS  ] bb_libbinder_55df8_c0        (92 bytes x86)
[PASS  ] bb_libbinder_55df8_c1        (92 bytes x86)
[PASS  ] bb_libbinder_55df8_c2        (92 bytes x86)
[PASS  ] bb_libbinder_55ef8_c0        (80 bytes x86)
[PASS  ] bb_libbinder_55ef8_c1        (80 bytes x86)
[PASS  ] bb_libbinder_55ef8_c2        (80 bytes x86)
[PASS  ] bb_libbinder_55f24_c0        (86 bytes x86)
[PASS  ] bb_libbinder_55f24_c1        (86 bytes x86)
[PASS  ] bb_libbinder_55f24_c2        (86 bytes x86)
[PASS  ] bb_libbinder_55f48_c0        (91 bytes x86)
[PASS  ] bb_libbinder_55f48_c1        (91 bytes x86)
[PASS  ] bb_libbinder_55f48_c2        (91 bytes x86)
[PASS  ] bb_libbinder_56034_c0        (277 bytes x86)
[PASS  ] bb_libbinder_56034_c1        (277 bytes x86)
[PASS  ] bb_libbinder_56034_c2        (277 bytes x86)
[PASS  ] bb_libbinder_56124_c0        (109 bytes x86)
[PASS  ] bb_libbinder_56124_c1        (109 bytes x86)
[PASS  ] bb_libbinder_56124_c2        (109 bytes x86)
[PASS  ] bb_libbinder_56238_c0        (202 bytes x86)
[PASS  ] bb_libbinder_56238_c1        (202 bytes x86)
[PASS  ] bb_libbinder_56238_c2        (202 bytes x86)
[PASS  ] bb_libbinder_5626c_c0        (122 bytes x86)
[PASS  ] bb_libbinder_5626c_c1        (122 bytes x86)
[PASS  ] bb_libbinder_5626c_c2        (122 bytes x86)
[PASS  ] bb_libbinder_5628c_c0        (128 bytes x86)
[PASS  ] bb_libbinder_5628c_c1        (128 bytes x86)
[PASS  ] bb_libbinder_5628c_c2        (128 bytes x86)
[PASS  ] bb_libbinder_56408_c0        (108 bytes x86)
[PASS  ] bb_libbinder_56408_c1        (108 bytes x86)
[PASS  ] bb_libbinder_56408_c2        (108 bytes x86)
[PASS  ] bb_libbinder_56558_c0        (90 bytes x86)
[PASS  ] bb_libbinder_56558_c1        (90 bytes x86)
[PASS  ] bb_libbinder_56558_c2        (90 bytes x86)
[SKIP  ] bb_libbinder_56578_c0        reference: unsupported insn 0x6f00e400
[SKIP  ] bb_libbinder_56578_c1        reference: unsupported insn 0x6f00e400
[SKIP  ] bb_libbinder_56578_c2        reference: unsupported insn 0x6f00e400
[PASS  ] bb_libbinder_56758_c0        (305 bytes x86)
[PASS  ] bb_libbinder_56758_c1        (305 bytes x86)
[PASS  ] bb_libbinder_56758_c2        (305 bytes x86)
[PASS  ] bb_libbinder_567bc_c0        (86 bytes x86)
[PASS  ] bb_libbinder_567bc_c1        (86 bytes x86)
[PASS  ] bb_libbinder_567bc_c2        (86 bytes x86)
[PASS  ] bb_libbinder_56868_c0        (277 bytes x86)
[PASS  ] bb_libbinder_56868_c1        (277 bytes x86)
[PASS  ] bb_libbinder_56868_c2        (277 bytes x86)
[PASS  ] bb_libbinder_5687c_c0        (128 bytes x86)
[PASS  ] bb_libbinder_5687c_c1        (128 bytes x86)
[PASS  ] bb_libbinder_5687c_c2        (128 bytes x86)
[PASS  ] bb_libbinder_568ec_c0        (80 bytes x86)
[PASS  ] bb_libbinder_568ec_c1        (80 bytes x86)
[PASS  ] bb_libbinder_568ec_c2        (80 bytes x86)
[PASS  ] bb_libbinder_56a5c_c0        (199 bytes x86)
[PASS  ] bb_libbinder_56a5c_c1        (199 bytes x86)
[PASS  ] bb_libbinder_56a5c_c2        (199 bytes x86)
[PASS  ] bb_libbinder_56a9c_c0        (88 bytes x86)
[PASS  ] bb_libbinder_56a9c_c1        (88 bytes x86)
[PASS  ] bb_libbinder_56a9c_c2        (88 bytes x86)
[PASS  ] bb_libbinder_56af4_c0        (109 bytes x86)
[PASS  ] bb_libbinder_56af4_c1        (109 bytes x86)
[PASS  ] bb_libbinder_56af4_c2        (109 bytes x86)
[PASS  ] bb_libbinder_56bf0_c0        (324 bytes x86)
[PASS  ] bb_libbinder_56bf0_c1        (324 bytes x86)
[PASS  ] bb_libbinder_56bf0_c2        (324 bytes x86)
[PASS  ] bb_libbinder_56d30_c0        (224 bytes x86)
[PASS  ] bb_libbinder_56d30_c1        (224 bytes x86)
[PASS  ] bb_libbinder_56d30_c2        (224 bytes x86)
[PASS  ] bb_libbinder_56dcc_c0        (86 bytes x86)
[PASS  ] bb_libbinder_56dcc_c1        (86 bytes x86)
[PASS  ] bb_libbinder_56dcc_c2        (86 bytes x86)
[PASS  ] bb_libbinder_56e10_c0        (80 bytes x86)
[PASS  ] bb_libbinder_56e10_c1        (80 bytes x86)
[PASS  ] bb_libbinder_56e10_c2        (80 bytes x86)
[PASS  ] bb_libbinder_56e7c_c0        (80 bytes x86)
[PASS  ] bb_libbinder_56e7c_c1        (80 bytes x86)
[PASS  ] bb_libbinder_56e7c_c2        (80 bytes x86)
[PASS  ] bb_libbinder_56ff8_c0        (128 bytes x86)
[PASS  ] bb_libbinder_56ff8_c1        (128 bytes x86)
[PASS  ] bb_libbinder_56ff8_c2        (128 bytes x86)
[PASS  ] bb_libbinder_570c0_c0        (86 bytes x86)
[PASS  ] bb_libbinder_570c0_c1        (86 bytes x86)
[PASS  ] bb_libbinder_570c0_c2        (86 bytes x86)
[PASS  ] bb_libbinder_57144_c0        (109 bytes x86)
[PASS  ] bb_libbinder_57144_c1        (109 bytes x86)
[PASS  ] bb_libbinder_57144_c2        (109 bytes x86)
[PASS  ] bb_libbinder_57338_c0        (97 bytes x86)
[PASS  ] bb_libbinder_57338_c1        (97 bytes x86)
[PASS  ] bb_libbinder_57338_c2        (97 bytes x86)
[PASS  ] bb_libbinder_5752c_c0        (93 bytes x86)
[PASS  ] bb_libbinder_5752c_c1        (93 bytes x86)
[PASS  ] bb_libbinder_5752c_c2        (93 bytes x86)
[PASS  ] bb_libbinder_575f0_c0        (86 bytes x86)
[PASS  ] bb_libbinder_575f0_c1        (86 bytes x86)
[PASS  ] bb_libbinder_575f0_c2        (86 bytes x86)
[PASS  ] bb_libbinder_579a4_c0        (93 bytes x86)
[PASS  ] bb_libbinder_579a4_c1        (93 bytes x86)
[PASS  ] bb_libbinder_579a4_c2        (93 bytes x86)
[SKIP  ] bb_libbinder_57a24_c0        reference: unsupported insn 0xd503201f
[SKIP  ] bb_libbinder_57a24_c1        reference: unsupported insn 0xd503201f
[SKIP  ] bb_libbinder_57a24_c2        reference: unsupported insn 0xd503201f
[PASS  ] bb_libbinder_57a3c_c0        (90 bytes x86)
[PASS  ] bb_libbinder_57a3c_c1        (90 bytes x86)
[PASS  ] bb_libbinder_57a3c_c2        (90 bytes x86)
[PASS  ] bb_libbinder_57bc0_c0        (225 bytes x86)
[PASS  ] bb_libbinder_57bc0_c1        (225 bytes x86)
[PASS  ] bb_libbinder_57bc0_c2        (225 bytes x86)
[PASS  ] bb_libbinder_57bd8_c0        (267 bytes x86)
[PASS  ] bb_libbinder_57bd8_c1        (267 bytes x86)
[PASS  ] bb_libbinder_57bd8_c2        (267 bytes x86)
[PASS  ] bb_libbinder_57c30_c0        (178 bytes x86)
[PASS  ] bb_libbinder_57c30_c1        (178 bytes x86)
[PASS  ] bb_libbinder_57c30_c2        (178 bytes x86)
[PASS  ] bb_libbinder_57c44_c0        (80 bytes x86)
[PASS  ] bb_libbinder_57c44_c1        (80 bytes x86)
[PASS  ] bb_libbinder_57c44_c2        (80 bytes x86)
[SKIP  ] bb_libbinder_57f2c_c0        reference: unsupported insn 0x00000000
[SKIP  ] bb_libbinder_57f2c_c1        reference: unsupported insn 0x00000000
[SKIP  ] bb_libbinder_57f2c_c2        reference: unsupported insn 0x00000000
[PASS  ] bb_libbinder_57ff4_c0        (223 bytes x86)
[PASS  ] bb_libbinder_57ff4_c1        (223 bytes x86)
[PASS  ] bb_libbinder_57ff4_c2        (223 bytes x86)
[PASS  ] bb_libbinder_58004_c0        (422 bytes x86)
[PASS  ] bb_libbinder_58004_c1        (422 bytes x86)
[PASS  ] bb_libbinder_58004_c2        (422 bytes x86)
[PASS  ] bb_libbinder_58024_c0        (441 bytes x86)
[PASS  ] bb_libbinder_58024_c1        (441 bytes x86)
[PASS  ] bb_libbinder_58024_c2        (441 bytes x86)
[PASS  ] bb_libbinder_580d4_c0        (135 bytes x86)
[PASS  ] bb_libbinder_580d4_c1        (135 bytes x86)
[PASS  ] bb_libbinder_580d4_c2        (135 bytes x86)
[PASS  ] bb_libbinder_58134_c0        (151 bytes x86)
[PASS  ] bb_libbinder_58134_c1        (151 bytes x86)
[PASS  ] bb_libbinder_58134_c2        (151 bytes x86)
[PASS  ] bb_libbinder_581fc_c0        (158 bytes x86)
[PASS  ] bb_libbinder_581fc_c1        (158 bytes x86)
[PASS  ] bb_libbinder_581fc_c2        (158 bytes x86)
[PASS  ] bb_libbinder_5826c_c0        (271 bytes x86)
[PASS  ] bb_libbinder_5826c_c1        (271 bytes x86)
[PASS  ] bb_libbinder_5826c_c2        (271 bytes x86)
[PASS  ] bb_libbinder_58280_c0        (126 bytes x86)
[PASS  ] bb_libbinder_58280_c1        (126 bytes x86)
[PASS  ] bb_libbinder_58280_c2        (126 bytes x86)
[PASS  ] bb_libbinder_58314_c0        (86 bytes x86)
[PASS  ] bb_libbinder_58314_c1        (86 bytes x86)
[PASS  ] bb_libbinder_58314_c2        (86 bytes x86)
[PASS  ] bb_libbinder_58320_c0        (86 bytes x86)
[PASS  ] bb_libbinder_58320_c1        (86 bytes x86)
[PASS  ] bb_libbinder_58320_c2        (86 bytes x86)
[PASS  ] bb_libbinder_58390_c0        (104 bytes x86)
[PASS  ] bb_libbinder_58390_c1        (104 bytes x86)
[PASS  ] bb_libbinder_58390_c2        (104 bytes x86)
[PASS  ] bb_libbinder_58568_c0        (131 bytes x86)
[PASS  ] bb_libbinder_58568_c1        (131 bytes x86)
[PASS  ] bb_libbinder_58568_c2        (131 bytes x86)
[PASS  ] bb_libbinder_585d4_c0        (93 bytes x86)
[PASS  ] bb_libbinder_585d4_c1        (93 bytes x86)
[PASS  ] bb_libbinder_585d4_c2        (93 bytes x86)
[PASS  ] bb_libbinder_58760_c0        (321 bytes x86)
[PASS  ] bb_libbinder_58760_c1        (321 bytes x86)
[PASS  ] bb_libbinder_58760_c2        (321 bytes x86)
[PASS  ] bb_libbinder_58bd0_c0        (87 bytes x86)
[PASS  ] bb_libbinder_58bd0_c1        (87 bytes x86)
[PASS  ] bb_libbinder_58bd0_c2        (87 bytes x86)
[PASS  ] bb_libbinder_58da4_c0        (127 bytes x86)
[PASS  ] bb_libbinder_58da4_c1        (127 bytes x86)
[PASS  ] bb_libbinder_58da4_c2        (127 bytes x86)
[PASS  ] bb_libbinder_58e50_c0        (149 bytes x86)
[PASS  ] bb_libbinder_58e50_c1        (149 bytes x86)
[PASS  ] bb_libbinder_58e50_c2        (149 bytes x86)
[PASS  ] bb_libbinder_58f64_c0        (84 bytes x86)
[PASS  ] bb_libbinder_58f64_c1        (84 bytes x86)
[PASS  ] bb_libbinder_58f64_c2        (84 bytes x86)
[PASS  ] bb_libbinder_59034_c0        (86 bytes x86)
[PASS  ] bb_libbinder_59034_c1        (86 bytes x86)
[PASS  ] bb_libbinder_59034_c2        (86 bytes x86)
[PASS  ] bb_libbinder_5908c_c0        (277 bytes x86)
[PASS  ] bb_libbinder_5908c_c1        (277 bytes x86)
[PASS  ] bb_libbinder_5908c_c2        (277 bytes x86)
[PASS  ] bb_libbinder_590a0_c0        (128 bytes x86)
[PASS  ] bb_libbinder_590a0_c1        (128 bytes x86)
[PASS  ] bb_libbinder_590a0_c2        (128 bytes x86)
[PASS  ] bb_libbinder_592bc_c0        (199 bytes x86)
[PASS  ] bb_libbinder_592bc_c1        (199 bytes x86)
[PASS  ] bb_libbinder_592bc_c2        (199 bytes x86)
[PASS  ] bb_libbinder_59358_c0        (109 bytes x86)
[PASS  ] bb_libbinder_59358_c1        (109 bytes x86)
[PASS  ] bb_libbinder_59358_c2        (109 bytes x86)
[PASS  ] bb_libbinder_59504_c0        (90 bytes x86)
[PASS  ] bb_libbinder_59504_c1        (90 bytes x86)
[PASS  ] bb_libbinder_59504_c2        (90 bytes x86)
[PASS  ] bb_libbinder_59524_c0        (94 bytes x86)
[PASS  ] bb_libbinder_59524_c1        (94 bytes x86)
[PASS  ] bb_libbinder_59524_c2        (94 bytes x86)
[PASS  ] bb_libbinder_595b0_c0        (90 bytes x86)
[PASS  ] bb_libbinder_595b0_c1        (90 bytes x86)
[PASS  ] bb_libbinder_595b0_c2        (90 bytes x86)
[PASS  ] bb_libbinder_5967c_c0        (123 bytes x86)
[PASS  ] bb_libbinder_5967c_c1        (123 bytes x86)
[PASS  ] bb_libbinder_5967c_c2        (123 bytes x86)
[PASS  ] bb_libbinder_599cc_c0        (86 bytes x86)
[PASS  ] bb_libbinder_599cc_c1        (86 bytes x86)
[PASS  ] bb_libbinder_599cc_c2        (86 bytes x86)
[SKIP  ] bb_libbinder_59adc_c0        reference: unsupported insn 0xd53bd057
[SKIP  ] bb_libbinder_59adc_c1        reference: unsupported insn 0xd53bd057
[SKIP  ] bb_libbinder_59adc_c2        reference: unsupported insn 0xd53bd057
[PASS  ] bb_libbinder_59b50_c0        (215 bytes x86)
[PASS  ] bb_libbinder_59b50_c1        (215 bytes x86)
[PASS  ] bb_libbinder_59b50_c2        (215 bytes x86)
[PASS  ] bb_libbinder_59b64_c0        (337 bytes x86)
[PASS  ] bb_libbinder_59b64_c1        (337 bytes x86)
[PASS  ] bb_libbinder_59b64_c2        (337 bytes x86)
[PASS  ] bb_libbinder_59b7c_c0        (218 bytes x86)
[PASS  ] bb_libbinder_59b7c_c1        (218 bytes x86)
[PASS  ] bb_libbinder_59b7c_c2        (218 bytes x86)
[PASS  ] bb_libbinder_59cd0_c0        (168 bytes x86)
[PASS  ] bb_libbinder_59cd0_c1        (168 bytes x86)
[PASS  ] bb_libbinder_59cd0_c2        (168 bytes x86)
[PASS  ] bb_libbinder_59d08_c0        (83 bytes x86)
[PASS  ] bb_libbinder_59d08_c1        (83 bytes x86)
[PASS  ] bb_libbinder_59d08_c2        (83 bytes x86)
[PASS  ] bb_libbinder_59dcc_c0        (168 bytes x86)
[PASS  ] bb_libbinder_59dcc_c1        (168 bytes x86)
[PASS  ] bb_libbinder_59dcc_c2        (168 bytes x86)
[PASS  ] bb_libbinder_5a078_c0        (138 bytes x86)
[PASS  ] bb_libbinder_5a078_c1        (138 bytes x86)
[PASS  ] bb_libbinder_5a078_c2        (138 bytes x86)
[PASS  ] bb_libbinder_5a084_c0        (158 bytes x86)
[PASS  ] bb_libbinder_5a084_c1        (158 bytes x86)
[PASS  ] bb_libbinder_5a084_c2        (158 bytes x86)
[PASS  ] bb_libbinder_5a0c8_c0        (84 bytes x86)
[PASS  ] bb_libbinder_5a0c8_c1        (84 bytes x86)
[PASS  ] bb_libbinder_5a0c8_c2        (84 bytes x86)
[PASS  ] bb_libbinder_5a0d4_c0        (118 bytes x86)
[PASS  ] bb_libbinder_5a0d4_c1        (118 bytes x86)
[PASS  ] bb_libbinder_5a0d4_c2        (118 bytes x86)
[PASS  ] bb_libbinder_5a0e4_c0        (128 bytes x86)
[PASS  ] bb_libbinder_5a0e4_c1        (128 bytes x86)
[PASS  ] bb_libbinder_5a0e4_c2        (128 bytes x86)
[PASS  ] bb_libbinder_5a15c_c0        (84 bytes x86)
[PASS  ] bb_libbinder_5a15c_c1        (84 bytes x86)
[PASS  ] bb_libbinder_5a15c_c2        (84 bytes x86)
[PASS  ] bb_libbinder_5a1e4_c0        (76 bytes x86)
[PASS  ] bb_libbinder_5a1e4_c1        (76 bytes x86)
[PASS  ] bb_libbinder_5a1e4_c2        (76 bytes x86)
[PASS  ] bb_libbinder_5a1f0_c0        (126 bytes x86)
[PASS  ] bb_libbinder_5a1f0_c1        (126 bytes x86)
[PASS  ] bb_libbinder_5a1f0_c2        (126 bytes x86)
[PASS  ] bb_libbinder_5a298_c0        (90 bytes x86)
[PASS  ] bb_libbinder_5a298_c1        (90 bytes x86)
[PASS  ] bb_libbinder_5a298_c2        (90 bytes x86)
[PASS  ] bb_libbinder_5a2c0_c0        (84 bytes x86)
[PASS  ] bb_libbinder_5a2c0_c1        (84 bytes x86)
[PASS  ] bb_libbinder_5a2c0_c2        (84 bytes x86)
[PASS  ] bb_libbinder_5a424_c0        (80 bytes x86)
[PASS  ] bb_libbinder_5a424_c1        (80 bytes x86)
[PASS  ] bb_libbinder_5a424_c2        (80 bytes x86)
[PASS  ] bb_libbinder_5a430_c0        (118 bytes x86)
[PASS  ] bb_libbinder_5a430_c1        (118 bytes x86)
[PASS  ] bb_libbinder_5a430_c2        (118 bytes x86)
[PASS  ] bb_libbinder_5a440_c0        (128 bytes x86)
[PASS  ] bb_libbinder_5a440_c1        (128 bytes x86)
[PASS  ] bb_libbinder_5a440_c2        (128 bytes x86)
[PASS  ] bb_libbinder_5a4a0_c0        (128 bytes x86)
[PASS  ] bb_libbinder_5a4a0_c1        (128 bytes x86)
[PASS  ] bb_libbinder_5a4a0_c2        (128 bytes x86)
[PASS  ] bb_libbinder_5a4e4_c0        (85 bytes x86)
[PASS  ] bb_libbinder_5a4e4_c1        (85 bytes x86)
[PASS  ] bb_libbinder_5a4e4_c2        (85 bytes x86)
[PASS  ] bb_libbinder_5a53c_c0        (122 bytes x86)
[PASS  ] bb_libbinder_5a53c_c1        (122 bytes x86)
[PASS  ] bb_libbinder_5a53c_c2        (122 bytes x86)
[PASS  ] bb_libbinder_5a54c_c0        (128 bytes x86)
[PASS  ] bb_libbinder_5a54c_c1        (128 bytes x86)
[PASS  ] bb_libbinder_5a54c_c2        (128 bytes x86)
[PASS  ] bb_libbinder_5a58c_c0        (131 bytes x86)
[PASS  ] bb_libbinder_5a58c_c1        (131 bytes x86)
[PASS  ] bb_libbinder_5a58c_c2        (131 bytes x86)
[PASS  ] bb_libbinder_5a604_c0        (165 bytes x86)
[PASS  ] bb_libbinder_5a604_c1        (165 bytes x86)
[PASS  ] bb_libbinder_5a604_c2        (165 bytes x86)
[PASS  ] bb_libbinder_5a708_c0        (86 bytes x86)
[PASS  ] bb_libbinder_5a708_c1        (86 bytes x86)
[PASS  ] bb_libbinder_5a708_c2        (86 bytes x86)
[PASS  ] bb_libbinder_5a780_c0        (107 bytes x86)
[PASS  ] bb_libbinder_5a780_c1        (107 bytes x86)
[PASS  ] bb_libbinder_5a780_c2        (107 bytes x86)
[PASS  ] bb_libbinder_5a78c_c0        (89 bytes x86)
[PASS  ] bb_libbinder_5a78c_c1        (89 bytes x86)
[PASS  ] bb_libbinder_5a78c_c2        (89 bytes x86)
[PASS  ] bb_libbinder_5a798_c0        (86 bytes x86)
[PASS  ] bb_libbinder_5a798_c1        (86 bytes x86)
[PASS  ] bb_libbinder_5a798_c2        (86 bytes x86)
[PASS  ] bb_libbinder_5ab10_c0        (158 bytes x86)
[PASS  ] bb_libbinder_5ab10_c1        (158 bytes x86)
[PASS  ] bb_libbinder_5ab10_c2        (158 bytes x86)
[PASS  ] bb_libbinder_5ab20_c0        (100 bytes x86)
[PASS  ] bb_libbinder_5ab20_c1        (100 bytes x86)
[PASS  ] bb_libbinder_5ab20_c2        (100 bytes x86)
[PASS  ] bb_libbinder_5ac40_c0        (158 bytes x86)
[PASS  ] bb_libbinder_5ac40_c1        (158 bytes x86)
[PASS  ] bb_libbinder_5ac40_c2        (158 bytes x86)
[PASS  ] bb_libbinder_5acb4_c0        (574 bytes x86)
[PASS  ] bb_libbinder_5acb4_c1        (574 bytes x86)
[PASS  ] bb_libbinder_5acb4_c2        (574 bytes x86)
[PASS  ] bb_libbinder_5acd4_c0        (116 bytes x86)
[PASS  ] bb_libbinder_5acd4_c1        (116 bytes x86)
[PASS  ] bb_libbinder_5acd4_c2        (116 bytes x86)
[PASS  ] bb_libbinder_5af64_c0        (90 bytes x86)
[PASS  ] bb_libbinder_5af64_c1        (90 bytes x86)
[PASS  ] bb_libbinder_5af64_c2        (90 bytes x86)
[PASS  ] bb_libbinder_5b090_c0        (170 bytes x86)
[PASS  ] bb_libbinder_5b090_c1        (170 bytes x86)
[PASS  ] bb_libbinder_5b090_c2        (170 bytes x86)
[PASS  ] bb_libbinder_5b0ac_c0        (375 bytes x86)
[PASS  ] bb_libbinder_5b0ac_c1        (375 bytes x86)
[PASS  ] bb_libbinder_5b0ac_c2        (375 bytes x86)
[PASS  ] bb_libbinder_5b0cc_c0        (196 bytes x86)
[PASS  ] bb_libbinder_5b0cc_c1        (196 bytes x86)
[PASS  ] bb_libbinder_5b0cc_c2        (196 bytes x86)
[PASS  ] bb_libbinder_5b100_c0        (123 bytes x86)
[PASS  ] bb_libbinder_5b100_c1        (123 bytes x86)
[PASS  ] bb_libbinder_5b100_c2        (123 bytes x86)
[PASS  ] bb_libbinder_5b1d8_c0        (94 bytes x86)
[PASS  ] bb_libbinder_5b1d8_c1        (94 bytes x86)
[PASS  ] bb_libbinder_5b1d8_c2        (94 bytes x86)
[PASS  ] bb_libbinder_5b740_c0        (86 bytes x86)
[PASS  ] bb_libbinder_5b740_c1        (86 bytes x86)
[PASS  ] bb_libbinder_5b740_c2        (86 bytes x86)
[PASS  ] bb_libbinder_5b75c_c0        (128 bytes x86)
[PASS  ] bb_libbinder_5b75c_c1        (128 bytes x86)
[PASS  ] bb_libbinder_5b75c_c2        (128 bytes x86)
[PASS  ] bb_libbinder_5b77c_c0        (176 bytes x86)
[PASS  ] bb_libbinder_5b77c_c1        (176 bytes x86)
[PASS  ] bb_libbinder_5b77c_c2        (176 bytes x86)
[PASS  ] bb_libbinder_5b790_c0        (128 bytes x86)
[PASS  ] bb_libbinder_5b790_c1        (128 bytes x86)
[PASS  ] bb_libbinder_5b790_c2        (128 bytes x86)
[PASS  ] bb_libbinder_5bac0_c0        (145 bytes x86)
[PASS  ] bb_libbinder_5bac0_c1        (145 bytes x86)
[PASS  ] bb_libbinder_5bac0_c2        (145 bytes x86)
[PASS  ] bb_libbinder_5bad0_c0        (282 bytes x86)
[PASS  ] bb_libbinder_5bad0_c1        (282 bytes x86)
[PASS  ] bb_libbinder_5bad0_c2        (282 bytes x86)
[PASS  ] bb_libbinder_5bde0_c0        (87 bytes x86)
[PASS  ] bb_libbinder_5bde0_c1        (87 bytes x86)
[PASS  ] bb_libbinder_5bde0_c2        (87 bytes x86)
[PASS  ] bb_libbinder_5be50_c0        (90 bytes x86)
[PASS  ] bb_libbinder_5be50_c1        (90 bytes x86)
[PASS  ] bb_libbinder_5be50_c2        (90 bytes x86)
[PASS  ] bb_libbinder_5bed8_c0        (170 bytes x86)
[PASS  ] bb_libbinder_5bed8_c1        (170 bytes x86)
[PASS  ] bb_libbinder_5bed8_c2        (170 bytes x86)
[PASS  ] bb_libbinder_5bf08_c0        (253 bytes x86)
[PASS  ] bb_libbinder_5bf08_c1        (253 bytes x86)
[PASS  ] bb_libbinder_5bf08_c2        (253 bytes x86)
[PASS  ] bb_libbinder_5bf68_c0        (253 bytes x86)
[PASS  ] bb_libbinder_5bf68_c1        (253 bytes x86)
[PASS  ] bb_libbinder_5bf68_c2        (253 bytes x86)
[PASS  ] bb_libbinder_5c0c0_c0        (438 bytes x86)
[PASS  ] bb_libbinder_5c0c0_c1        (438 bytes x86)
[PASS  ] bb_libbinder_5c0c0_c2        (438 bytes x86)
[PASS  ] bb_libbinder_5c0e0_c0        (214 bytes x86)
[PASS  ] bb_libbinder_5c0e0_c1        (214 bytes x86)
[PASS  ] bb_libbinder_5c0e0_c2        (214 bytes x86)
[PASS  ] bb_libbinder_5c13c_c0        (85 bytes x86)
[PASS  ] bb_libbinder_5c13c_c1        (85 bytes x86)
[PASS  ] bb_libbinder_5c13c_c2        (85 bytes x86)
[PASS  ] bb_libbinder_5c390_c0        (137 bytes x86)
[PASS  ] bb_libbinder_5c390_c1        (137 bytes x86)
[PASS  ] bb_libbinder_5c390_c2        (137 bytes x86)
[SKIP  ] bb_libbinder_5c3e0_c0        reference: unsupported insn 0x3a461922
[SKIP  ] bb_libbinder_5c3e0_c1        reference: unsupported insn 0x3a461922
[SKIP  ] bb_libbinder_5c3e0_c2        reference: unsupported insn 0x3a461922
[PASS  ] bb_libbinder_5c404_c0        (224 bytes x86)
[PASS  ] bb_libbinder_5c404_c1        (224 bytes x86)
[PASS  ] bb_libbinder_5c404_c2        (224 bytes x86)
[PASS  ] bb_libbinder_5c454_c0        (144 bytes x86)
[PASS  ] bb_libbinder_5c454_c1        (144 bytes x86)
[PASS  ] bb_libbinder_5c454_c2        (144 bytes x86)
[PASS  ] bb_libbinder_5c460_c0        (166 bytes x86)
[PASS  ] bb_libbinder_5c460_c1        (166 bytes x86)
[PASS  ] bb_libbinder_5c460_c2        (166 bytes x86)
[PASS  ] bb_libbinder_5c500_c0        (146 bytes x86)
[PASS  ] bb_libbinder_5c500_c1        (146 bytes x86)
[PASS  ] bb_libbinder_5c500_c2        (146 bytes x86)
[PASS  ] bb_libbinder_5c52c_c0        (97 bytes x86)
[PASS  ] bb_libbinder_5c52c_c1        (97 bytes x86)
[PASS  ] bb_libbinder_5c52c_c2        (97 bytes x86)
[PASS  ] bb_libbinder_5c660_c0        (80 bytes x86)
[PASS  ] bb_libbinder_5c660_c1        (80 bytes x86)
[PASS  ] bb_libbinder_5c660_c2        (80 bytes x86)
[PASS  ] bb_libbinder_5c7bc_c0        (86 bytes x86)
[PASS  ] bb_libbinder_5c7bc_c1        (86 bytes x86)
[PASS  ] bb_libbinder_5c7bc_c2        (86 bytes x86)
[PASS  ] bb_libbinder_5c7cc_c0        (90 bytes x86)
[PASS  ] bb_libbinder_5c7cc_c1        (90 bytes x86)
[PASS  ] bb_libbinder_5c7cc_c2        (90 bytes x86)
[PASS  ] bb_libbinder_5c7dc_c0        (90 bytes x86)
[PASS  ] bb_libbinder_5c7dc_c1        (90 bytes x86)
[PASS  ] bb_libbinder_5c7dc_c2        (90 bytes x86)
[PASS  ] bb_libbinder_5c810_c0        (90 bytes x86)
[PASS  ] bb_libbinder_5c810_c1        (90 bytes x86)
[PASS  ] bb_libbinder_5c810_c2        (90 bytes x86)
[PASS  ] bb_libbinder_5c8b8_c0        (74 bytes x86)
[PASS  ] bb_libbinder_5c8b8_c1        (74 bytes x86)
[PASS  ] bb_libbinder_5c8b8_c2        (74 bytes x86)
[PASS  ] bb_libbinder_5c950_c0        (94 bytes x86)
[PASS  ] bb_libbinder_5c950_c1        (94 bytes x86)
[PASS  ] bb_libbinder_5c950_c2        (94 bytes x86)
[PASS  ] bb_libbinder_5c95c_c0        (90 bytes x86)
[PASS  ] bb_libbinder_5c95c_c1        (90 bytes x86)
[PASS  ] bb_libbinder_5c95c_c2        (90 bytes x86)
[PASS  ] bb_libbinder_5ca7c_c0        (83 bytes x86)
[PASS  ] bb_libbinder_5ca7c_c1        (83 bytes x86)
[PASS  ] bb_libbinder_5ca7c_c2        (83 bytes x86)
[PASS  ] bb_libbinder_5cbbc_c0        (205 bytes x86)
[PASS  ] bb_libbinder_5cbbc_c1        (205 bytes x86)
[PASS  ] bb_libbinder_5cbbc_c2        (205 bytes x86)
[PASS  ] bb_libbinder_5cc78_c0        (175 bytes x86)
[PASS  ] bb_libbinder_5cc78_c1        (175 bytes x86)
[PASS  ] bb_libbinder_5cc78_c2        (175 bytes x86)
[PASS  ] bb_libbinder_5cd78_c0        (205 bytes x86)
[PASS  ] bb_libbinder_5cd78_c1        (205 bytes x86)
[PASS  ] bb_libbinder_5cd78_c2        (205 bytes x86)

summary: 885 PASS, 0 FAIL, 15 SKIP, 0 DBTERR
