[    0.000000][    T0] Booting Linux on physical CPU 0x0000000000 [0x000f0510]
[    0.000000][    T0] Linux version 6.1.79-g2dca19b0a7e6-dirty (root@DESKTOP-S9EMU7O) (aarch64-buildroot-linux-gnu-gcc.br_real (Buildroot 2021.11-11272-ge2962af) 12.3.0, GNU ld (GNU Binutils) 2.41) #1 SMP PREEMPT Wed Jul  1 19:46:52 UTC 2026
[    0.000000][    T0] random: crng init done
[    0.000000][    T0] Machine model: linux,dummy-virt
[    0.000000][    T0] Stack Depot is disabled
[    0.000000][    T0] KVM is not available. Ignoring kvm-arm.mode
[    0.000000][    T0] earlycon: pl11 at MMIO 0x0000000009000000 (options '')
[    0.000000][    T0] printk: bootconsole [pl11] enabled
[    0.000000][    T0] efi: UEFI not found.
[    0.000000][    T0] Zone ranges:
[    0.000000][    T0]   DMA32    [mem 0x0000000040000000-0x00000000bfffffff]
[    0.000000][    T0]   Normal   empty
[    0.000000][    T0]   Device   empty
[    0.000000][    T0] Movable zone start for each node
[    0.000000][    T0] Early memory node ranges
[    0.000000][    T0]   node   0: [mem 0x0000000040000000-0x00000000bfffffff]
[    0.000000][    T0] Initmem setup node 0 [mem 0x0000000040000000-0x00000000bfffffff]
[    0.000000][    T0] cma: Reserved 16 MiB at 0x00000000bc800000
[    0.000000][    T0] psci: probing for conduit method from DT.
[    0.000000][    T0] psci: PSCIv1.1 detected in firmware.
[    0.000000][    T0] psci: Using standard PSCI v0.2 function IDs
[    0.000000][    T0] psci: Trusted OS migration not required
[    0.000000][    T0] psci: SMC Calling Convention v1.0
[    0.000000][    T0] 'bootconfig' found on command line, but no bootconfig found
[    0.000000][    T0] percpu: Embedded 30 pages/cpu s85544 r8192 d29144 u122880
[    0.000000][    T0] Detected PIPT I-cache on CPU0
[    0.000000][    T0] CPU features: SYS_ID_AA64MMFR1_EL1[11:8]: forced to 0
[    0.000000][    T0] CPU features: detected: Address authentication (architected QARMA5 algorithm)
[    0.000000][    T0] CPU features: detected: GIC system register CPU interface
[    0.000000][    T0] CPU features: detected: Hardware dirty bit management
[    0.000000][    T0] CPU features: detected: Spectre-v4
[    0.000000][    T0] alternatives: applying boot alternatives
[    0.000000][    T0] Built 1 zonelists, mobility grouping on.  Total pages: 516096
[    0.000000][    T0] Kernel command line: console=ttynull stack_depot_disable=on cgroup_disable=pressure kasan.page_alloc.sample=10 kasan.stacktrace=off kvm-arm.mode=protected bootconfig ioremap_guard console=ttyAMA0 earlycon rdinit=/bin/sh
[    0.000000][    T0] cgroup: Disabling pressure control group feature
[    0.000000][    T0] Dentry cache hash table entries: 262144 (order: 9, 2097152 bytes, linear)
[    0.000000][    T0] Inode-cache hash table entries: 131072 (order: 8, 1048576 bytes, linear)
[    0.000000][    T0] mem auto-init: stack:all(zero), heap alloc:on, heap free:off
[    0.000000][    T0] Memory: 2010568K/2097152K available (15488K kernel code, 1898K rwdata, 5884K rodata, 3264K init, 619K bss, 70200K reserved, 16384K cma-reserved)
[    0.000000][    T0] SLUB: HWalign=64, Order=0-3, MinObjects=0, CPUs=4, Nodes=1
[    0.000000][    T0] trace event string verifier disabled
[    0.000000][    T0] rcu: Preemptible hierarchical RCU implementation.
[    0.000000][    T0] rcu: 	RCU event tracing is enabled.
[    0.000000][    T0] rcu: 	RCU restricting CPUs from NR_CPUS=32 to nr_cpu_ids=4.
[    0.000000][    T0] rcu: 	RCU priority boosting: priority 1 delay 500 ms.
[    0.000000][    T0] 	Trampoline variant of Tasks RCU enabled.
[    0.000000][    T0] 	Tracing variant of Tasks RCU enabled.
[    0.000000][    T0] rcu: RCU calculated value of scheduler-enlistment delay is 25 jiffies.
[    0.000000][    T0] rcu: Adjusting geometry for rcu_fanout_leaf=16, nr_cpu_ids=4
[    0.000000][    T0] NR_IRQS: 64, nr_irqs: 64, preallocated irqs: 0
[    0.000000][    T0] GICv3: 256 SPIs implemented
[    0.000000][    T0] GICv3: 0 Extended SPIs implemented
[    0.000000][    T0] Root IRQ handler: gic_handle_irq
[    0.000000][    T0] GICv3: GICv3 features: 16 PPIs
[    0.000000][    T0] GICv3: CPU0: found redistributor 0 region 0:0x00000000080a0000
[    0.000000][    T0] ITS [mem 0x08080000-0x0809ffff]
[    0.000000][    T0] ITS@0x0000000008080000: allocated 8192 Devices @420e0000 (indirect, esz 8, psz 64K, shr 1)
[    0.000000][    T0] ITS@0x0000000008080000: allocated 8192 Interrupt Collections @420f0000 (flat, esz 8, psz 64K, shr 1)
[    0.000000][    T0] GICv3: using LPI property table @0x0000000042100000
[    0.000000][    T0] GICv3: CPU0: using allocated LPI pending table @0x0000000042110000
[    0.000000][    T0] rcu: srcu_init: Setting srcu_struct sizes based on contention.
[    0.000000][    T0] arch_timer: cp15 timer(s) running at 62.50MHz (virt).
[    0.000000][    T0] clocksource: arch_sys_counter: mask: 0x1ffffffffffffff max_cycles: 0x1cd42e208c, max_idle_ns: 881590405314 ns
[    0.000080][    T0] sched_clock: 57 bits at 63MHz, resolution 16ns, wraps every 4398046511096ns
[    0.006101][    T0] kfence: initialized - using 524288 bytes for 63 objects at 0x(____ptrval____)-0x(____ptrval____)
[    0.023623][    T0] Calibrating delay loop (skipped), value calculated using timer frequency.. 125.00 BogoMIPS (lpj=250000)
[    0.029536][    T0] pid_max: default: 32768 minimum: 301
[    0.035815][    T0] LSM: Security Framework initializing
[    0.038364][    T0] SELinux:  Initializing.
[    0.046181][    T0] Mount-cache hash table entries: 4096 (order: 3, 32768 bytes, linear)
[    0.047241][    T0] Mountpoint-cache hash table entries: 4096 (order: 3, 32768 bytes, linear)
[    0.107289][    T1] cacheinfo: Unable to detect cache hierarchy for CPU 0
[    0.129110][    T1] cblist_init_generic: Setting adjustable number of callback queues.
[    0.129816][    T1] cblist_init_generic: Setting shift to 2 and lim to 1.
[    0.133870][    T1] cblist_init_generic: Setting adjustable number of callback queues.
[    0.135022][    T1] cblist_init_generic: Setting shift to 2 and lim to 1.
[    0.141641][    T1] rcu: Hierarchical SRCU implementation.
[    0.142391][    T1] rcu: 	Max phase no-delay instances is 1000.
[    0.184425][    T1] dyndbg: Ignore empty _ddebug table in a CONFIG_DYNAMIC_DEBUG_CORE build
[    0.187573][    T1] Platform MSI: its@8080000 domain created
[    0.189129][    T1] PCI/MSI: /intc@8000000/its@8080000 domain created
[    0.190739][    T1] EFI services will not be available.
[    0.198915][    T1] smp: Bringing up secondary CPUs ...
[    0.226489][    T0] Detected PIPT I-cache on CPU1
[    0.232772][    T0] cacheinfo: Unable to detect cache hierarchy for CPU 1
[    0.233392][    T0] GICv3: CPU1: found redistributor 1 region 0:0x00000000080c0000
[    0.235022][    T0] GICv3: CPU1: using allocated LPI pending table @0x0000000042120000
[    0.238009][    T0] CPU1: Booted secondary processor 0x0000000001 [0x000f0510]
[    0.253786][    T0] Detected PIPT I-cache on CPU2
[    0.255923][    T0] cacheinfo: Unable to detect cache hierarchy for CPU 2
[    0.256202][    T0] GICv3: CPU2: found redistributor 2 region 0:0x00000000080e0000
[    0.256637][    T0] GICv3: CPU2: using allocated LPI pending table @0x0000000042130000
[    0.257763][    T0] CPU2: Booted secondary processor 0x0000000002 [0x000f0510]
[    0.269470][    T0] Detected PIPT I-cache on CPU3
[    0.271656][    T0] cacheinfo: Unable to detect cache hierarchy for CPU 3
[    0.271847][    T0] GICv3: CPU3: found redistributor 3 region 0:0x0000000008100000
[    0.272128][    T0] GICv3: CPU3: using allocated LPI pending table @0x0000000042140000
[    0.272828][    T0] CPU3: Booted secondary processor 0x0000000003 [0x000f0510]
[    0.274814][    T1] smp: Brought up 1 node, 4 CPUs
[    0.294819][    T1] SMP: Total of 4 processors activated.
[    0.295988][    T1] CPU features: detected: Branch Target Identification
[    0.298248][    T1] CPU features: detected: 32-bit EL0 Support
[    0.299201][    T1] CPU features: detected: 32-bit EL1 Support
[    0.299865][    T1] CPU features: detected: ARMv8.4 Translation Table Level
[    0.301193][    T1] CPU features: detected: Data cache clean to the PoU not required for I/D coherence
[    0.302983][    T1] CPU features: detected: Common not Private translations
[    0.303756][    T1] CPU features: detected: CRC32 instructions
[    0.304614][    T1] CPU features: detected: E0PD
[    0.305892][    T1] CPU features: detected: Enhanced Privileged Access Never
[    0.307310][    T1] CPU features: detected: Enhanced Virtualization Traps
[    0.308330][    T1] CPU features: detected: Fine Grained Traps
[    0.309412][    T1] CPU features: detected: Generic authentication (architected QARMA5 algorithm)
[    0.311025][    T1] CPU features: detected: RCpc load-acquire (LDAPR)
[    0.312243][    T1] CPU features: detected: LSE atomic instructions
[    0.313373][    T1] CPU features: detected: Privileged Access Never
[    0.314054][    T1] CPU features: detected: RAS Extension Support
[    0.315087][    T1] CPU features: detected: Random Number Generator
[    0.316717][    T1] CPU features: detected: Speculation barrier (SB)
[    0.317835][    T1] CPU features: detected: Stage-2 Force Write-Back
[    0.319456][    T1] CPU features: detected: Trap EL0 IMPLEMENTATION DEFINED functionality
[    0.321404][    T1] CPU features: detected: TLB range maintenance instructions
[    0.322465][    T1] CPU features: detected: Scalable Matrix Extension
[    0.324090][    T1] CPU features: detected: FA64
[    0.324809][    T1] CPU features: detected: Speculative Store Bypassing Safe (SSBS)
[    0.326184][    T1] CPU features: detected: Scalable Vector Extension
[    0.350008][    T1] SVE: maximum available vector length 256 bytes per vector
[    0.355926][    T1] SVE: default vector length 64 bytes per vector
[    0.361442][    T1] SME: minimum available vector length 16 bytes per vector
[    0.362707][    T1] SME: maximum available vector length 256 bytes per vector
[    0.364476][    T1] SME: default vector length 32 bytes per vector
[    0.366166][    T1] CPU: All CPU(s) started at EL1
[    0.367294][    T1] alternatives: applying system-wide alternatives
[    0.624913][    T1] devtmpfs: initialized
[    0.715440][    T1] Registered cp15_barrier emulation handler
[    0.716479][    T1] Registered setend emulation handler
[    0.722703][    T1] clocksource: jiffies: mask: 0xffffffff max_cycles: 0xffffffff, max_idle_ns: 7645041785100000 ns
[    0.725090][    T1] futex hash table entries: 1024 (order: 4, 65536 bytes, linear)
[    0.746601][    T1] pinctrl core: initialized pinctrl subsystem
[    0.793087][    T1] NET: Registered PF_NETLINK/PF_ROUTE protocol family
[    0.857236][    T1] DMA: preallocated 256 KiB GFP_KERNEL pool for atomic allocations
[    0.862484][    T1] DMA: preallocated 256 KiB GFP_KERNEL|GFP_DMA32 pool for atomic allocations
[    0.865972][    T1] audit: initializing netlink subsys (disabled)
[    0.873091][   T38] audit: type=2000 audit(0.580:1): state=initialized audit_enabled=0 res=1
[    0.888451][    T1] thermal_sys: Registered thermal governor 'step_wise'
[    0.888722][    T1] thermal_sys: Registered thermal governor 'user_space'
[    0.889539][    T1] thermal_sys: Registered thermal governor 'power_allocator'
[    0.892233][    T1] cpuidle: using governor menu
[    0.902291][    T1] hw-breakpoint: found 6 breakpoint and 4 watchpoint registers.
[    0.906697][    T1] ASID allocator initialised with 65536 entries
[    0.911624][    T1] Serial: AMBA PL011 UART driver
[    1.067120][    T1] 9000000.pl011: ttyAMA0 at MMIO 0x9000000 (irq = 13, base_baud = 0) is a PL011 rev1
[    1.070794][    T1] printk: console [ttyAMA0] enabled
[    1.070794][    T1] printk: console [ttyAMA0] enabled
[    1.072762][    T1] printk: bootconsole [pl11] disabled
[    1.072762][    T1] printk: bootconsole [pl11] disabled
[    1.120509][    T1] KASLR enabled
[    1.429032][    T1] iommu: Default domain type: Translated 
[    1.429882][    T1] iommu: DMA domain TLB invalidation policy: strict mode 
[    1.443395][    T1] SCSI subsystem initialized
[    1.447935][    T1] usbcore: registered new interface driver usbfs
[    1.450538][    T1] usbcore: registered new interface driver hub
[    1.452404][    T1] usbcore: registered new device driver usb
[    1.463674][    T1] mc: Linux media interface: v0.10
[    1.467167][    T1] videodev: Linux video capture interface: v2.00
[    1.473852][    T1] EDAC MC: Ver: 3.0.0
[    1.500762][    T1] Advanced Linux Sound Architecture Driver Initialized.
[    1.538275][    T1] clocksource: Switched to clocksource arch_sys_counter
[    2.508274][    T1] VFS: Disk quotas dquot_6.6.0
[    2.509825][    T1] VFS: Dquot-cache hash table entries: 512 (order 0, 4096 bytes)
[    2.547479][    T1] NET: Registered PF_INET protocol family
[    2.552009][    T1] IP idents hash table entries: 32768 (order: 6, 262144 bytes, linear)
[    2.573817][    T1] tcp_listen_portaddr_hash hash table entries: 1024 (order: 2, 16384 bytes, linear)
[    2.576926][    T1] Table-perturb hash table entries: 65536 (order: 6, 262144 bytes, linear)
[    2.580532][    T1] TCP established hash table entries: 16384 (order: 5, 131072 bytes, linear)
[    2.593236][    T1] TCP bind hash table entries: 16384 (order: 7, 524288 bytes, linear)
[    2.595530][    T1] TCP: Hash tables configured (established 16384 bind 16384)
[    2.609916][    T1] UDP hash table entries: 1024 (order: 3, 32768 bytes, linear)
[    2.611649][    T1] UDP-Lite hash table entries: 1024 (order: 3, 32768 bytes, linear)
[    2.617044][    T1] NET: Registered PF_UNIX/PF_LOCAL protocol family
[    2.619718][    T1] NET: Registered PF_XDP protocol family
[    2.621267][    T1] PCI: CLS 0 bytes, default 64
[    2.631568][    T8] Trying to unpack rootfs image as initramfs...
[    2.668205][    T1] hw perfevents: enabled with armv8_pmuv3 PMU driver, 7 counters available
[    2.672656][    T1] kvm [1]: HYP mode not available
[    2.687118][    T8] Freeing initrd memory: 796K
[    2.731936][    T1] workingset: timestamp_bits=46 max_order=19 bucket_order=0
[    2.991116][    T1] fuse: init (API version 7.37)
[    3.149788][    T1] Key type asymmetric registered
[    3.150831][    T1] Asymmetric key parser 'x509' registered
[    3.152642][    T1] Block layer SCSI generic (bsg) driver version 0.4 loaded (major 241)
[    3.159805][    T1] io scheduler mq-deadline registered
[    3.160841][    T1] io scheduler kyber registered
[    3.166226][    T1] io scheduler bfq registered
[    3.196324][    T1] pl061_gpio 9030000.pl061: PL061 GPIO chip registered
[    3.203680][    T1] pci-host-generic 4010000000.pcie: host bridge /pcie@10000000 ranges:
[    3.206206][    T1] pci-host-generic 4010000000.pcie:       IO 0x003eff0000..0x003effffff -> 0x0000000000
[    3.209226][    T1] pci-host-generic 4010000000.pcie:      MEM 0x0010000000..0x003efeffff -> 0x0010000000
[    3.212964][    T1] pci-host-generic 4010000000.pcie:      MEM 0x8000000000..0xffffffffff -> 0x8000000000
[    3.215638][    T1] pci-host-generic 4010000000.pcie: Memory resource size exceeds max for 32 bits
[    3.218358][    T1] pci-host-generic 4010000000.pcie: ECAM at [mem 0x4010000000-0x401fffffff] for [bus 00-ff]
[    3.227224][    T1] pci-host-generic 4010000000.pcie: PCI host bridge to bus 0000:00
[    3.228906][    T1] pci_bus 0000:00: root bus resource [bus 00-ff]
[    3.230768][    T1] pci_bus 0000:00: root bus resource [io  0x0000-0xffff]
[    3.232154][    T1] pci_bus 0000:00: root bus resource [mem 0x10000000-0x3efeffff]
[    3.233919][    T1] pci_bus 0000:00: root bus resource [mem 0x8000000000-0xffffffffff]
[    3.237206][    T1] pci 0000:00:00.0: [1b36:0008] type 00 class 0x060000
[    3.246070][    T1] pci 0000:00:01.0: [1af4:1000] type 00 class 0x020000
[    3.247521][    T1] pci 0000:00:01.0: reg 0x10: [io  0x0000-0x001f]
[    3.248856][    T1] pci 0000:00:01.0: reg 0x14: [mem 0x00000000-0x00000fff]
[    3.250742][    T1] pci 0000:00:01.0: reg 0x20: [mem 0x00000000-0x00003fff 64bit pref]
[    3.252186][    T1] pci 0000:00:01.0: reg 0x30: [mem 0x00000000-0x0007ffff pref]
[    3.267444][    T1] pci 0000:00:01.0: BAR 6: assigned [mem 0x10000000-0x1007ffff pref]
[    3.269215][    T1] pci 0000:00:01.0: BAR 4: assigned [mem 0x8000000000-0x8000003fff 64bit pref]
[    3.271304][    T1] pci 0000:00:01.0: BAR 1: assigned [mem 0x10080000-0x10080fff]
[    3.272651][    T1] pci 0000:00:01.0: BAR 0: assigned [io  0x1000-0x101f]
[    3.317273][    T1] printk: console [ttynull0] enabled
[    3.327511][   T20] cacheinfo: Unable to detect cache hierarchy for CPU 0
[    3.536745][    T1] brd: module loaded
[    3.807958][    T1] loop: module loaded
[    3.856835][    T1] wireguard: WireGuard 1.0.0 loaded. See www.wireguard.com for information.
[    3.858616][    T1] wireguard: Copyright (C) 2015-2019 Jason A. Donenfeld <Jason@zx2c4.com>. All Rights Reserved.
[    3.884353][    T1] tun: Universal TUN/TAP device driver, 1.6
[    3.907625][    T1] usbcore: registered new interface driver uas
[    3.910263][    T1] usbcore: registered new interface driver usb-storage
[    3.918231][    T1] usbcore: registered new interface driver xpad
[    3.936230][    T1] rtc-pl031 9010000.pl031: registered as rtc0
[    3.938477][    T1] rtc-pl031 9010000.pl031: setting system clock to 2026-10-08T09:55:43 UTC (1791453343)
[    3.941686][    T1] gspca_main: v2.14.0 registered
[    3.943340][    T1] usbcore: registered new interface driver uvcvideo
[    3.949895][    T1] device-mapper: uevent: version 1.0.3
[    3.958237][    T1] device-mapper: ioctl: 4.47.0-ioctl (2022-07-28) initialised: dm-devel@redhat.com
[    3.982973][    T1] sdhci: Secure Digital Host Controller Interface driver
[    3.984287][    T1] sdhci: Copyright(c) Pierre Ossman
[    3.985895][    T1] sdhci-pltfm: SDHCI platform and OF driver helper
[    3.996326][    T1] hid: raw HID events driver (C) Jiri Kosina
[    4.023339][    T1] usbcore: registered new interface driver usbhid
[    4.024528][    T1] usbhid: USB HID core driver
[    4.030896][    T1] ashmem: initialized
[    4.036303][    T1] gnss: GNSS driver registered with major 506
[    4.044285][    T1] usbcore: registered new interface driver snd-usb-audio
[    4.051100][    T1] GACT probability NOT on
[    4.052034][    T1] Mirror/redirect action on
[    4.056915][    T1] netem: version 1.3
[    4.059882][    T1] u32 classifier
[    4.060423][    T1]     input device check on
[    4.061116][    T1]     Actions configured
[    4.098906][    T1] xt_time: kernel timezone is -0000
[    4.102305][    T1] ipip: IPv4 and MPLS over IPv4 tunneling driver
[    4.120786][    T1] gre: GRE over IPv4 demultiplexor driver
[    4.122899][    T1] ip_gre: GRE over IPv4 tunneling driver
[    4.159875][    T1] IPv4 over IPsec tunneling driver
[    4.172801][    T1] Initializing XFRM netlink socket
[    4.175062][    T1] IPsec XFRM device driver
[    4.188207][    T1] NET: Registered PF_INET6 protocol family
[    4.242835][    T1] Segment Routing with IPv6
[    4.244380][    T1] In-situ OAM (IOAM) with IPv6
[    4.248867][    T1] mip6: Mobile IPv6
[    4.268275][    T1] sit: IPv6, IPv4 and MPLS over IPv4 tunneling driver
[    4.287123][    T1] ip6_gre: GRE over IPv6 tunneling driver
[    4.299265][    T1] NET: Registered PF_PACKET protocol family
[    4.300853][    T1] NET: Registered PF_KEY protocol family
[    4.325996][    T1] registered taskstats version 1
[    4.328522][    T1] page_owner is disabled
[    4.332637][    T1] Key type .fscrypt registered
[    4.333869][    T1] Key type fscrypt-provisioning registered
[    4.358289][    T1] input: gpio-keys as /devices/platform/gpio-keys/input/input0
[    4.398580][    T1] ALSA device list:
[    4.403005][    T1]   No soundcards found.
[    4.413889][    T1] uart-pl011 9000000.pl011: no DMA platform data
[    4.510877][    T1] Freeing unused kernel memory: 3264K
[    4.516244][    T1] Run /bin/sh as init process

PROOF ch34 userspace=1 kernel=6.1.79-g2dca19b0a7e6-dirty machine=aarch64 pid=1
PROOF ch35 online_cpus=4
[    4.804130][   T75] sh (75) used greatest stack depth: 14448 bytes left
[    4.808830][   T72] sh (72) used greatest stack depth: 14400 bytes left
[    4.811821][   T73] sh (73) used greatest stack depth: 14128 bytes left
PROOF ch36 cpu0 timer_delta=33
PROOF ch36 cpu1 timer_delta=37
PROOF ch36 cpu2 timer_delta=50
PROOF ch36 cpu3 timer_delta=32
PROOF ch36 ipi_delta=24
PROOF done
