[    0.000000][    T0] Booting Linux on physical CPU 0x0000000000 [0x000f0510]
[    0.000000][    T0] Linux version 6.1.79-g2dca19b0a7e6-dirty (root@DESKTOP-S9EMU7O) (aarch64-buildroot-linux-gnu-gcc.br_real (Buildroot 2021.11-11272-ge2962af) 12.3.0, GNU ld (GNU Binutils) 2.41) #1 SMP PREEMPT Wed Jul  1 19:46:52 UTC 2026
[    0.000000][    T0] random: crng init done
[    0.000000][    T0] Machine model: linux,dummy-virt
[    0.000000][    T0] Stack Depot is disabled
[    0.000000][    T0] KVM is not available. Ignoring kvm-arm.mode
[    0.000000][    T0] earlycon: pl11 at MMIO 0x0000000009000000 (options '')
[    0.000000][    T0] printk: bootconsole [pl11] enabled
[    0.000000][    T0] efi: UEFI not found.
[    0.000000][    T0] Zone ranges:
[    0.000000][    T0]   DMA32    [mem 0x0000000040000000-0x00000000bfffffff]
[    0.000000][    T0]   Normal   empty
[    0.000000][    T0]   Device   empty
[    0.000000][    T0] Movable zone start for each node
[    0.000000][    T0] Early memory node ranges
[    0.000000][    T0]   node   0: [mem 0x0000000040000000-0x00000000bfffffff]
[    0.000000][    T0] Initmem setup node 0 [mem 0x0000000040000000-0x00000000bfffffff]
[    0.000000][    T0] cma: Reserved 16 MiB at 0x00000000bc800000
[    0.000000][    T0] psci: probing for conduit method from DT.
[    0.000000][    T0] psci: PSCIv1.1 detected in firmware.
[    0.000000][    T0] psci: Using standard PSCI v0.2 function IDs
[    0.000000][    T0] psci: Trusted OS migration not required
[    0.000000][    T0] psci: SMC Calling Convention v1.0
[    0.000000][    T0] 'bootconfig' found on command line, but no bootconfig found
[    0.000000][    T0] percpu: Embedded 30 pages/cpu s85544 r8192 d29144 u122880
[    0.000000][    T0] Detected PIPT I-cache on CPU0
[    0.000000][    T0] CPU features: SYS_ID_AA64MMFR1_EL1[11:8]: forced to 0
[    0.000000][    T0] CPU features: detected: Address authentication (architected QARMA5 algorithm)
[    0.000000][    T0] CPU features: detected: GIC system register CPU interface
[    0.000000][    T0] CPU features: detected: Hardware dirty bit management
[    0.000000][    T0] CPU features: detected: Spectre-v4
[    0.000000][    T0] alternatives: applying boot alternatives
[    0.000000][    T0] Built 1 zonelists, mobility grouping on.  Total pages: 516096
[    0.000000][    T0] Kernel command line: console=ttynull stack_depot_disable=on cgroup_disable=pressure kasan.page_alloc.sample=10 kasan.stacktrace=off kvm-arm.mode=protected bootconfig ioremap_guard console=ttyAMA0 earlycon rdinit=/bin/sh
[    0.000000][    T0] cgroup: Disabling pressure control group feature
[    0.000000][    T0] Dentry cache hash table entries: 262144 (order: 9, 2097152 bytes, linear)
[    0.000000][    T0] Inode-cache hash table entries: 131072 (order: 8, 1048576 bytes, linear)
[    0.000000][    T0] mem auto-init: stack:all(zero), heap alloc:on, heap free:off
[    0.000000][    T0] Memory: 2010568K/2097152K available (15488K kernel code, 1898K rwdata, 5884K rodata, 3264K init, 619K bss, 70200K reserved, 16384K cma-reserved)
[    0.000000][    T0] SLUB: HWalign=64, Order=0-3, MinObjects=0, CPUs=4, Nodes=1
[    0.000000][    T0] trace event string verifier disabled
[    0.000000][    T0] rcu: Preemptible hierarchical RCU implementation.
[    0.000000][    T0] rcu: 	RCU event tracing is enabled.
[    0.000000][    T0] rcu: 	RCU restricting CPUs from NR_CPUS=32 to nr_cpu_ids=4.
[    0.000000][    T0] rcu: 	RCU priority boosting: priority 1 delay 500 ms.
[    0.000000][    T0] 	Trampoline variant of Tasks RCU enabled.
[    0.000000][    T0] 	Tracing variant of Tasks RCU enabled.
[    0.000000][    T0] rcu: RCU calculated value of scheduler-enlistment delay is 25 jiffies.
[    0.000000][    T0] rcu: Adjusting geometry for rcu_fanout_leaf=16, nr_cpu_ids=4
[    0.000000][    T0] NR_IRQS: 64, nr_irqs: 64, preallocated irqs: 0
[    0.000000][    T0] GICv3: 256 SPIs implemented
[    0.000000][    T0] GICv3: 0 Extended SPIs implemented
[    0.000000][    T0] Root IRQ handler: gic_handle_irq
[    0.000000][    T0] GICv3: GICv3 features: 16 PPIs
[    0.000000][    T0] GICv3: CPU0: found redistributor 0 region 0:0x00000000080a0000
[    0.000000][    T0] ITS [mem 0x08080000-0x0809ffff]
[    0.000000][    T0] ITS@0x0000000008080000: allocated 8192 Devices @420e0000 (indirect, esz 8, psz 64K, shr 1)
[    0.000000][    T0] ITS@0x0000000008080000: allocated 8192 Interrupt Collections @420f0000 (flat, esz 8, psz 64K, shr 1)
[    0.000000][    T0] GICv3: using LPI property table @0x0000000042100000
[    0.000000][    T0] GICv3: CPU0: using allocated LPI pending table @0x0000000042110000
[    0.000000][    T0] rcu: srcu_init: Setting srcu_struct sizes based on contention.
[    0.000000][    T0] arch_timer: cp15 timer(s) running at 62.50MHz (virt).
[    0.000000][    T0] clocksource: arch_sys_counter: mask: 0x1ffffffffffffff max_cycles: 0x1cd42e208c, max_idle_ns: 881590405314 ns
[    0.000084][    T0] sched_clock: 57 bits at 63MHz, resolution 16ns, wraps every 4398046511096ns
[    0.005216][    T0] kfence: initialized - using 524288 bytes for 63 objects at 0x(____ptrval____)-0x(____ptrval____)
[    0.019047][    T0] Calibrating delay loop (skipped), value calculated using timer frequency.. 125.00 BogoMIPS (lpj=250000)
[    0.024623][    T0] pid_max: default: 32768 minimum: 301
[    0.029756][    T0] LSM: Security Framework initializing
[    0.032050][    T0] SELinux:  Initializing.
[    0.038413][    T0] Mount-cache hash table entries: 4096 (order: 3, 32768 bytes, linear)
[    0.039685][    T0] Mountpoint-cache hash table entries: 4096 (order: 3, 32768 bytes, linear)
[    0.091157][    T1] cacheinfo: Unable to detect cache hierarchy for CPU 0
[    0.109066][    T1] cblist_init_generic: Setting adjustable number of callback queues.
[    0.112126][    T1] cblist_init_generic: Setting shift to 2 and lim to 1.
[    0.115744][    T1] cblist_init_generic: Setting adjustable number of callback queues.
[    0.117034][    T1] cblist_init_generic: Setting shift to 2 and lim to 1.
[    0.124699][    T1] rcu: Hierarchical SRCU implementation.
[    0.126106][    T1] rcu: 	Max phase no-delay instances is 1000.
[    0.158225][    T1] dyndbg: Ignore empty _ddebug table in a CONFIG_DYNAMIC_DEBUG_CORE build
[    0.161930][    T1] Platform MSI: its@8080000 domain created
[    0.163472][    T1] PCI/MSI: /intc@8000000/its@8080000 domain created
[    0.165590][    T1] EFI services will not be available.
[    0.174956][    T1] smp: Bringing up secondary CPUs ...
[    0.196960][    T0] Detected PIPT I-cache on CPU1
[    0.203907][    T0] cacheinfo: Unable to detect cache hierarchy for CPU 1
[    0.204549][    T0] GICv3: CPU1: found redistributor 1 region 0:0x00000000080c0000
[    0.206085][    T0] GICv3: CPU1: using allocated LPI pending table @0x0000000042120000
[    0.209182][    T0] CPU1: Booted secondary processor 0x0000000001 [0x000f0510]
[    0.224483][    T0] Detected PIPT I-cache on CPU2
[    0.232929][    T0] cacheinfo: Unable to detect cache hierarchy for CPU 2
[    0.233117][    T0] GICv3: CPU2: found redistributor 2 region 0:0x00000000080e0000
[    0.233364][    T0] GICv3: CPU2: using allocated LPI pending table @0x0000000042130000
[    0.234112][    T0] CPU2: Booted secondary processor 0x0000000002 [0x000f0510]
[    0.245614][    T0] Detected PIPT I-cache on CPU3
[    0.246777][    T0] cacheinfo: Unable to detect cache hierarchy for CPU 3
[    0.246937][    T0] GICv3: CPU3: found redistributor 3 region 0:0x0000000008100000
[    0.247236][    T0] GICv3: CPU3: using allocated LPI pending table @0x0000000042140000
[    0.248217][    T0] CPU3: Booted secondary processor 0x0000000003 [0x000f0510]
[    0.250255][    T1] smp: Brought up 1 node, 4 CPUs
[    0.264782][    T1] SMP: Total of 4 processors activated.
[    0.265591][    T1] CPU features: detected: Branch Target Identification
[    0.266697][    T1] CPU features: detected: 32-bit EL0 Support
[    0.267301][    T1] CPU features: detected: 32-bit EL1 Support
[    0.267892][    T1] CPU features: detected: ARMv8.4 Translation Table Level
[    0.268571][    T1] CPU features: detected: Data cache clean to the PoU not required for I/D coherence
[    0.269604][    T1] CPU features: detected: Common not Private translations
[    0.270142][    T1] CPU features: detected: CRC32 instructions
[    0.270492][    T1] CPU features: detected: E0PD
[    0.271309][    T1] CPU features: detected: Enhanced Privileged Access Never
[    0.272033][    T1] CPU features: detected: Enhanced Virtualization Traps
[    0.272437][    T1] CPU features: detected: Fine Grained Traps
[    0.272925][    T1] CPU features: detected: Generic authentication (architected QARMA5 algorithm)
[    0.273518][    T1] CPU features: detected: RCpc load-acquire (LDAPR)
[    0.274417][    T1] CPU features: detected: LSE atomic instructions
[    0.275764][    T1] CPU features: detected: Privileged Access Never
[    0.276355][    T1] CPU features: detected: RAS Extension Support
[    0.276772][    T1] CPU features: detected: Random Number Generator
[    0.277331][    T1] CPU features: detected: Speculation barrier (SB)
[    0.277714][    T1] CPU features: detected: Stage-2 Force Write-Back
[    0.278468][    T1] CPU features: detected: Trap EL0 IMPLEMENTATION DEFINED functionality
[    0.279292][    T1] CPU features: detected: TLB range maintenance instructions
[    0.280407][    T1] CPU features: detected: Scalable Matrix Extension
[    0.280822][    T1] CPU features: detected: FA64
[    0.281151][    T1] CPU features: detected: Speculative Store Bypassing Safe (SSBS)
[    0.281973][    T1] CPU features: detected: Scalable Vector Extension
[    0.301475][    T1] SVE: maximum available vector length 256 bytes per vector
[    0.305383][    T1] SVE: default vector length 64 bytes per vector
[    0.307640][    T1] SME: minimum available vector length 16 bytes per vector
[    0.309180][    T1] SME: maximum available vector length 256 bytes per vector
[    0.309832][    T1] SME: default vector length 32 bytes per vector
[    0.310824][    T1] CPU: All CPU(s) started at EL1
[    0.311483][    T1] alternatives: applying system-wide alternatives
[    0.591857][    T1] devtmpfs: initialized
[    0.678947][    T1] Registered cp15_barrier emulation handler
[    0.680490][    T1] Registered setend emulation handler
[    0.686453][    T1] clocksource: jiffies: mask: 0xffffffff max_cycles: 0xffffffff, max_idle_ns: 7645041785100000 ns
[    0.689915][    T1] futex hash table entries: 1024 (order: 4, 65536 bytes, linear)
[    0.704344][    T1] pinctrl core: initialized pinctrl subsystem
[    0.735391][    T1] NET: Registered PF_NETLINK/PF_ROUTE protocol family
[    0.793428][    T1] DMA: preallocated 256 KiB GFP_KERNEL pool for atomic allocations
[    0.798742][    T1] DMA: preallocated 256 KiB GFP_KERNEL|GFP_DMA32 pool for atomic allocations
[    0.802968][    T1] audit: initializing netlink subsys (disabled)
[    0.810801][   T38] audit: type=2000 audit(0.516:1): state=initialized audit_enabled=0 res=1
[    0.828694][    T1] thermal_sys: Registered thermal governor 'step_wise'
[    0.828827][    T1] thermal_sys: Registered thermal governor 'user_space'
[    0.829431][    T1] thermal_sys: Registered thermal governor 'power_allocator'
[    0.831655][    T1] cpuidle: using governor menu
[    0.839542][    T1] hw-breakpoint: found 6 breakpoint and 4 watchpoint registers.
[    0.846217][    T1] ASID allocator initialised with 65536 entries
[    0.849959][    T1] Serial: AMBA PL011 UART driver
[    0.997364][    T1] 9000000.pl011: ttyAMA0 at MMIO 0x9000000 (irq = 13, base_baud = 0) is a PL011 rev1
[    1.001074][    T1] printk: console [ttyAMA0] enabled
[    1.001074][    T1] printk: console [ttyAMA0] enabled
[    1.003216][    T1] printk: bootconsole [pl11] disabled
[    1.003216][    T1] printk: bootconsole [pl11] disabled
[    1.044299][    T1] KASLR enabled
[    1.289602][    T1] iommu: Default domain type: Translated 
[    1.290956][    T1] iommu: DMA domain TLB invalidation policy: strict mode 
[    1.304015][    T1] SCSI subsystem initialized
[    1.309590][    T1] usbcore: registered new interface driver usbfs
[    1.312120][    T1] usbcore: registered new interface driver hub
[    1.314151][    T1] usbcore: registered new device driver usb
[    1.321150][    T1] mc: Linux media interface: v0.10
[    1.322806][    T1] videodev: Linux video capture interface: v2.00
[    1.326250][    T1] EDAC MC: Ver: 3.0.0
[    1.354115][    T1] Advanced Linux Sound Architecture Driver Initialized.
[    1.392566][    T1] clocksource: Switched to clocksource arch_sys_counter
[    1.405695][    T1] VFS: Disk quotas dquot_6.6.0
[    1.406985][    T1] VFS: Dquot-cache hash table entries: 512 (order 0, 4096 bytes)
[    1.448247][    T1] NET: Registered PF_INET protocol family
[    1.452228][    T1] IP idents hash table entries: 32768 (order: 6, 262144 bytes, linear)
[    1.477738][    T1] tcp_listen_portaddr_hash hash table entries: 1024 (order: 2, 16384 bytes, linear)
[    1.487525][    T1] Table-perturb hash table entries: 65536 (order: 6, 262144 bytes, linear)
[    1.490221][    T1] TCP established hash table entries: 16384 (order: 5, 131072 bytes, linear)
[    1.492759][    T1] TCP bind hash table entries: 16384 (order: 7, 524288 bytes, linear)
[    1.494304][    T1] TCP: Hash tables configured (established 16384 bind 16384)
[    1.498674][    T1] UDP hash table entries: 1024 (order: 3, 32768 bytes, linear)
[    1.500709][    T1] UDP-Lite hash table entries: 1024 (order: 3, 32768 bytes, linear)
[    1.505361][    T1] NET: Registered PF_UNIX/PF_LOCAL protocol family
[    1.507324][    T1] NET: Registered PF_XDP protocol family
[    1.509135][    T1] PCI: CLS 0 bytes, default 64
[    1.520462][   T10] Trying to unpack rootfs image as initramfs...
[    1.556768][    T1] hw perfevents: enabled with armv8_pmuv3 PMU driver, 7 counters available
[    1.574748][   T10] Freeing initrd memory: 796K
[    1.578653][    T1] kvm [1]: HYP mode not available
[    1.618918][    T1] workingset: timestamp_bits=46 max_order=19 bucket_order=0
[    1.846275][    T1] fuse: init (API version 7.37)
[    2.007037][    T1] Key type asymmetric registered
[    2.009017][    T1] Asymmetric key parser 'x509' registered
[    2.013185][    T1] Block layer SCSI generic (bsg) driver version 0.4 loaded (major 241)
[    2.033756][    T1] io scheduler mq-deadline registered
[    2.035234][    T1] io scheduler kyber registered
[    2.043473][    T1] io scheduler bfq registered
[    2.097905][    T1] pl061_gpio 9030000.pl061: PL061 GPIO chip registered
[    2.106923][    T1] pci-host-generic 4010000000.pcie: host bridge /pcie@10000000 ranges:
[    2.109575][    T1] pci-host-generic 4010000000.pcie:       IO 0x003eff0000..0x003effffff -> 0x0000000000
[    2.111695][    T1] pci-host-generic 4010000000.pcie:      MEM 0x0010000000..0x003efeffff -> 0x0010000000
[    2.114085][    T1] pci-host-generic 4010000000.pcie:      MEM 0x8000000000..0xffffffffff -> 0x8000000000
[    2.115665][    T1] pci-host-generic 4010000000.pcie: Memory resource size exceeds max for 32 bits
[    2.120608][    T1] pci-host-generic 4010000000.pcie: ECAM at [mem 0x4010000000-0x401fffffff] for [bus 00-ff]
[    2.126134][    T1] pci-host-generic 4010000000.pcie: PCI host bridge to bus 0000:00
[    2.127706][    T1] pci_bus 0000:00: root bus resource [bus 00-ff]
[    2.129687][    T1] pci_bus 0000:00: root bus resource [io  0x0000-0xffff]
[    2.131022][    T1] pci_bus 0000:00: root bus resource [mem 0x10000000-0x3efeffff]
[    2.132933][    T1] pci_bus 0000:00: root bus resource [mem 0x8000000000-0xffffffffff]
[    2.136727][    T1] pci 0000:00:00.0: [1b36:0008] type 00 class 0x060000
[    2.144945][    T1] pci 0000:00:01.0: [1af4:1000] type 00 class 0x020000
[    2.146406][    T1] pci 0000:00:01.0: reg 0x10: [io  0x0000-0x001f]
[    2.147400][    T1] pci 0000:00:01.0: reg 0x14: [mem 0x00000000-0x00000fff]
[    2.149351][    T1] pci 0000:00:01.0: reg 0x20: [mem 0x00000000-0x00003fff 64bit pref]
[    2.150724][    T1] pci 0000:00:01.0: reg 0x30: [mem 0x00000000-0x0007ffff pref]
[    2.173605][    T1] pci 0000:00:01.0: BAR 6: assigned [mem 0x10000000-0x1007ffff pref]
[    2.176645][    T1] pci 0000:00:01.0: BAR 4: assigned [mem 0x8000000000-0x8000003fff 64bit pref]
[    2.179321][    T1] pci 0000:00:01.0: BAR 1: assigned [mem 0x10080000-0x10080fff]
[    2.181912][    T1] pci 0000:00:01.0: BAR 0: assigned [io  0x1000-0x101f]
[    2.258409][    T1] printk: console [ttynull0] enabled
[    2.275220][   T20] cacheinfo: Unable to detect cache hierarchy for CPU 0
[    2.503046][    T1] brd: module loaded
[    2.771451][    T1] loop: module loaded
[    2.829709][    T1] wireguard: WireGuard 1.0.0 loaded. See www.wireguard.com for information.
[    2.831201][    T1] wireguard: Copyright (C) 2015-2019 Jason A. Donenfeld <Jason@zx2c4.com>. All Rights Reserved.
[    2.858055][    T1] tun: Universal TUN/TAP device driver, 1.6
[    2.878844][    T1] usbcore: registered new interface driver uas
[    2.881542][    T1] usbcore: registered new interface driver usb-storage
[    2.897739][    T1] usbcore: registered new interface driver xpad
[    2.920941][    T1] rtc-pl031 9010000.pl031: registered as rtc0
[    2.922660][    T1] rtc-pl031 9010000.pl031: setting system clock to 2026-10-08T09:55:30 UTC (1791453330)
[    2.926140][    T1] gspca_main: v2.14.0 registered
[    2.927690][    T1] usbcore: registered new interface driver uvcvideo
[    2.933083][    T1] device-mapper: uevent: version 1.0.3
[    2.939642][    T1] device-mapper: ioctl: 4.47.0-ioctl (2022-07-28) initialised: dm-devel@redhat.com
[    2.957358][    T1] sdhci: Secure Digital Host Controller Interface driver
[    2.958564][    T1] sdhci: Copyright(c) Pierre Ossman
[    2.959324][    T1] sdhci-pltfm: SDHCI platform and OF driver helper
[    2.968511][    T1] hid: raw HID events driver (C) Jiri Kosina
[    3.002349][    T1] usbcore: registered new interface driver usbhid
[    3.003403][    T1] usbhid: USB HID core driver
[    3.012923][    T1] ashmem: initialized
[    3.018787][    T1] gnss: GNSS driver registered with major 506
[    3.028904][    T1] usbcore: registered new interface driver snd-usb-audio
[    3.038374][    T1] GACT probability NOT on
[    3.039479][    T1] Mirror/redirect action on
[    3.041768][    T1] netem: version 1.3
[    3.044323][    T1] u32 classifier
[    3.045090][    T1]     input device check on
[    3.046018][    T1]     Actions configured
[    3.076835][    T1] xt_time: kernel timezone is -0000
[    3.079120][    T1] ipip: IPv4 and MPLS over IPv4 tunneling driver
[    3.089311][    T1] gre: GRE over IPv4 demultiplexor driver
[    3.090491][    T1] ip_gre: GRE over IPv4 tunneling driver
[    3.112435][    T1] IPv4 over IPsec tunneling driver
[    3.123078][    T1] Initializing XFRM netlink socket
[    3.124593][    T1] IPsec XFRM device driver
[    3.137400][    T1] NET: Registered PF_INET6 protocol family
[    3.181424][    T1] Segment Routing with IPv6
[    3.182628][    T1] In-situ OAM (IOAM) with IPv6
[    3.186307][    T1] mip6: Mobile IPv6
[    3.198678][    T1] sit: IPv6, IPv4 and MPLS over IPv4 tunneling driver
[    3.213752][    T1] ip6_gre: GRE over IPv6 tunneling driver
[    3.222204][    T1] NET: Registered PF_PACKET protocol family
[    3.223354][    T1] NET: Registered PF_KEY protocol family
[    3.245627][    T1] registered taskstats version 1
[    3.247517][    T1] page_owner is disabled
[    3.250933][    T1] Key type .fscrypt registered
[    3.251535][    T1] Key type fscrypt-provisioning registered
[    3.278052][    T1] input: gpio-keys as /devices/platform/gpio-keys/input/input0
[    3.299230][    T1] ALSA device list:
[    3.300293][    T1]   No soundcards found.
[    3.313733][    T1] uart-pl011 9000000.pl011: no DMA platform data
[    3.384752][    T1] Freeing unused kernel memory: 3264K
[    3.387620][    T1] Run /bin/sh as init process

PROOF ch34 userspace=1 kernel=6.1.79-g2dca19b0a7e6-dirty machine=aarch64 pid=1
PROOF ch35 online_cpus=4
[    3.658041][   T71] sh (71) used greatest stack depth: 13968 bytes left
PROOF ch36 cpu0 timer_delta=57
PROOF ch36 cpu1 timer_delta=38
PROOF ch36 cpu2 timer_delta=30
PROOF ch36 cpu3 timer_delta=41
PROOF ch36 ipi_delta=23
PROOF done
