[    0.000000][    T0] Booting Linux on physical CPU 0x0000000000 [0x000f0510]
[    0.000000][    T0] Linux version 6.1.79-g2dca19b0a7e6-dirty (root@DESKTOP-S9EMU7O) (aarch64-buildroot-linux-gnu-gcc.br_real (Buildroot 2021.11-11272-ge2962af) 12.3.0, GNU ld (GNU Binutils) 2.41) #1 SMP PREEMPT Wed Jul  1 19:46:52 UTC 2026
[    0.000000][    T0] random: crng init done
[    0.000000][    T0] Machine model: linux,dummy-virt
[    0.000000][    T0] Stack Depot is disabled
[    0.000000][    T0] KVM is not available. Ignoring kvm-arm.mode
[    0.000000][    T0] earlycon: pl11 at MMIO 0x0000000009000000 (options '')
[    0.000000][    T0] printk: bootconsole [pl11] enabled
[    0.000000][    T0] efi: UEFI not found.
[    0.000000][    T0] Zone ranges:
[    0.000000][    T0]   DMA32    [mem 0x0000000040000000-0x00000000bfffffff]
[    0.000000][    T0]   Normal   empty
[    0.000000][    T0]   Device   empty
[    0.000000][    T0] Movable zone start for each node
[    0.000000][    T0] Early memory node ranges
[    0.000000][    T0]   node   0: [mem 0x0000000040000000-0x00000000bfffffff]
[    0.000000][    T0] Initmem setup node 0 [mem 0x0000000040000000-0x00000000bfffffff]
[    0.000000][    T0] cma: Reserved 16 MiB at 0x00000000bc800000
[    0.000000][    T0] psci: probing for conduit method from DT.
[    0.000000][    T0] psci: PSCIv1.1 detected in firmware.
[    0.000000][    T0] psci: Using standard PSCI v0.2 function IDs
[    0.000000][    T0] psci: Trusted OS migration not required
[    0.000000][    T0] psci: SMC Calling Convention v1.0
[    0.000000][    T0] 'bootconfig' found on command line, but no bootconfig found
[    0.000000][    T0] percpu: Embedded 30 pages/cpu s85544 r8192 d29144 u122880
[    0.000000][    T0] Detected PIPT I-cache on CPU0
[    0.000000][    T0] CPU features: SYS_ID_AA64MMFR1_EL1[11:8]: forced to 0
[    0.000000][    T0] CPU features: detected: Address authentication (architected QARMA5 algorithm)
[    0.000000][    T0] CPU features: detected: GIC system register CPU interface
[    0.000000][    T0] CPU features: detected: Hardware dirty bit management
[    0.000000][    T0] CPU features: detected: Spectre-v4
[    0.000000][    T0] alternatives: applying boot alternatives
[    0.000000][    T0] Built 1 zonelists, mobility grouping on.  Total pages: 516096
[    0.000000][    T0] Kernel command line: console=ttynull stack_depot_disable=on cgroup_disable=pressure kasan.page_alloc.sample=10 kasan.stacktrace=off kvm-arm.mode=protected bootconfig ioremap_guard console=ttyAMA0 earlycon rdinit=/bin/sh
[    0.000000][    T0] cgroup: Disabling pressure control group feature
[    0.000000][    T0] Dentry cache hash table entries: 262144 (order: 9, 2097152 bytes, linear)
[    0.000000][    T0] Inode-cache hash table entries: 131072 (order: 8, 1048576 bytes, linear)
[    0.000000][    T0] mem auto-init: stack:all(zero), heap alloc:on, heap free:off
[    0.000000][    T0] Memory: 2010568K/2097152K available (15488K kernel code, 1898K rwdata, 5884K rodata, 3264K init, 619K bss, 70200K reserved, 16384K cma-reserved)
[    0.000000][    T0] SLUB: HWalign=64, Order=0-3, MinObjects=0, CPUs=4, Nodes=1
[    0.000000][    T0] trace event string verifier disabled
[    0.000000][    T0] rcu: Preemptible hierarchical RCU implementation.
[    0.000000][    T0] rcu: 	RCU event tracing is enabled.
[    0.000000][    T0] rcu: 	RCU restricting CPUs from NR_CPUS=32 to nr_cpu_ids=4.
[    0.000000][    T0] rcu: 	RCU priority boosting: priority 1 delay 500 ms.
[    0.000000][    T0] 	Trampoline variant of Tasks RCU enabled.
[    0.000000][    T0] 	Tracing variant of Tasks RCU enabled.
[    0.000000][    T0] rcu: RCU calculated value of scheduler-enlistment delay is 25 jiffies.
[    0.000000][    T0] rcu: Adjusting geometry for rcu_fanout_leaf=16, nr_cpu_ids=4
[    0.000000][    T0] NR_IRQS: 64, nr_irqs: 64, preallocated irqs: 0
[    0.000000][    T0] GICv3: 256 SPIs implemented
[    0.000000][    T0] GICv3: 0 Extended SPIs implemented
[    0.000000][    T0] Root IRQ handler: gic_handle_irq
[    0.000000][    T0] GICv3: GICv3 features: 16 PPIs
[    0.000000][    T0] GICv3: CPU0: found redistributor 0 region 0:0x00000000080a0000
[    0.000000][    T0] ITS [mem 0x08080000-0x0809ffff]
[    0.000000][    T0] ITS@0x0000000008080000: allocated 8192 Devices @420e0000 (indirect, esz 8, psz 64K, shr 1)
[    0.000000][    T0] ITS@0x0000000008080000: allocated 8192 Interrupt Collections @420f0000 (flat, esz 8, psz 64K, shr 1)
[    0.000000][    T0] GICv3: using LPI property table @0x0000000042100000
[    0.000000][    T0] GICv3: CPU0: using allocated LPI pending table @0x0000000042110000
[    0.000000][    T0] rcu: srcu_init: Setting srcu_struct sizes based on contention.
[    0.000000][    T0] arch_timer: cp15 timer(s) running at 62.50MHz (virt).
[    0.000000][    T0] clocksource: arch_sys_counter: mask: 0x1ffffffffffffff max_cycles: 0x1cd42e208c, max_idle_ns: 881590405314 ns
[    0.000106][    T0] sched_clock: 57 bits at 63MHz, resolution 16ns, wraps every 4398046511096ns
[    0.007631][    T0] kfence: initialized - using 524288 bytes for 63 objects at 0x(____ptrval____)-0x(____ptrval____)
[    0.031674][    T0] Calibrating delay loop (skipped), value calculated using timer frequency.. 125.00 BogoMIPS (lpj=250000)
[    0.041053][    T0] pid_max: default: 32768 minimum: 301
[    0.047930][    T0] LSM: Security Framework initializing
[    0.051318][    T0] SELinux:  Initializing.
[    0.059329][    T0] Mount-cache hash table entries: 4096 (order: 3, 32768 bytes, linear)
[    0.061055][    T0] Mountpoint-cache hash table entries: 4096 (order: 3, 32768 bytes, linear)
[    0.121760][    T1] cacheinfo: Unable to detect cache hierarchy for CPU 0
[    0.137675][    T1] cblist_init_generic: Setting adjustable number of callback queues.
[    0.139167][    T1] cblist_init_generic: Setting shift to 2 and lim to 1.
[    0.145454][    T1] cblist_init_generic: Setting adjustable number of callback queues.
[    0.146392][    T1] cblist_init_generic: Setting shift to 2 and lim to 1.
[    0.154673][    T1] rcu: Hierarchical SRCU implementation.
[    0.155454][    T1] rcu: 	Max phase no-delay instances is 1000.
[    0.179930][    T1] dyndbg: Ignore empty _ddebug table in a CONFIG_DYNAMIC_DEBUG_CORE build
[    0.182228][    T1] Platform MSI: its@8080000 domain created
[    0.183787][    T1] PCI/MSI: /intc@8000000/its@8080000 domain created
[    0.186350][    T1] EFI services will not be available.
[    0.199645][    T1] smp: Bringing up secondary CPUs ...
[    0.232475][    T0] Detected PIPT I-cache on CPU1
[    0.238507][    T0] cacheinfo: Unable to detect cache hierarchy for CPU 1
[    0.239151][    T0] GICv3: CPU1: found redistributor 1 region 0:0x00000000080c0000
[    0.240946][    T0] GICv3: CPU1: using allocated LPI pending table @0x0000000042120000
[    0.243349][    T0] CPU1: Booted secondary processor 0x0000000001 [0x000f0510]
[    0.261066][    T0] Detected PIPT I-cache on CPU2
[    0.262489][    T0] cacheinfo: Unable to detect cache hierarchy for CPU 2
[    0.262659][    T0] GICv3: CPU2: found redistributor 2 region 0:0x00000000080e0000
[    0.263027][    T0] GICv3: CPU2: using allocated LPI pending table @0x0000000042130000
[    0.263572][    T0] CPU2: Booted secondary processor 0x0000000002 [0x000f0510]
[    0.278564][    T0] Detected PIPT I-cache on CPU3
[    0.280015][    T0] cacheinfo: Unable to detect cache hierarchy for CPU 3
[    0.280237][    T0] GICv3: CPU3: found redistributor 3 region 0:0x0000000008100000
[    0.280534][    T0] GICv3: CPU3: using allocated LPI pending table @0x0000000042140000
[    0.281417][    T0] CPU3: Booted secondary processor 0x0000000003 [0x000f0510]
[    0.283601][    T1] smp: Brought up 1 node, 4 CPUs
[    0.304053][    T1] SMP: Total of 4 processors activated.
[    0.305629][    T1] CPU features: detected: Branch Target Identification
[    0.306707][    T1] CPU features: detected: 32-bit EL0 Support
[    0.307769][    T1] CPU features: detected: 32-bit EL1 Support
[    0.309411][    T1] CPU features: detected: ARMv8.4 Translation Table Level
[    0.310766][    T1] CPU features: detected: Data cache clean to the PoU not required for I/D coherence
[    0.313312][    T1] CPU features: detected: Common not Private translations
[    0.314287][    T1] CPU features: detected: CRC32 instructions
[    0.315310][    T1] CPU features: detected: E0PD
[    0.316002][    T1] CPU features: detected: Enhanced Privileged Access Never
[    0.317414][    T1] CPU features: detected: Enhanced Virtualization Traps
[    0.318093][    T1] CPU features: detected: Fine Grained Traps
[    0.319098][    T1] CPU features: detected: Generic authentication (architected QARMA5 algorithm)
[    0.320476][    T1] CPU features: detected: RCpc load-acquire (LDAPR)
[    0.322175][    T1] CPU features: detected: LSE atomic instructions
[    0.323293][    T1] CPU features: detected: Privileged Access Never
[    0.324184][    T1] CPU features: detected: RAS Extension Support
[    0.325060][    T1] CPU features: detected: Random Number Generator
[    0.326502][    T1] CPU features: detected: Speculation barrier (SB)
[    0.327664][    T1] CPU features: detected: Stage-2 Force Write-Back
[    0.328720][    T1] CPU features: detected: Trap EL0 IMPLEMENTATION DEFINED functionality
[    0.330282][    T1] CPU features: detected: TLB range maintenance instructions
[    0.331995][    T1] CPU features: detected: Scalable Matrix Extension
[    0.332712][    T1] CPU features: detected: FA64
[    0.333457][    T1] CPU features: detected: Speculative Store Bypassing Safe (SSBS)
[    0.334836][    T1] CPU features: detected: Scalable Vector Extension
[    0.349877][    T1] SVE: maximum available vector length 256 bytes per vector
[    0.354903][    T1] SVE: default vector length 64 bytes per vector
[    0.358930][    T1] SME: minimum available vector length 16 bytes per vector
[    0.359413][    T1] SME: maximum available vector length 256 bytes per vector
[    0.360126][    T1] SME: default vector length 32 bytes per vector
[    0.361323][    T1] CPU: All CPU(s) started at EL1
[    0.362580][    T1] alternatives: applying system-wide alternatives
[    0.643778][    T1] devtmpfs: initialized
[    0.765203][    T1] Registered cp15_barrier emulation handler
[    0.767076][    T1] Registered setend emulation handler
[    0.776327][    T1] clocksource: jiffies: mask: 0xffffffff max_cycles: 0xffffffff, max_idle_ns: 7645041785100000 ns
[    0.788850][    T1] futex hash table entries: 1024 (order: 4, 65536 bytes, linear)
[    0.817515][    T1] pinctrl core: initialized pinctrl subsystem
[    0.852777][    T1] NET: Registered PF_NETLINK/PF_ROUTE protocol family
[    0.910897][    T1] DMA: preallocated 256 KiB GFP_KERNEL pool for atomic allocations
[    0.915346][    T1] DMA: preallocated 256 KiB GFP_KERNEL|GFP_DMA32 pool for atomic allocations
[    0.918958][    T1] audit: initializing netlink subsys (disabled)
[    0.930346][   T38] audit: type=2000 audit(0.592:1): state=initialized audit_enabled=0 res=1
[    0.952326][    T1] thermal_sys: Registered thermal governor 'step_wise'
[    0.952727][    T1] thermal_sys: Registered thermal governor 'user_space'
[    0.953373][    T1] thermal_sys: Registered thermal governor 'power_allocator'
[    0.957673][    T1] cpuidle: using governor menu
[    0.967075][    T1] hw-breakpoint: found 6 breakpoint and 4 watchpoint registers.
[    0.971996][    T1] ASID allocator initialised with 65536 entries
[    0.975847][    T1] Serial: AMBA PL011 UART driver
[    1.114682][    T1] 9000000.pl011: ttyAMA0 at MMIO 0x9000000 (irq = 13, base_baud = 0) is a PL011 rev1
[    1.118974][    T1] printk: console [ttyAMA0] enabled
[    1.118974][    T1] printk: console [ttyAMA0] enabled
[    1.121795][    T1] printk: bootconsole [pl11] disabled
[    1.121795][    T1] printk: bootconsole [pl11] disabled
[    1.185264][    T1] KASLR enabled
[    1.501659][    T1] iommu: Default domain type: Translated 
[    1.502595][    T1] iommu: DMA domain TLB invalidation policy: strict mode 
[    1.515553][    T1] SCSI subsystem initialized
[    1.520092][    T1] usbcore: registered new interface driver usbfs
[    1.522148][    T1] usbcore: registered new interface driver hub
[    1.524370][    T1] usbcore: registered new device driver usb
[    1.529338][    T1] mc: Linux media interface: v0.10
[    1.532981][    T1] videodev: Linux video capture interface: v2.00
[    1.535842][    T1] EDAC MC: Ver: 3.0.0
[    1.553251][    T1] Advanced Linux Sound Architecture Driver Initialized.
[    1.594844][    T1] clocksource: Switched to clocksource arch_sys_counter
[    1.606925][    T1] VFS: Disk quotas dquot_6.6.0
[    1.608415][    T1] VFS: Dquot-cache hash table entries: 512 (order 0, 4096 bytes)
[    1.640307][    T1] NET: Registered PF_INET protocol family
[    1.655976][    T1] IP idents hash table entries: 32768 (order: 6, 262144 bytes, linear)
[    1.682876][    T1] tcp_listen_portaddr_hash hash table entries: 1024 (order: 2, 16384 bytes, linear)
[    1.684875][    T1] Table-perturb hash table entries: 65536 (order: 6, 262144 bytes, linear)
[    1.687681][    T1] TCP established hash table entries: 16384 (order: 5, 131072 bytes, linear)
[    1.689525][    T1] TCP bind hash table entries: 16384 (order: 7, 524288 bytes, linear)
[    1.692407][    T1] TCP: Hash tables configured (established 16384 bind 16384)
[    1.696976][    T1] UDP hash table entries: 1024 (order: 3, 32768 bytes, linear)
[    1.699518][    T1] UDP-Lite hash table entries: 1024 (order: 3, 32768 bytes, linear)
[    1.703682][    T1] NET: Registered PF_UNIX/PF_LOCAL protocol family
[    1.705374][    T1] NET: Registered PF_XDP protocol family
[    1.707522][    T1] PCI: CLS 0 bytes, default 64
[    1.733311][   T10] Trying to unpack rootfs image as initramfs...
[    1.751128][    T1] hw perfevents: enabled with armv8_pmuv3 PMU driver, 7 counters available
[    1.755205][    T1] kvm [1]: HYP mode not available
[    1.807375][   T10] Freeing initrd memory: 796K
[    1.808810][    T1] workingset: timestamp_bits=46 max_order=19 bucket_order=0
[    2.046805][    T1] fuse: init (API version 7.37)
[    2.217748][    T1] Key type asymmetric registered
[    2.219885][    T1] Asymmetric key parser 'x509' registered
[    2.222341][    T1] Block layer SCSI generic (bsg) driver version 0.4 loaded (major 241)
[    2.232562][    T1] io scheduler mq-deadline registered
[    2.233642][    T1] io scheduler kyber registered
[    2.239122][    T1] io scheduler bfq registered
[    2.265130][    T1] pl061_gpio 9030000.pl061: PL061 GPIO chip registered
[    2.273334][    T1] pci-host-generic 4010000000.pcie: host bridge /pcie@10000000 ranges:
[    2.276355][    T1] pci-host-generic 4010000000.pcie:       IO 0x003eff0000..0x003effffff -> 0x0000000000
[    2.279215][    T1] pci-host-generic 4010000000.pcie:      MEM 0x0010000000..0x003efeffff -> 0x0010000000
[    2.281221][    T1] pci-host-generic 4010000000.pcie:      MEM 0x8000000000..0xffffffffff -> 0x8000000000
[    2.284155][    T1] pci-host-generic 4010000000.pcie: Memory resource size exceeds max for 32 bits
[    2.287046][    T1] pci-host-generic 4010000000.pcie: ECAM at [mem 0x4010000000-0x401fffffff] for [bus 00-ff]
[    2.291990][    T1] pci-host-generic 4010000000.pcie: PCI host bridge to bus 0000:00
[    2.293654][    T1] pci_bus 0000:00: root bus resource [bus 00-ff]
[    2.295892][    T1] pci_bus 0000:00: root bus resource [io  0x0000-0xffff]
[    2.297334][    T1] pci_bus 0000:00: root bus resource [mem 0x10000000-0x3efeffff]
[    2.299075][    T1] pci_bus 0000:00: root bus resource [mem 0x8000000000-0xffffffffff]
[    2.303135][    T1] pci 0000:00:00.0: [1b36:0008] type 00 class 0x060000
[    2.311936][    T1] pci 0000:00:01.0: [1af4:1000] type 00 class 0x020000
[    2.313488][    T1] pci 0000:00:01.0: reg 0x10: [io  0x0000-0x001f]
[    2.315285][    T1] pci 0000:00:01.0: reg 0x14: [mem 0x00000000-0x00000fff]
[    2.316635][    T1] pci 0000:00:01.0: reg 0x20: [mem 0x00000000-0x00003fff 64bit pref]
[    2.318472][    T1] pci 0000:00:01.0: reg 0x30: [mem 0x00000000-0x0007ffff pref]
[    2.335347][    T1] pci 0000:00:01.0: BAR 6: assigned [mem 0x10000000-0x1007ffff pref]
[    2.337256][    T1] pci 0000:00:01.0: BAR 4: assigned [mem 0x8000000000-0x8000003fff 64bit pref]
[    2.338509][    T1] pci 0000:00:01.0: BAR 1: assigned [mem 0x10080000-0x10080fff]
[    2.340131][    T1] pci 0000:00:01.0: BAR 0: assigned [io  0x1000-0x101f]
[    2.384901][    T1] printk: console [ttynull0] enabled
[    2.397295][   T20] cacheinfo: Unable to detect cache hierarchy for CPU 0
[    2.598519][    T1] brd: module loaded
[    2.829795][    T1] loop: module loaded
[    2.875972][    T1] wireguard: WireGuard 1.0.0 loaded. See www.wireguard.com for information.
[    2.877053][    T1] wireguard: Copyright (C) 2015-2019 Jason A. Donenfeld <Jason@zx2c4.com>. All Rights Reserved.
[    2.902304][    T1] tun: Universal TUN/TAP device driver, 1.6
[    2.922617][    T1] usbcore: registered new interface driver uas
[    2.924662][    T1] usbcore: registered new interface driver usb-storage
[    2.932051][    T1] usbcore: registered new interface driver xpad
[    2.949613][    T1] rtc-pl031 9010000.pl031: registered as rtc0
[    2.952027][    T1] rtc-pl031 9010000.pl031: setting system clock to 2026-10-08T09:55:24 UTC (1791453324)
[    2.956139][    T1] gspca_main: v2.14.0 registered
[    2.957774][    T1] usbcore: registered new interface driver uvcvideo
[    2.964304][    T1] device-mapper: uevent: version 1.0.3
[    2.971636][    T1] device-mapper: ioctl: 4.47.0-ioctl (2022-07-28) initialised: dm-devel@redhat.com
[    2.985963][    T1] sdhci: Secure Digital Host Controller Interface driver
[    2.987552][    T1] sdhci: Copyright(c) Pierre Ossman
[    2.988327][    T1] sdhci-pltfm: SDHCI platform and OF driver helper
[    2.996464][    T1] hid: raw HID events driver (C) Jiri Kosina
[    3.018324][    T1] usbcore: registered new interface driver usbhid
[    3.019335][    T1] usbhid: USB HID core driver
[    3.025409][    T1] ashmem: initialized
[    3.030676][    T1] gnss: GNSS driver registered with major 506
[    3.039090][    T1] usbcore: registered new interface driver snd-usb-audio
[    3.047485][    T1] GACT probability NOT on
[    3.048765][    T1] Mirror/redirect action on
[    3.050906][    T1] netem: version 1.3
[    3.053226][    T1] u32 classifier
[    3.053710][    T1]     input device check on
[    3.055004][    T1]     Actions configured
[    3.096103][    T1] xt_time: kernel timezone is -0000
[    3.098647][    T1] ipip: IPv4 and MPLS over IPv4 tunneling driver
[    3.108262][    T1] gre: GRE over IPv4 demultiplexor driver
[    3.109311][    T1] ip_gre: GRE over IPv4 tunneling driver
[    3.131767][    T1] IPv4 over IPsec tunneling driver
[    3.142742][    T1] Initializing XFRM netlink socket
[    3.144005][    T1] IPsec XFRM device driver
[    3.156071][    T1] NET: Registered PF_INET6 protocol family
[    3.197876][    T1] Segment Routing with IPv6
[    3.199748][    T1] In-situ OAM (IOAM) with IPv6
[    3.204397][    T1] mip6: Mobile IPv6
[    3.217561][    T1] sit: IPv6, IPv4 and MPLS over IPv4 tunneling driver
[    3.238749][    T1] ip6_gre: GRE over IPv6 tunneling driver
[    3.250712][    T1] NET: Registered PF_PACKET protocol family
[    3.252207][    T1] NET: Registered PF_KEY protocol family
[    3.283673][    T1] registered taskstats version 1
[    3.287331][    T1] page_owner is disabled
[    3.293033][    T1] Key type .fscrypt registered
[    3.294913][    T1] Key type fscrypt-provisioning registered
[    3.320369][    T1] input: gpio-keys as /devices/platform/gpio-keys/input/input0
[    3.356065][    T1] ALSA device list:
[    3.357074][    T1]   No soundcards found.
[    3.369126][    T1] uart-pl011 9000000.pl011: no DMA platform data
[    3.497378][    T1] Freeing unused kernel memory: 3264K
[    3.502813][    T1] Run /bin/sh as init process

PROOF ch34 userspace=1 kernel=6.1.79-g2dca19b0a7e6-dirty machine=aarch64 pid=1
PROOF ch35 online_cpus=4
[    3.797078][   T71] sh (71) used greatest stack depth: 13680 bytes left
PROOF ch36 cpu0 timer_delta=31
PROOF ch36 cpu1 timer_delta=27
PROOF ch36 cpu2 timer_delta=36
PROOF ch36 cpu3 timer_delta=49
PROOF ch36 ipi_delta=24
PROOF done
