UD2 - 0e2a1c21 0ea11c00 0e205800 2e202800 2e602801 0e0c0421 2e606801 1e260029
UD2 - 0e205800 2e202800 2e602801 0e0c0421 2e606801 1e26002a 531d714a 11005d4a
UD2 - 0e0c0442 2e606802 1e260048 531d7108 11005d08 121c1908 1a881120
UD2 - 9b087d6c 4e181d65 9bca7d8b d34efd6b 4ee184a5 cb0b7d6b 8b0b0199 6e61d8a5
UD2 - 4e181f26 4ee184c6 6e61d8c6 6e63dcc6 4e65d4c5 6e64fca5 4e65d4a5 4e62d4a6
UD2 - 0ea21c00 0e205800 2e202800 2e602802 0e0c0442 2e606802 1e260048 531d7108
UD2 - 00000000 1e602008 9e660008
UD2 - 0e241c21 0ea11c00 0e205800 2e202800 2e602801 0e0c0421 2e606801 1e26002a
UD2 - aa1303e2 0ea11c00 0e205800 2e202800 2e602801 0e0c0421 2e606801 1e26002c
UD2 - 00000000 9e670060 9e670021 0f008465 52800029 6f00e424 2a1f03e8 4e181c80
UD2 - 2ea04822 5280040a 0f010403 4b090149 4ea09800 7100011f 6ea484a4 1a8903e8
UD2 - 6f00e400 2a1f03e8 2a1f03e9 6ea04801 5ac0110a 4f010402 5280040b 7100011f
UD2 - 00000000 9e660000
UD2 - 00000000 2a1f03e2
UD2 - 4e080d05 0ea26402 0ea36c23 0ea22064 4ee434a5 4e180486 0ea128a5 4ea41cc4
FAIL 2ea13881 2ea13881 0e833844 2f20a400 2a080128 0e837842 4ea01c20 2f20a483 0e040d05
FAIL 2ea13842 2ea13842 4ea31c42 2f20a4a1 4f7f5421 4ee0a821 6ee11c40 4f600401 9e660009
UD2 - 0ea36c21 4e080d03 0ea02022 4ee23463 4e180444 0ea12863 4ea21c82 0e0c0465
PARTIAL 7ee3d483 9e66006b d2e0020c 7ee3d483 924c296b 9e670186 9e670165 d2e79e2b 1e6620a0
PARTIAL 7ee4d464 9e66008b 9e670186 7ee4d464 924c296b 9e670165 d2e79e2b 1e6620a0 1e654cc5
PARTIAL 7ee8d541 9e670102 1e6b0961 1e610968 1e6d09aa 7ee8d541 1e622020
PARTIAL 7ee9d581 d2e7d008 7ee9d581 1e602148 1e600960 9e670102 1a9f17e8 1e622020 1e693801
PARTIAL 7eead503 1e624c62 9e670103 d2e79e28 1e632040 1e624c62 9e670103 1e630842 7eead503
PARTIAL 7ee1d401 9e66002c 9e670123 7ee1d401 924c298c 9e670182 1e632040 1e624c62 9e670143
PARTIAL 7eead422 1e604c40 9e670102 d2e79e28 1e622000 1e604c40 9e670102 1e620800 7eead422
PARTIAL 7eead402 1e614c41 9e670102 d2e79e28 1e622020 1e614c41 9e670102 1e620821 7eead402
PARTIAL 7ee1d401 9e660028 d2e00209 7ee1d401 924c2908 9e670123 9e670102 9e660008 1e632040
UD2 - 00000000 1e2e1001 1e212000
PARTIAL 7ea1d653 1e300892 1e3228b2 1e320a12 1e322872 1e320a12 7ea1d653 1e3320e0 1e27ce67
UD2 - 1e214233 1e20ce00 1e212240 1e334e32 1e2220e0 1e260a31 1e322a12 1e32c604
PARTIAL 7ee0d420 9e660008 d2e00209 7ee0d420 924c2908 9e670123 9e670102 9e660028 1e632040
UD2 - 1e635424 1e610c61 1e60c020 1e642000
UD2 - 5fa79886 5fa59884 0f839021 0e22d403 6e0c04c2 6e040491 4ea11c32 4ea11c33
UD2 - 1e204440 1a9f97e9 7100011f 1a9f07e8 0a080128
PARTIAL 2ee41c60 7200017f 5a9f03ea 0e040d44 2ee41c60 2ee41c41 eb08001f
UD2 - d37ff909 f140411f 52a00048 9a898108 9e03fd00 91000d08 927ef108 9e390009
UD2 - 1e230420 1e2e1003 1a881128 1e232040 321f0109 1e2304a0 1a881134
PARTIAL 0e617821 0e21d401 0e22d400 7101011f 1a9f27e9 0e617821 0e617800 0e040d22 53067d09
UD2 - 721d011f 52a87008 1e2b0404 1e270101 1e21c400 1a9f57e8 12000108 9101837b
UD2 - 1e231440 1e219c00 1e204001 910cc3e8
FAIL 0e617800 0e617800 4e61d400 0e040d21 4e619800 0e616800 2e21dc01 1e604020
FAIL 0e617821 0e617821 4e62d421 0e040d02 52800028 4e619821 0e616821 2e22dc22 1e604041
FAIL 0e616800 0e616800 5e0c0401 1e26000a 0a2a02ca 1e26002b 7100015f 0a2b02ca 7a401944
PARTIAL 0e616801 1e611841 4fc19000 0e616801 2f00e400 1e26002a 6a2a013f
PARTIAL 7ea9d562 1e201820 1e223901 1e270123 9101229b 1e200820 1e2e1001 1e222800 7ea9d562
PARTIAL 0e616800 7e70d821 1e61c021 1e611841 4fc19000 0e616800 5e0c0401 1e26000a 0a2a016a
FAIL 0e617800 0e617800 6e60dc00 7e70d800 1e61c000 1e624000
UD2 - 2a0703fb 1e028b20 2a0603f3 2a0403f4 2a0203f8 aa0503f6 aa0303fa aa0103f7
UD2 - 0e20d440 0ea4d4a4 0e21d421 2f00e405 0e20d400 0e24d462 0f03f604 6e180422
PARTIAL 2ee21c24 6e004001 6ea1e402 6ea0e423 6e014024 6e024042 0ea31c65 2e601c25 2ee21c24
PARTIAL 0e617800 72a7a988 1e252842 6f03f405 1e6c1004 0e23d400 5e0c04c3 1e22c042 0e617800
PARTIAL 0e616800 12a62008 4e619800 1e22c021 1e624042 0e616800 1e642821 2f056624 1e237842
UD2 - 5e0c04e0 5e0c04c1 4ea71ce2 6e0c04c2 6f03f403 1e22c000 1e22c021 6e180420
FAIL 0e617841 0e617841 2f056622 4e63d400 4e63d421 4e619800 4e619821 0e616800 0e616821
PARTIAL 2ea13800 0ea2c400 0ea2c421 2f016622 0e22c400 0e22c421 0ea1b800 0ea1b821 2ea13800
UD2 - 0ea00821 0ea00802 0ea22021 4e183c28 f100051f
PARTIAL 2ea13800 6e0c0440 0ea1b800 2ea13800 4ea11c10 4e183e09 aa1403e8 9e66020a 4e180600
UD2 - 0ea12804 0ea16460 0ea46c41 0ea02022 9e660049 f100053f
UD2 - 52800028 0ea02021 4e080d02 4ee13442 0ea12842 0e0c0443 0ea31c42 1e260048
PARTIAL 0e617842 6f03f405 0e22d462 1e22c021 1e6c1003 1e242800 1e270104 12a62008 0e617842
FAIL 0e616842 0e616842 1e247821 2f056624 0ea4c442 1e654004 1e236820 2f016621 0e21c441
UD2 - 4e080d03 0ea12002 4ee23463 0ea12863 0e0c0464 0ea41c63 1e260068
UD2 - 0ea12002 4ee23463 0ea12863 0e0c0464 0ea41c63 1e260068
UD2 - 0ea36404 0ea26c25 52800028 0ea420a4 4e080d05 4ee434a5 0ea128a5 0e0c04a6
UD2 - 0e612863 0e612842 1e2120a0 6e0c2443 1e20a488 2e70a861 1a9fb7e9 1e260028
UD2 - 4f03f601 4f859003 4f879000 4e26d605 4e24d444
FAIL 0e617821 0e617821 0e617800 4ee0d420 6f03f401 6e61dc00 0e616800 1e202008
FAIL 0e6178b5 0e6178b5 0e617876 0e617890 0e617851 aa0003e9 910043ee 6f03f418 aa1f03ed
PARTIAL 0e616a94 6e0c247b 5e0c04e8 4ea11c38 0e616a94 0e36d4b5 0ebcd779 0e3cd77b 5e0c075c
UD2 - 2f00e402 1e200842 5fa09042 1e210842 5fa19042 1e222040
PARTIAL 0e617842 0e23d442 1e6c1003 6f03f405 1e270104 1e22c021 0e617842 1e242800 1e632821
PARTIAL 0e616842 4e65d442 1e654021 1e22c000 4e619842 12b62008 1e624021 1e270104 0e616842
PARTIAL 2ea13821 1e237842 1e270103 1e236842 6e0c0422 0ea1b841 2ea13821 4ea01c20 4e183c00
FAIL 0e617842 0e617842 1e632821 4e64d442
UD2 - 1e2038a7 1e203890 1e3008e7 1e2020e8 1e209484
UD2 - 2f00e400 1e222060 1a9fd7e9 1e20d4a4 1a9fd7ea 1e2020a8 1a8a4129 7100013f
UD2 - 1e2320a0 1e263884 1e210620 1a9f17ed 1e232200 1a9f17ee 6a0d01df 1e311c84
FAIL 2ea0ec20 2ea0ec20 0ea0f823 0ea01c01 2e621c60 2e631c41 2e24dc21 0e21d400 1e2e1001
PARTIAL 7eb8d4b2 1e20c090 1e20c071 1e3e1013 7eb8d4b2 1e20c0c6 1e20c0e7 d102c3ab 1e312200
PARTIAL 7eb7d451 1e304e30 7eb7d451 1e332200 1a9fd7e8 1e33ce10 1e322220 1e314e51 1e312200
UD2 - 2e34de73 2e35ded4 0e34d673 0e0c0674 2e33fe93 1e2e1014 1e202268 1e34a662
PARTIAL 0e616800 1e61c021 1e611841 4fc19000 0e616800 1e260008 6a28031f
PARTIAL 7ea8d445 1e252080 5280006e 1e244ca4 7ea8d445 1e352080 1a9fd7e9 1e35cc84 1e3420a0
FAIL 7eaad675 7eaad675 1e254e85 7ea8d654 1e252080 1e244ca4 1a894189 1e352280 1e344ea5
PARTIAL 7ea1d646 1e252080 1a8941c9 1e244ca4 1e2720c0 1e264ce5 7ea1d646 7ea0d667 1e252080
UD2 - 5e0c0670 1e301a73 1e202268 1e34a662
UD2 - 1e2020a8 2f00e405 1e2504e0 1a9f17e8
UD2 - 2f00e400 1e202068 1e200420 1a9f17e9
UD2 - 1e2e1010 1e2020c8 1e30a4c2
PARTIAL 0e616800 7e70d821 1e61c021 1e611841 4fc19000 0e616800 1e260009 6a29011f
UD2 - 9e670301 0f07f603 9e670385 0f829021 0e040442 0e21d424 0e23d442 9e670363
UD2 - 0f8090a5 0e24d421 0e25d442 0f809021 0f809040 0f03f602 0e23d421 0e22d400
PARTIAL 0e616800 0ea00902 4fc19000 2f00e401 0e616800 6e040481 5e0c0403 1e260008 0a280128
PARTIAL 2ee31c01 1e202008 1a9f17e8 1e202068 1a8813e8 0e040d03 0f3f5463 0ea0a863 2ee31c01
PARTIAL 0e616801 0ea00902 4fc19000 0e616801 2f00e400 5e0c0423 1e260028 6e040480 0a280128
PARTIAL 2ee31c20 1e202028 1a9f17e8 1e202068 1a8813e8 0e040d03 0f3f5463 0ea0a863 2ee31c20
UD2 - 6e040487 6e040410 0ea3d446 0eb0d4f2 1e260a27 5fb29250 1e3038f3 5e0c0647
PARTIAL 0e616801 1e611841 4fc19000 0e616801 2f00e400 5e0c0422 1e260028 6e040460 0a280128
PARTIAL 2ee21c20 1e202028 1a9f17e8 1e202048 1a8813e8 0e040d02 0f3f5442 0ea0a842 2ee21c20
FAIL 0e617884 0e617884 6e64dc85 7e70d8a5 1e61c0a5 1e651863 4fc39083 0e616863 5e0c0464
UD2 - 1e202228 1e32a622
UD2 - 1e2638e5 1e260847 5fa290c2 1e250863 1e250a05 1e2328e3 1e252842 1e203863
FAIL 0e6178c6 0e6178c6 6e66dcc7 7e70d8e7 1e61c0e7 1e6718a5 4fc590c5 0e6168a5 1e2600aa
FAIL 2ee41c62 2ee41c62 2e25dc42 7e30d842 1e202048
UD2 - 0ea4d465 5e0c04a7 2f00e410 1e2020e8 0ea4d447 1e3004a0 5a9f03e8 0e040d10
PARTIAL 0e616801 4fc19000 0e616801 2f00e400 5e0c0422 1e260028 6e040460 0a280128 1e26004a
PARTIAL 7ea8d400 1e2e1000 1e270101 7ea8d400 1e212000
PARTIAL 7ea0d463 1e2e1003 1e270104 7ea0d463 1e242060
PARTIAL 7ea3d421 1e220800 7ea3d421 1e202020
PARTIAL 0e617800 0ea5d400 0f819000 0e617800 6e60dc01 7e70d821 1e61c021 1e611841 1e600822
UD2 - 5fc09821 1e624040 1e624021 1e260009 1e26002b 0a290149 7100013f 0a2b0149
UD2 - 1e202168 1a9f07eb 1e202188 1a9f056b 1e2021e8 2a0b014a 321e014b 1e2005c0
UD2 - 0ea2c400 0ea2c421 2f016622 0e22c400 0e22c422 0ea1b801 0ea1b840 0ea12002
UD2 - 0f03f603 52aff008 6e0c04a4 2e24fc64 1e26008a 6a2a011f
PARTIAL 0e617a94 4eb31e76 6e0404f2 6e1806b6 0e617a94 0e617a52 4eb41e98 6e080678 6e144257
PARTIAL 0e617ab5 4e080659 6e72de92 6e0806b9 4ea21c55 6e0c24d5 6e77ded4 6e79df16 0e617ab5
UD2 - 6e1404b3 4e912ab5 6e1806d4 6e1c0473 5fa690d6 6e1c0615 1e300890 6e31de91
PARTIAL 0e617a37 5fa69066 1e220863 5fa29082 1e22c0e7 0e617a37 1e333a04 1e2638a5 1e353a90
FAIL 4e617a31 4e617a31 1e223862 1e670a47 4fd292e6 1e22c083 1e22c210 1e22c0a5 1e22c042
FAIL 0e6168c4 0e6168c4 4fd29226 1e630a53 1e700a50 1e650a54 1e620a51 4ea41c95 0e6168c3
PARTIAL 2ea13821 0ea2c400 2f016622 0e22c421 0e22c400 0ea1b821 0ea1b800 2ea13821 2f20a400
FAIL 0e6178e7 0e6178e7 4ec67812 4fc490c4 4fc29002 1e712a10 1e670821 5fc79863 5fc798c6
FAIL 0e616840 0e616840 1e624030 1e2328a2 1e624083 6f00e401 1e6240c4 1e3028e5 6e140440
UD2 - 6e23de03 5fa49224 6e22dcc2 6e37dca5 7e30d800 6e21de81 4e22d463 1e242802
UD2 - 2a1f03f9 aa1f03fa 9104e318 1e03f328 2a1f03fb d503201f 1e03f369 2a1f03fc
PARTIAL 6e613a54 6f08a481 4ea61e86 4ea51e05 4eb11e70 2f08a471 6e613a54 2e613a52 6f10a423
PARTIAL 2e613a33 2f10a421 2e613a33 6e613a31 4eb21ca5 2f08a492 4f385463 4f385421 4eb41e10
PARTIAL 0e616800 1e624021 0e616800 1e237821 1e270103 0ea2c400 2f016622 1e236821 0e22c400
FAIL 0e617800 0e617800 6e62dc00 9e670102 12b62008 1e620821 1e6c1002 4e63d400 1e622821
PARTIAL 0e616800 2f056622 4e619800 1e654021 0e616800 1e624021 0ea2c400 1e270102 12a62008
FAIL 0e617863 0e617863 1e22c042 6f03f404 1e612841 4e64d463 4e619862 1e654023 0e616841
PARTIAL 7ea3d426 1e22c061 1e6c1005 1e652821 1e654021 1e624021 7ea3d426 1e2420c0
PARTIAL 7ea3d4a3 5e0c0463 1e22c066 1e6528c5 1e6540a5 1e6240a5 7ea3d4a3 1e242060
PARTIAL 7ea2d462 1e22c043 1e6c1006 1e662863 1e654063 1e624063 7ea2d462 1e242040
UD2 - 1e2e1003 2f00e404 52801808 528001e9 1e232040 1e240420 1e240400 1a881128
UD2 - 910103e8 2f00e40a 4f03f600 0f0167eb 9100c109 9100d118 1e2e1008 1e2c1009
UD2 - 4e32d463 4e22d4a2 4e24d4c4 4e21d400 4e23d621 4f03f603 4e20d440 4e21d481
PARTIAL 6eb6ec9e 4eb91f3b 6e23dc9c 6e36debd 6eb6ec9e 6e04473b 6ea3eebf 4ebdd79c 4ebe1fdd
UD2 - 6e23df03 6ea0fb1d 6ea0fae9 4f03f619 4ea3d6a3 4e9a6b5a 6e691fbe 6ebb1d19
UD2 - 2e25dca0 1e270110 1e3020e0 1e270107 7e30d811 0ea2d420 1e275628
UD2 - 0eb3d610 2e31de31 2e30de10 1e3108f1 1e3008e7 1e282220 1e2844e0
UD2 - 0f03f700 2f00e411 7100287f 2e20dca7 2e20dcc6 0e27d420 0e26d445 0ea5d410
UD2 - 0e25d410 0f0167f1 2e31de13 0ea1d670 5fa79211 0fb090f0 1e303a31 0ea008d0
UD2 - 0e20d4a0 5fa09005 5e0c0406 1e21c0a5 1e2528a5 1e2528c5 1e252800 1e282000
FAIL 7ea1b800 7ea1b800 7e21d800 1e210800 1e2e1001 1e212000 1e20cc20 2f00e401 1e216800
UD2 - 1e2022a0 1e200420
UD2 - 0f20a421 2ea03020 4e080d01 4ee03421 0ea12821 0e0c0422 0ea21c21 1e260028
FAIL 7ea1d4a5 7ea1d4a5 1e2620a0
PARTIAL 7ea2d4c6 1e22c046 1e6c1005 1e6528c6 1e6540c6 1e6240c6 7ea2d4c6 1e2420c0
PARTIAL 7ea3d4a5 1e22c066 52800048 1e6528c5 1e6540a5 1e6240a5 7ea3d4a5 1e2420a0
FAIL 7ea4d4a0 7ea4d4a0 7ea6d4e1 910b83fb 1e202020 1e204c20 1e2e1001 1e212000
UD2 - 0f20a463 2ea13061 4e080d03 4ee13463 0ea12863 0e0c0466 0ea61c63 1e260068
FAIL 7eb5d6c3 7eb5d6c3 7ea4d4a1 1e232020 1e234c23 1e2e1001 1e212060
UD2 - 4f03f607 4f939001 4f949000 4e23d4c3 4e24d4a4
PARTIAL 7ea4d463 1e320a63 1e340a24 52a67009 7ea4d463 1e270124 1e242060
UD2 - 1e2e1003 2f00e404 52801808 528001e9 1e232120 1e240500 1e240440 1a881129
UD2 - 1e2e1004 2f00e405 52801808 528001e9 1e242120 1e250500 1e250440 1a881128
UD2 - 1e260008 0e0c3c09 2ea13042 2f20a421 4ee23463 4e180440 4e183c2a aa098108
UD2 - 1e22ccc2 1e23ccc3 1e252040 1e24a462 1a9f87e9
UD2 - 1e224484 1a9fd7e9 1e272200 1e260863 1e27cc62 1e30cc63
UD2 - 1e26ce46 1e27ce47 1e3120c0 1e30a4e2 1a9f87eb
UD2 - 1e264604 1a9fd7eb 1e332280 1e3208e7 1e33cce6 1e34cce7
PARTIAL 7ea0d4a6 1e22c006 1e6528c5 1e6540a5 1e6240a5 7ea0d4a6 1e3020c0
PARTIAL 7ea2d4d1 1e22c046 1e6c1007 1e6728c6 1e6540c6 1e6240c6 7ea2d4d1 1e302220
PARTIAL 7ea3d4f1 1e22c071 52800048 1e672a27 1e6540e7 1e6240e7 7ea3d4f1 1e302220
FAIL 7ea4d4a0 7ea4d4a0 7ea6d4e1 1e202020 1e204c20 1e2e1001 1e212000
UD2 - 4f03f611 4f859001 4f879000 4e26d603 4e24d442
UD2 - 1e270101 1e216800 1e380008 12185d14 1e02c280 1e2009af 1e211000 1e2009e0
PARTIAL 0e61680a 6e61dc00 0e61680a
PARTIAL 5ea1b8c7 1e3068a5 1e3068e4 5ea1b8c7 5ea1b8b0 1e380088 5e21d8e4 0b080509 5e21da07
UD2 - 9e670110 12b00008 0ea110c1 0ea210c2 6ef08484 6ef084a5 0ea310c3 0ea010c6
UD2 - 4f03f601 6e24fc21 6e21dc42 6e21dc00 4e803841 4e806843 4e802844 4e807845
UD2 - 4eb01e17 0e8738d9 0e8778c6 6e0426d7 6e0c0616 4ea00850 4ea00807 4f03f614
PARTIAL 2ef31f26 5e0c04e3 6e34dc00 2ef31f26 2eb2e4b3 4e22d602 5e0c0630 1e2320e0 4e20d480
FAIL 7ea1d486 7ea1d486 1e2720c0
PARTIAL 7ea0d4a6 1e22c006 1e270107 1e6528c5 1e6540a5 1e6240a5 7ea0d4a6 1e2720c0
PARTIAL 7ea2d4d0 1e22c046 1e6c1007 1e270111 1e6728c6 1e6540c6 1e6240c6 7ea2d4d0 1e312200
PARTIAL 7ea3d4f0 1e22c070 1e270111 52800048 1e672a07 1e6540e7 1e6240e7 7ea3d4f0 1e312200
PARTIAL 7ea1d403 2a1f03e8 52a73009 7ea1d403 1e270124 1e242060
FAIL 7ea3d441 7ea3d441 1e270123 1e232020
PARTIAL 7ebbd75c 1e310a3b 1e320aba 7ebbd75c 1e3e2380
PARTIAL 7eacd576 1e38094b 7eacd576 1e2d22c0
UD2 - 4ea4d421 4f03f604 4f9a9042 4f8590c6 4f9a9063 4f859021 4ea2d485 4ea6d487
PARTIAL 7ea0d464 52a73008 7ea0d464 1e270105 1e252080
FAIL 7ea2d420 7ea2d420 1e270101 1e212000
PARTIAL 7ea0d420 1e20c000 7ea0d420
PARTIAL 2ee41c65 2e23dc03 0e0c0464 0ea00865 2ea4e464 0e040484 2ee41c65 1e2e1003 1e2320a0
UD2 - 1e202008 2f00e410 1a9f17e8 1e202028 1a9f1509 1e202068 1e301444 1a9f07ea
UD2 - 1e212060 1a9f07e8 1e2020c8 1e301484 1a9f07eb 1e2320c0 2a0b014a 1a9f0508
UD2 - 1e202040 1a9f0508 1e222080 1a9f0508 1e2020e8 1e3014a4 1a9f07eb 1e2420a0
UD2 - 1e252000 1a9f17e8 1e242040 1e230420 1a9f17e9 1e2620e0 1a9f17ea 0a0a0129
UD2 - 1e2020a8 1a9f07ed 1e2320c0 1e210460 1a9f17ee 1e2620e0 1a9f17ef 1e202040
UD2 - 1a8d03ed 1e242040 2a0d014a 5200014a 0a300129 0a0a018a 1e230420 2a0a0129
UD2 - 2a1f03f9 0f03f602 52800023
PARTIAL 2ee41c40 2ea2e404 2ea3e425 2ee41c40 2ea51c61 2ea0e422 0e0c3c48 1e260049 0a080128
PARTIAL 7ea0d4c1 5e0c04c0 52a73008 1e270102 7ea0d4c1 1e222020
PARTIAL 0e616840 1e22c0a5 4fc29022 4fc09020 4fc39083 4fc59081 4e63d442 4e61d401 0e616840
FAIL 0e617800 0e617800 4e61d400 0e040d21 4e619800 0e616800 2e21dc00
FAIL 0e617821 0e617821 4e62d421 0e040d02 52800028 4e619821 0e616821 2e22dc21
UD2 - 1e2e1002 5e1c0403 2f00e404 5e140400 52801808 528001e9 1e222020 1e240460
UD2 - 6e040461 6e0404e2 1a9f0529 1e2020e8 2a090108 321c0109 1e261464 6e140481
PARTIAL 0e6178a5 1e22c063 0e6178a5 52801809 1e600850 0e6178e7 4fc29022 1e630891 4ec57832
PARTIAL 0e616841 1e632800 4e64d442 1e652825 1e624203 7e70da24 1e624000 0e616841 1e6240a5
UD2 - 6e35df15 6e32dca5 6e34de27 5fb09270 6e1c0426 5fa19061 4e963ad1 4e24d6a4
UD2 - 1e2e1003 2f00e404 52801808 528001ea 1e232040 1e240420 1e240400 1a881148
UD2 - 1e223822 1e270183 1e202048 1e23c440
UD2 - 2f00e406 1e200460 6f00e402 1a9f1108 1e202088 6e040461 6e0404e2 1a9f07e9
UD2 - 1e2020a8 6e140481 1a9f0529 1e2020e8 2a090108 321c0109 1e261464 6e0c04a2
PARTIAL 0e6178a5 1e22c063 0e6178a5 52801808 1e600850 0e6178e7 4fc29022 1e630891 4ec57832
UD2 - 6e0c04b6 6e35df15 6e32dc63 6e34de27 5fb09270 6e1c0426 5fa190a1 4e963ad1
UD2 - 0e21d5e1 0f809021 0e21d5a1 1e210842 5fa19042 1e220343 1e23194b 1e2c0965
UD2 - 1e253803 0f8391c4 0e24d5e4 0f839083 2f00e404 0e23d5a3 1e230886 5fa390c6
UD2 - 1e2620c0 1e227441
UD2 - 1e252804 0f8491c5 0e25d5e5 0f8490a4 0e24d5a5 2f00e404 1e250886 5fa590c6
UD2 - d2e70a08 b2634bea b2634beb f2e8fdea f2f8fdeb 2f00e401 6f03f400 0f00f602
FAIL 0e6178e7 0e6178e7 4ee0f8f0 6ef0e490 4e701ce7 6ee5e4f0 6eb01ca7 4e66c4e7 0e6168e7
UD2 - 1e2108f1 5fa79231 1e312220
UD2 - 5fa39084 1e202088
UD2 - 1e222060 1e21c400 1a9f17e8 1e202020
UD2 - 1e232040 1e200420 1a9f57e8 1e222060
UD2 - 1e252060 1e240440 1a9f17e8
UD2 - 721e035f 1a9c0369 1a9b0388 1e220120 1e220108 1e02fd22 1e02fd03 d2a7f008
PARTIAL 7ea5d484 1e223864 1e2138a3 1e2b3985 7ea5d484 1e202080
PARTIAL 7eabd463 1e264163 7eabd463 1e202060
PARTIAL 7ea2d462 1e264043 7ea2d462 1e202040
PARTIAL 7ea1d441 1e264022 7ea1d441 1e202020
FAIL 5ea1b801 5ea1b801 5e21d821 1e212000
UD2 - 2e24dc66 5fa390b1 7e30d8c7 1e312a06 1e2020e8
PARTIAL 2ee31c40 0e21d8a4 2ea61c01 2ee31c40 2ea1e482 0e28c400 2ee21c81 2ea0e420 0e0c0401
UD2 - 5e0c0400 5e0c0421 1e232000 1e249428
PARTIAL 0e616800 1e611861 4fc19000 2f00e401 0e616800 6e040481 5e0c0403 1e260008 0a280128
UD2 - 00000000 1e602000 1a9f77e0
UD2 - 52a86fe8 528001c1 4e040d01 6e21dc00 4f0167e1 4e21d400 6ea1b800 0e612800
PARTIAL 2ee31c41 2ea1e443 2ee31c41 0f3f5482 2ea08842 0e221c21 6e180421 4e21d402 4ea1d400
UD2 - 1e210400 1a9f57f7
PARTIAL 7ea1d400 12001d29 1e270181 2a0a0129 1e270120 52824de9 72a75069 7ea1d400 1e270121
FAIL 7ea1d401 7ea1d401 1e270142 1e222020
FAIL 7ea0d420 7ea0d420 1e270141 1e212000
FAIL 7ea1d401 7ea1d401 1e222020 1a88c3e8 7100011f 1a9fd7ea 7100051f 1a9f17e8 7100013f
FAIL 7ea3d403 7ea3d403 1e222060
UD2 - 1e220121 1e201000 1e220102 7100045f 1a9f17e9 0f07f605 0f03f603 9101c274
PARTIAL 5ea1b842 1e212842 1e212863 1e212881 6b0c016b 5ea1b842 5ea1b800 1e380069 1e38002a
FAIL 5e21d842 5e21d842 5e21d800 1e203848
UD2 - 4f03f611 4f859001 4f879000 4e30d4c3 4e22d482
UD2 - 0ea36400 0f20a421 2ea03020 4e080d01 4ee03421 0ea12821 0e0c0422 0ea21c21
UD2 - 1e2079c3 1e2069c2 1e2069e1 1e2079e0 6f00e404 1e222060 1e214400 1a9f57e8
PARTIAL 7eb5d682 1e362ab3 0f0167b6 1e230875 1e240a74 7eb5d682 1e362040
PARTIAL 0e616821 4e619800 0e616821 4e616801 6f056620 4ea0c420 6f016621 4e21c400 4ea1b800
FAIL 5e21d821 5e21d821 1e222060 1e206884 1e224c62 1e2120a0 1e214ca1 1e222080
FAIL 5ee1b900 5ee1b900 5e61d800
PARTIAL 0e6168a2 1e624041 0e6168a2 6e0c0480 1e2e1004 6e0c0461 2f00e403
UD2 - 1e272863 1e252842 6f00e41a 1e200420 6e040439 1a9f1108 1e202068 6e0404da
UD2 - 1e241424 1a881138
UD2 - 2f00e406 1e210600 6f00e403 1a9f1108 1e202088 6e040602 6e0404e3 1a9f07e9
UD2 - 1e2020a8 6e140482 1a9f0529 1e2020e8 2a090108 321c0109 1e261604 6e0c04a3
FAIL 0e6178c6 0e6178c6 4fc490a4 4ec57811 4fc29002 1e7028e7 1e660821 5fc69863 5fc698a5
UD2 - 4fc590c5 4ec67832 4fc39023 1e712a10 1e670842 5fc79884 5fc798c6 6e67dc21
PARTIAL 0e616862 1e624046 0e616862 1e2428e4 1e624021 1e6240a5 6f00e403 1e262a06 6e140482
UD2 - 1e300420 6e0c0462 1a9f1108 1e202068 2f00e403 1a9f07e9 1e202008 4e0c1fe0
UD2 - 6e1c04e2 1a9f0529 1e2020e8 2a090108 4e141fe0 321c0109 1e231424 6e1c0600
PARTIAL 0e617820 5fc698b1 0e617820 1e640841 1e6708a4 1e712a05 5fd298f0 5fc09851 1e6008e7
PARTIAL 4e616882 4e141fe0 1e624061 4e616882 6e1c04a0
UD2 - 5fa39243 6e26dea5 6e24de04 7e30d800 4e22d639 4e25d421 1e232800 4e24d43a
UD2 - 5fa49264 6e27dec6 6e25de25 7e30d821 4e26d446 4e23d642 1e242821 4e25d4c3
UD2 - 1e224404 1a9fd7e8 1e2520c0 1e240820 1e25cc09 1e26cc0c
UD2 - 1e22cc89 1e23cc8c 1e212120 1e20a582 1a9f87e8
UD2 - 1e24ccc8 1e25ccc4 1e212100 1e20a482 1a9f87e8
PARTIAL 0e616800 4e70d400 1e654021 1e22c042 4e619800 1e624021 1e642842 2f056624 0e616800
PARTIAL 0e617841 5e0c04e0 5e0c04c1 4ea71ce2 6e0c04c2 1e22c000 1e22c021 6e180420 0e617841
PARTIAL 0e616800 2f056622 4e70d400 4e70d421 4e619800 4e619821 0e616800 0e616821 0ea2c400
PARTIAL 2ea13800 0ea2c421 2f016622 0e22c400 0e22c421 0ea1b800 0ea1b821 2ea13800 2f20a421
UD2 - 1e310a94 1e320a72 1e360ab1 1e322280 1e31c684
PARTIAL 0e617842 529999a8 72a7a988 6f03f405 0e23d442 1e22c021 1e6c1003 1e270104 0e617842
PARTIAL 0e616842 1e270104 0e616842 1e632800 12a62008 1e247821 2f056624 0ea4c442 1e654004
PARTIAL 2ea13821 12a62008 2f20a400 1e237842 1e270103 1e236842 6e0c0422 0ea1b841 2ea13821
UD2 - 1a9f07e9 1e202008 1a9f0529 1e202088 2a090108 321c0109 1e2c1464 1a881128
FAIL 5ea1b841 5ea1b841 5e21d821 1e212040
UD2 - 00000000 1e202008
PARTIAL 7ea1d402 1e270100 1e270121 7ea1d402 1e2a2040 1e215400 1a9f57f6
UD2 - 9e670000 92401c28 f100011f 1e681400
UD2 - 9e670000 92401c28 f100011f 110006a8 1e681400
PARTIAL 0e616821 9e670001 d2dffc08 6f03f600 f2e81de8 4e181ec1 0e616821 0e617822 0ea0e821
PARTIAL 0e616821 9e670001 0f07f604 6f03f600 d2dff808 f2e81be8 4e181ec1 0e616821 0e617822
UD2 - 4e080d02 6ea11c40 6e618800 4ee1b800 0ea12800 0e0c3c08 1e260009 33103d28
UD2 - 1e03a122 1e03a103 52aff008 6e0c0462 0f2d5403 2ea43400 0ea68463 0e040d06
UD2 - 1e2408a5 1e390068 2a1303e6 2ea1b821 1e240842 2ea1b800 1e2408e4 1e3900a9
UD2 - 1e640872 1e6108e6 1e6408e7 1e640a04 5fc19863 5fc19a01 2f00e40b 4e65d400
PARTIAL 0e616806 2f00e405 1e712a50 1e662884 1e632842 1e6128e3 1e2e100a 0e616806 1e62420f
UD2 - 1e2108e7 1e210910 5fb19111 1e2109f2 2e24dc00 1e2109a4 1e210954 1e210973
FAIL 5ea1b801 5ea1b801 1e380008 11001108 5e21d821 1e212000 7a420902
UD2 - 1e211809 1e2e1000 1e202100 1e200520
PARTIAL 7ea1d401 aa1403e1 1e211800 1e264001 1e240008 7ea1d401 1e222020 1a88c3e2
PARTIAL 7ea0d440 52824de9 7ea0d440 72a75069 1e270123 1e232000
FAIL 7ea1d401 7ea1d401 1e2a2020 1e204001
FAIL 7ea1d400 7ea1d400 1e282000
UD2 - 1e21c021 5e0c0462 5fa39021 1e212841 1e202020
PARTIAL 2ee71cc5 2ea71e06 2eb11e45 2ea6e4a7 2ee71cc5 5e0c04a6 1e2620a0 1e254cc5
PARTIAL 7ea0d420 1e20c000 7ea0d420 1e270101 1e212000 1a9f87e0
FAIL 7ea0d424 7ea0d424 1e282080
FAIL 7ea3d440 7ea3d440 1e282000
UD2 - 1e232080 1e224420
UD2 - 1a9f17ee 1a9f15ad 1e202088 0a2901c9 1a8913e9 1e2520e0 1e2404c0 1a9f17ef
UD2 - 1e272220 1e260600 1a9f17f0 1e302240 1a9f17ee 1e2720a0 1e320480 1a9f17e0
UD2 - 1e212000 0a080128 52000108 2a1f03e0 1e234440 1a9f57ea 2a0b0149 2a080128
FAIL 7ea2d484 7ea2d484 1e342080
PARTIAL 7ea0d4a1 1e22c000 1e22c021 1e603820 1e630800 1e270103 1e624000 7ea0d4a1 1e232020
FAIL 7ea2d4c1 7ea2d4c1 1e270103 1e232020
FAIL 7ea0d4e1 7ea0d4e1 1e270103 1e232020
FAIL 7ea2d601 7ea2d601 1e270103 1e232020
FAIL 7ea0d621 7ea0d621 1e270103 1e232020
FAIL 7ea2d641 7ea2d641 1e270102 1e222020
FAIL 7ea0d660 7ea0d660 1e270101 1e212000
FAIL 0e617846 0e617846 4e617842 6e27dc63 4e617800 4e70d484 4e70d421 4e70d4c6 0e617867
FAIL 4e617863 4e617863 4e70d4a5 4e619821 4e70d4e7 4e70d463 4e70d442 4e6198c6 4e6198e7
PARTIAL 0e6168e7 4e70d400 4e619884 4e619863 0e6168e7 4e6198a5 0e616821 4e619842 0e6168c6
PARTIAL 0e616884 4e619800 0e616884 4e616867 4e6168a1 4e616846 4e616804 6f056623 4ea3c4e0
UD2 - 5fa79003 1e270824 1e280821 5fa79045 1e270842 1e200900 9100b369 71000b3f
UD2 - 1e222821 1e19e428 9b097d08 d360fd08 12081d15
UD2 - 5fa09020 1e203848
PARTIAL 2ee41c60 12800009 5a89152a 0ea41c81 2e601c61 2ee41c60 0f010404 0e817803 0ea48463
PARTIAL 7ea1d401 1e211800 1e270122 1e264001 1e240009 7ea1d401 1e222020 1a89c3f5 71000abf
PARTIAL 7ea6d4e6 1e2638f0 7ea6d4e6 1e270107 12800008 1e202208 1a9fd508 1e2720c0 1a8893e8
PARTIAL 7ea0d420 1e203822 7ea0d420 1e270101 12800008 1e202048 1a9fd508 1e212000 1a8893e8
UD2 - 00000000 1e22c000 1e22c021 1e22c043 52aff008 1e600802 1e610824 1e642842
UD2 - 1e2020c8 1e2254c0
UD2 - 1e2020c8 1e22d4c8
UD2 - 1e262866 1e310863 1e2618e6 1e02a507 1e3028e7 1e2328e3 1e262863 0f026466
UD2 - 1e252885 1e300884 1e2518c5 1e02a506 1e2728c6 1e2428c4 1e252884 0f026465
UD2 - 2e22dc67 2e25dcd0 5e0c04d1 5e0c0472 5e0c0455 5e0c04b6 5fa6907b 5fa390dc
UD2 - 1e263aa6 1e360a31 1e3d3b5a 1e21427d 1e373a94 1e2140f7 1e3e3b7b 5fa49075
UD2 - 1e2218a2 52a91008 0f03f604 1e270103 1e232040 1e22cc62 2f00e403 1e236842
UD2 - 1e202068 1a9f0529 1e202028 2a090108 52a7f009 321c010a 1e241404 1a881148
UD2 - 0e040d4a 72a7c9c9 52a79f4a 0f02f609 0e040d6b 2a1f03e8 0e040d2e 2a1f03fb
FAIL 7ea1d402 7ea1d402 52800049 1e292040 1e215400 1e270280 1a974328 1e270101 1e211801
UD2 - 1e2b5420 1e214d61 1e211800 1e290009 aa098114 d360fe8c 6b0c029f
FAIL 7ea0d422 7ea0d422 1e202020 1a9f57e9 6b18011f 1a9fa7e8 1e292040 1a885128 7100051f
FAIL 7ea1d441 7ea1d441 1e292020
FAIL 7ea1d401 7ea1d401 1e292020
FAIL 7ea0d420 7ea0d420 1e292000
FAIL 7ea2d401 7ea2d401 1e222000 1a9f47e8 1e292020 1a9f5516
FAIL 7ea8d401 7ea8d401 1e222020 1e285400 1a9f57f4
PARTIAL 7ea1d402 1e2702c0 1e270001 7ea1d402 1e212000 1a9f47e8 1e282040 1a9f5508 7100011f
FAIL 5ea1b822 5ea1b822 5e21d842 1e222020
PARTIAL 5e21d841 aa0803e0 1e201820 5e21d841 5e21d862 1e221821
FAIL 5e21d900 5e21d900 5e21d921 910143e0 2a1503e1
UD2 - f103fd1f 9a8a3108 f103fd3f 6ee1b821 9a8a3129 6ee13485 6ee51c81 0ea12821
UD2 - 2f0137e1 0e0c3c29 1e26002e 1e18e808 1e18e84a 6b0901df 1318550b 1318554a
UD2 - 1e252821 6f00e419 1e280400 6e040418 1a9f1129 1e202048 6e040479 6e140458
UD2 - 1a9f07ea 1e202028 6e0c0439 1a9f054a 1e202068 2a0a0129 321c012a 1e241404
UD2 - 2f00e405 1e2004e0 6f00e402 1a9f1108 1e202068 6e0404e1 6e0404c2 1a9f07e9
UD2 - 1e202088 6e140461 1a9f0529 1e2020c8 2a090108 321c0109 1e2514e4 6e0c0482
PARTIAL 0e6178e7 1e630891 0e6178e7 6f00e419 4ec67812 4fc490c4 1e712a10 4fc29002 1e670821
PARTIAL 0e616858 7e70da24 1e662800 0e616858 1e624021 1e2328a2 1e624083 1e624000 1e2128e1
PARTIAL 0e616841 1e624026 0e616841 1e2328a3 1e624084 6f00e402 1e624000 1e2628e5 6e140461
UD2 - 6e23de03 5fa49224 6e27dcc6 6e37dca5 7e30d800 6e21de81 4e26d463 4e25d458
UD2 - 6e23de03 5fa49224 6e27dcc6 6e37dca5 7e30d800 6e21de87 4e26d463 4e25d441
FAIL 7ea0d443 7ea0d443 1e212060
UD2 - 910203e9 910063ea 0f07f608 91008135 9100215a 9100a156 91008117 5280003b
UD2 - 2f00e400 1e202168 1e20c544 1e29d500 1a9f17e8
FAIL 7ea1d440 7ea1d440 1e232000
PARTIAL 7ea1d400 1e220821 1e236821 7ea1d400 1e242000 1a9f57e0
FAIL 7ea0d422 7ea0d422 1e292040
FAIL 7ea2d422 7ea2d422 1e292040
PARTIAL 7ea1d401 1e270280 1e270001 1e211800 1e264001 1e240008 7ea1d401 1e282020 7a42d908
UD2 - 00000000 1e270000 0e205800 2e303800 1e260009 f100053f
FAIL 5e21d900 5e21d900 5e21d921 d102c3a0 2a1603e1
UD2 - 1e232040 1e27c4a4
PARTIAL 5ea1b841 1e220802 1e212840 5ea1b841 1e38004a 1e260008 5e21d820 51000508 1e203840
UD2 - 6e21d863 6e24dc63
UD2 - 2f10a400 6e21d800 6e21dc00 4ea01c01 4ea01c02
UD2 - 2f10a400 6e21d841 6e21d862 6e21d805 6e21d884 4e040d03 6e23dc20 6e23dc41
UD2 - 0e241c21 2f10a442 6e21d800 4e040d04 6e21d842 2f10a421 52842108 72a6f088
UD2 - 6e24dc00 4e040d24 6e21d825 6e24dc41 4e040d02 6e22dca2
UD2 - 2f10a404 2f10a425 2f10a440 6e21d881 6e21d8a2 6e21d805 4e040d04 6e24dc20
UD2 - 6f380402 6f300404 4e211c03 6f280400 4e211c41 6f0737e4 6e21d862 6e21d821
UD2 - 6e21d884 6e21d805 4e040d03 6e23dc40 6e23dc21 6e23dc82 6e23dca3
UD2 - 6e21d863 6f003582 6e21d804 6e21d826 6e21d842 6e25dc60 4e040d03 6e25dc81
UD2 - 6e21d800 6e21d821 4e040d04 529817c8 6e24dc42 72b7e808 6e24dc00 6e24dc21
UD2 - 2f10a404 2f10a425 2f10a446 2f10a460 6e21d881 6e21d8a2 6e21d8c4 6e21d805
UD2 - 0e201804 0e201825 0e201840 2f10a481 4e040d04 2f10a4a2 2f10a400 6e21d821
UD2 - 6e21d842 6e21d805 6e24dc20 6e24dc41 6e24dca2
UD2 - 6e21d821 6e21d842 6e21d863 6e21d805 6e24dc20 6e24dc41 6e24dc62 6e24dca3
UD2 - 52824de9 6e24dc00 72a781a8 6e25dc21 72a76069 4f01f604 6e25dc42 4e040d27
UD2 - 6e39de27 72a81f2c 6f00e404 4eb5d691 4e38d694 4e2198e6 4f03f613 4eb0d4a5
UD2 - 72a77008 4f05f602 6e26dc00 4f026466 6e27dc21 4e22d4a2 4e040d07 4e26d405
UD2 - 4e040d06 4e27f484 4f03f607 4ea6f484 4ea0d8a6 4e27e4a7 4ea1b884 4ea71cc6
UD2 - 00000000 4f03d7e4 52889f28 72a7d688 529d3469 4ea11c25 72b7fb89 6f047405
UD2 - 6e26dc84 4e040d06 4e27f484 4f03f607 4ea6f484 4ea0d8a6 4e27e4a7 4ea1b884
UD2 - 00000000 4f03d7e4 52889f28 72a7d688 529d3469 4ea21c45 72b7fb89 6f047405
UD2 - 00000000 4f03d7e4 52889f28 72a7d688 529d3469 4ea31c65 72b7fb89 6f047405
UD2 - 00000000 4ea01c04 52889f28 6f047404 528e6ee9 4f016686 5297eeaa 4e21d887
UD2 - 4eb2d672 4eb8d4d8 4e39d4c6 4e31d610 4f026571 4eb8d694 4f03f613 6e31de10
UD2 - 6e3cdfdc 4eb9d759 4eb8d6b5 4ebcd610 4f02657a 4e36d736 4e32d6b2 4f03f618
UD2 - 6e30dc00 6e30dcc6 4e27f400 4f03f610 4e27f4c6 4e040d27 91004109 4ea7f400
UD2 - 6e30dc21 6e30dcc6 4e27f421 4f03f610 4e27f4c6 4e040d27 91004109 4ea7f421
UD2 - 6e30dc42 6e30dcc6 4e27f442 4f03f610 4e27f4c6 4e040d27 91004109 4ea7f442
UD2 - 6e30dc63 6e30dcc6 4e27f463 4f03f610 4e27f4c6 4e040d27 91004109 4ea7f463
UD2 - 4e3ad509 4f999059 4ebed7fe 4e21daca 4f03f604 6e29fee9 4e040d5c 4e381f38
UD2 - 4e37d4e7 72a7e62a 4e30d4e7 4f026570 4e32d4e7 6f00e412 6e30dce7 4f03f610
UD2 - 72a7e62a 4e30d4e7 4f026570 4e32d4e7 6f00e412 6e30dce7 4f03f610 4e32f4e7
UD2 - 4f01f5c4 937f7c88 4f0167e5 6e24dc00 6e24dc21 6e24dc42 6e24dc63 4e25d400
UD2 - 00000000 52a84f88 4f01f7e3 4f0167e4 4e040d05 937f7c88 6e23dc42 6e25dc21
UD2 - 00000000 52a86fe8 4f0167e3 4e040d04 0b040488 6e24dc00 8b28c068 6e24dc21
UD2 - 52980008 72a88fe8 4f00f504 4e040d05 937e7c88 6e24dc63 4f0167e4 6e25dc21
UD2 - 8b28c068 6e24dc42 4e23d400 4e23d421 4e23d442 6ea1b800 6ea1b821 6ea1b842
UD2 - 6e24dc42 6e24dc63 4e25d400 4e25d421 4e25d442 4e25d463 6ea1b800 6ea1b821
UD2 - 6ea1b842 6ea1b863 0e612800 0e612821 0e201804 0e612840 0e201825 0e612861
UD2 - 910143eb d37c7daa 4f03f601 8b2d404c 6f07e7e2 9101016e 5280002f 910043f0
UD2 - 6f3004d0 6f2804c6 4e221ce7 6f0737f0 6e21d8c6 6e21d8f1 6e21da12 6e24dcc7
UD2 - 4e221cc6 6f0737f1 6e21da10 6e21d8c6 6e21da32 6e21d8f3 6e24de10 6e24dcd1
UD2 - 6e61da31 6e61d8e7 6e61da52 6f7004d3 4e211cd0 6f6004c6 4e211e73 6e61da10
FAIL 0e616a31 0e616a31 6e61d8c6 0e6168e7 6e61da73 0e616a52 4e616a11 4e6168c7 4e616a72
UD2 - 2f10a631 2f10a4c6 2f10a4e7 2f10a610 6e21da31 6e21d8c6 6e21d8e7 6e21da12
UD2 - 1e2320e0 1e234ce3 1e222000 1e234420
UD2 - 2f00e401 1e200821 5fa09021 5f809821 5fa09820 1e202000
UD2 - 1e270000 52901028 72a77008 0e003800 4e040d01 2f07b7e0 2f10a400 6e21d800
UD2 - 1a9f812f 7216119f 1e03a1c0 0b0e354e 3301020f 1e260011 1a9111cc 2a0c01ec
UD2 - 1e03a1c0 0b0e354e 1201018c 2a0c01ec 1e260010 1a9011ce 2a0e018c 1e270180
PARTIAL 5ea1b842 1e624042 1e237842 1e270143 1e236842 5ea1b842 5e21d842 1e222020
PARTIAL 5ea1b800 1e227800 1e270142 1e226800 5ea1b800 5e21d800 1e202020 1a9f07ea
PARTIAL 2ea13800 0e22c421 0ea1b800 0ea1b821 2ea13800 2f20a421 4ea11c00 4e183c01 9e660000
UD2 - 6f00e403 aa0003f3 4e0c1c80 4e0c1c41 0ea10000 4e080d01 b26187e8 4ee03422
UD2 - 2a0503f4 4e0c1c40 4e0c1c81 0ea00020 4e080d01 b26187e8 4ee03422 6ee21c20
UD2 - 6f1c14c6 6f111485 2e302044 6e6764d6 2e312034 4e659c84 6e7664a5 2e322016
UD2 - 2f08a6b6 6f1804e7 6f180631 6f180610 6e676e39 6e67663a 2e322077 6e7634b8
UD2 - 6e796e19 6e7a661a 2e33205b 6e791f58 2e342039 4e779e10 4e7b9e31 4e799ce7
UD2 - 6e205824 4e020082 9e670004 6e221005 2e221000 2f08a482 4e639ca3 4e629c00
UD2 - 51001028 71001c3f 2a0803e1 2e20c063 2e20c084 2e214063 6e214083 4e228463
UD2 - 2e2058f0 2e20c200 2e21c201 2e22c202 2e23c203 6f182410 6f182431 6f182452
UD2 - 2e304000 6f182470 2e314021 2e324042 2e304063 2e200c80 2e210ca1 2e220cc2
UD2 - 1e2e1002 1e232881 1e222000 1e229422 1a9f87e8
UD2 - 00000000 1e2c1000 1e2c1001
PARTIAL 7ee8d521 9e670102 1e6a0941 1e610948 1e6c0989 7ee8d521 1e622020
PARTIAL 7ee9d503 1e624c62 9e670103 d2e79e28 1e632040 1e624c62 9e670103 1e630842 7ee9d503
PARTIAL 7ee4d404 9e66008d 9e670146 7ee4d404 924c29ad 9e6701a5 1e6620a0 1e654cc5 9e670166
FAIL 7ee4d464 7ee4d464 1e6320a0 1e654c65 1e6608a5
UD2 - 00000000 1e604003 1e610824 1e611000 1e620865 1f619026 1f629467 7ee5d490
PARTIAL 0ee11c61 2e205823 0e0c0463 0ee11c61 1e26002a 4b0a0108 321c0109 1a881128 52a7f009
UD2 - 1e293821 1e2a2800 1e2a2821 1e18f809 1e18b02a 8a140129 8a0b014a aa080928
PARTIAL 0e617800 0f20a442 f2e7ea08 0f20a463 d2bc0009 4e61d842 f2cc49a9 0e617800 4e61d863
FAIL 0e617821 0e617821 f2f7ea09 4e080d04 b26a67e8 f2e83be8 6e62dc02 6e63dc00 4e61d442
FAIL 0e616800 0e616800 0ea1c400 2f016621 2ea1e401 5e0c0402 1e38000b 0e0c3c28 1e380049
PARTIAL 0e617800 d2bc0008 0e617800 f2cc49a8 0f20a463 f2e7ea08 0f20a421 f2f7ea09 4e61d863
FAIL 0e617842 0e617842 4e61d821 4ee2d463 4ee2d421 6e60fc63 6e60fc20 6ee0e461 6ee3e402
FAIL 7ea4d444 7ea4d444 1e202080
PARTIAL 7ea1d481 1e2e1004 7ea1d481 1e202020
UD2 - 0ea02042 0ea10000 4ee23461 4ee03464 6e631c41 6ee41c60 4e080d02 4ee23423
PARTIAL 0e617841 4e20d420 6e184402 6f03f400 0e617841 4e617842 4e60d421 4e60d440 4e619821
UD2 - 6e0c6446 0ea4d4a4 0e040425 6e1c0447 6e30dc50 6e0c2462 6e040485 5fa19003
UD2 - 9e43d900 d10083a8 aa1803e0
UD2 - 00000000 1e202020 1e214c00 1e222000 1e224c00
FAIL 7ea1d444 7ea1d444 1e282080
UD2 - 00000000 1e20c000 1e3e1001 1e212800 1e202008 1a9f17e0
FAIL 5e21d863 5e21d863 0f809086 0f8190a0 0f829082 0e20d4c1 0e20d444 0e21d4e0 0e24d4e1
PARTIAL 2ea13800 6e040441 6e040403 0ea1b820 0ea1b861 2ea13800 2f20a421 4ea11c00 4e183c01
summary distinct_blocks=4958 ok=4503 ud2=240 partial_decode=136 translate_fail=79
