==> /usr/bin/qemu-system-aarch64 -machine virt,gic-version=3,virtualization=on -cpu max -m 4G -smp 4 -drive if=pflash,format=raw,readonly=on,file=/usr/share/AAVMF/AAVMF_CODE.fd -drive if=none,id=hd0,format=raw,file=fat:rw:/home/user/aether-files/qemu/efi -device virtio-blk-pci,drive=hd0,bootindex=0 -device loader,file=_kernel_new,addr=0x40800000,force-raw=on -serial file:/home/user/aether-files/qemu/arm-serial.log -display none -monitor none -no-reboot -device loader,file=qemu/initrd-proof.cpio,addr=0x44100000,force-raw=on
==> matched --until after 17.0s
==> serial log 18679 bytes; tail:
[    2.767338][    T1] Mirror/redirect action on
[    2.768852][    T1] netem: version 1.3
[    2.771991][    T1] u32 classifier
[    2.772501][    T1]     input device check on
[    2.773811][    T1]     Actions configured
[    2.822576][    T1] xt_time: kernel timezone is -0000
[    2.824496][    T1] ipip: IPv4 and MPLS over IPv4 tunneling driver
[    2.833961][    T1] gre: GRE over IPv4 demultiplexor driver
[    2.834621][    T1] ip_gre: GRE over IPv4 tunneling driver
[    2.857485][    T1] IPv4 over IPsec tunneling driver
[    2.868263][    T1] Initializing XFRM netlink socket
[    2.869853][    T1] IPsec XFRM device driver
[    2.883907][    T1] NET: Registered PF_INET6 protocol family
[    2.943779][    T1] Segment Routing with IPv6
[    2.945626][    T1] In-situ OAM (IOAM) with IPv6
[    2.949319][    T1] mip6: Mobile IPv6
[    2.963470][    T1] sit: IPv6, IPv4 and MPLS over IPv4 tunneling driver
[    2.983815][    T1] ip6_gre: GRE over IPv6 tunneling driver
[    2.999926][    T1] NET: Registered PF_PACKET protocol family
[    3.001868][    T1] NET: Registered PF_KEY protocol family
[    3.038543][    T1] registered taskstats version 1
[    3.043977][    T1] page_owner is disabled
[    3.050774][    T1] Key type .fscrypt registered
[    3.051639][    T1] Key type fscrypt-provisioning registered
[    3.079111][    T1] ALSA device list:
[    3.080208][    T1]   No soundcards found.
[    3.093842][    T1] uart-pl011 9000000.serial: no DMA platform data
[    3.208574][    T1] Freeing unused kernel memory: 3264K
[    3.213934][    T1] Run /bin/sh as init process

PROOF ch34 userspace=1 kernel=6.1.79-g2dca19b0a7e6-dirty machine=aarch64 pid=1
PROOF ch35 online_cpus=4
[    3.425767][   T72] sh (72) used greatest stack depth: 14400 bytes left
[    3.480038][   T74] sh (74) used greatest stack depth: 13968 bytes left
PROOF ch36 cpu0 timer_delta=27
PROOF ch36 cpu1 timer_delta=39
PROOF ch36 cpu2 timer_delta=61
PROOF ch36 cpu3 timer_delta=44
PROOF ch36 ipi_delta=27
PROOF done
